Component: ARM Compiler 5.06 update 7 (build 960) Tool: armlink [4d3601]

==============================================================================

Section Cross References

    startup_stm32h723xx.o(STACK) refers (Special) to heapauxi.o(.text) for __use_two_region_memory
    startup_stm32h723xx.o(HEAP) refers (Special) to heapauxi.o(.text) for __use_two_region_memory
    startup_stm32h723xx.o(RESET) refers (Special) to heapauxi.o(.text) for __use_two_region_memory
    startup_stm32h723xx.o(RESET) refers to startup_stm32h723xx.o(STACK) for __initial_sp
    startup_stm32h723xx.o(RESET) refers to startup_stm32h723xx.o(.text) for Reset_Handler
    startup_stm32h723xx.o(RESET) refers to stm32h7xx_it.o(i.NMI_Handler) for NMI_Handler
    startup_stm32h723xx.o(RESET) refers to stm32h7xx_it.o(i.HardFault_Handler) for HardFault_Handler
    startup_stm32h723xx.o(RESET) refers to stm32h7xx_it.o(i.MemManage_Handler) for MemManage_Handler
    startup_stm32h723xx.o(RESET) refers to stm32h7xx_it.o(i.BusFault_Handler) for BusFault_Handler
    startup_stm32h723xx.o(RESET) refers to stm32h7xx_it.o(i.UsageFault_Handler) for UsageFault_Handler
    startup_stm32h723xx.o(RESET) refers to stm32h7xx_it.o(i.SVC_Handler) for SVC_Handler
    startup_stm32h723xx.o(RESET) refers to stm32h7xx_it.o(i.DebugMon_Handler) for DebugMon_Handler
    startup_stm32h723xx.o(RESET) refers to stm32h7xx_it.o(i.PendSV_Handler) for PendSV_Handler
    startup_stm32h723xx.o(RESET) refers to stm32h7xx_it.o(i.SysTick_Handler) for SysTick_Handler
    startup_stm32h723xx.o(RESET) refers to stm32h7xx_it.o(i.FDCAN1_IT0_IRQHandler) for FDCAN1_IT0_IRQHandler
    startup_stm32h723xx.o(RESET) refers to stm32h7xx_it.o(i.FDCAN2_IT0_IRQHandler) for FDCAN2_IT0_IRQHandler
    startup_stm32h723xx.o(RESET) refers to stm32h7xx_it.o(i.TIM6_DAC_IRQHandler) for TIM6_DAC_IRQHandler
    startup_stm32h723xx.o(RESET) refers to stm32h7xx_it.o(i.FDCAN_CAL_IRQHandler) for FDCAN_CAL_IRQHandler
    startup_stm32h723xx.o(.text) refers (Special) to heapauxi.o(.text) for __use_two_region_memory
    startup_stm32h723xx.o(.text) refers to system_stm32h7xx.o(i.SystemInit) for SystemInit
    startup_stm32h723xx.o(.text) refers to __main.o(!!!main) for __main
    startup_stm32h723xx.o(.text) refers to startup_stm32h723xx.o(HEAP) for Heap_Mem
    startup_stm32h723xx.o(.text) refers to startup_stm32h723xx.o(STACK) for Stack_Mem
    main.o(i.HAL_TIM_PeriodElapsedCallback) refers to motorctrl.o(i.get_msgn) for get_msgn
    main.o(i.HAL_TIM_PeriodElapsedCallback) refers to motorctrl.o(i.assign_output) for assign_output
    main.o(i.HAL_TIM_PeriodElapsedCallback) refers to bsp_can.o(i.motor_state_update) for motor_state_update
    main.o(i.HAL_TIM_PeriodElapsedCallback) refers to pid_model.o(i.PID_MODEL_step) for PID_MODEL_step
    main.o(i.HAL_TIM_PeriodElapsedCallback) refers to stm32h7xx_hal_gpio.o(i.HAL_GPIO_WritePin) for HAL_GPIO_WritePin
    main.o(i.HAL_TIM_PeriodElapsedCallback) refers to bsp_can.o(.bss) for motor_data_can2
    main.o(i.HAL_TIM_PeriodElapsedCallback) refers to pid_model.o(.bss) for rtDW
    main.o(i.HAL_TIM_PeriodElapsedCallback) refers to main.o(.bss) for .bss
    main.o(i.SystemClock_Config) refers to rt_memclr_w.o(.text) for __aeabi_memclr4
    main.o(i.SystemClock_Config) refers to stm32h7xx_hal_pwr_ex.o(i.HAL_PWREx_ConfigSupply) for HAL_PWREx_ConfigSupply
    main.o(i.SystemClock_Config) refers to stm32h7xx_hal_rcc.o(i.HAL_RCC_OscConfig) for HAL_RCC_OscConfig
    main.o(i.SystemClock_Config) refers to stm32h7xx_hal_rcc.o(i.HAL_RCC_ClockConfig) for HAL_RCC_ClockConfig
    main.o(i.main) refers to stm32h7xx_hal_cortex.o(i.HAL_MPU_Disable) for HAL_MPU_Disable
    main.o(i.main) refers to stm32h7xx_hal_cortex.o(i.HAL_MPU_ConfigRegion) for HAL_MPU_ConfigRegion
    main.o(i.main) refers to stm32h7xx_hal_cortex.o(i.HAL_MPU_Enable) for HAL_MPU_Enable
    main.o(i.main) refers to stm32h7xx_hal.o(i.HAL_Init) for HAL_Init
    main.o(i.main) refers to main.o(i.SystemClock_Config) for SystemClock_Config
    main.o(i.main) refers to gpio.o(i.MX_GPIO_Init) for MX_GPIO_Init
    main.o(i.main) refers to fdcan.o(i.MX_FDCAN1_Init) for MX_FDCAN1_Init
    main.o(i.main) refers to tim.o(i.MX_TIM6_Init) for MX_TIM6_Init
    main.o(i.main) refers to fdcan.o(i.MX_FDCAN2_Init) for MX_FDCAN2_Init
    main.o(i.main) refers to stm32h7xx_hal_tim.o(i.HAL_TIM_Base_Start_IT) for HAL_TIM_Base_Start_IT
    main.o(i.main) refers to bsp_can.o(i.can_filter_init) for can_filter_init
    main.o(i.main) refers to pid_model.o(i.PID_MODEL_initialize) for PID_MODEL_initialize
    main.o(i.main) refers to motorctrl.o(i.PID_Speed_Para_Init) for PID_Speed_Para_Init
    main.o(i.main) refers to motorctrl.o(i.set_mode) for set_mode
    main.o(i.main) refers to tim.o(.bss) for htim6
    gpio.o(i.MX_GPIO_Init) refers to rt_memclr_w.o(.text) for __aeabi_memclr4
    gpio.o(i.MX_GPIO_Init) refers to stm32h7xx_hal_gpio.o(i.HAL_GPIO_WritePin) for HAL_GPIO_WritePin
[...]
    ../clib/angel/rt.s                       0x00000000   Number         0  rt_raise.o ABSOLUTE
    ../clib/angel/scatter.s                  0x00000000   Number         0  __scatter.o ABSOLUTE
    ../clib/angel/startup.s                  0x00000000   Number         0  __main.o ABSOLUTE
    ../clib/angel/sys.s                      0x00000000   Number         0  sys_stackheap_outer.o ABSOLUTE
    ../clib/angel/sys.s                      0x00000000   Number         0  use_no_semi.o ABSOLUTE
    ../clib/angel/sys.s                      0x00000000   Number         0  indicate_semi.o ABSOLUTE
    ../clib/angel/sys.s                      0x00000000   Number         0  libspace.o ABSOLUTE
    ../clib/angel/sysapp.c                   0x00000000   Number         0  sys_exit.o ABSOLUTE
    ../clib/angel/sysapp.c                   0x00000000   Number         0  sys_command.o ABSOLUTE
    ../clib/angel/sysapp.c                   0x00000000   Number         0  sys_wrch.o ABSOLUTE
    ../clib/armsys.c                         0x00000000   Number         0  no_argv.o ABSOLUTE
    ../clib/armsys.c                         0x00000000   Number         0  _get_argv_nomalloc.o ABSOLUTE
    ../clib/armsys.c                         0x00000000   Number         0  argv_veneer.o ABSOLUTE
    ../clib/armsys.c                         0x00000000   Number         0  argv_veneer.o ABSOLUTE
    ../clib/heapalloc.c                      0x00000000   Number         0  hrguard.o ABSOLUTE
    ../clib/heapaux.c                        0x00000000   Number         0  heapauxi.o ABSOLUTE
    ../clib/libinit.s                        0x00000000   Number         0  libinit.o ABSOLUTE
    ../clib/libinit.s                        0x00000000   Number         0  libshutdown.o ABSOLUTE
    ../clib/libinit.s                        0x00000000   Number         0  libshutdown2.o ABSOLUTE
    ../clib/libinit.s                        0x00000000   Number         0  libinit2.o ABSOLUTE
    ../clib/memcpset.s                       0x00000000   Number         0  rt_memclr_w.o ABSOLUTE
    ../clib/memcpset.s                       0x00000000   Number         0  rt_memcpy_w.o ABSOLUTE
    ../clib/signal.c                         0x00000000   Number         0  defsig_rtmem_inner.o ABSOLUTE
    ../clib/signal.c                         0x00000000   Number         0  defsig_segv_inner.o ABSOLUTE
    ../clib/signal.c                         0x00000000   Number         0  defsig_pvfn_inner.o ABSOLUTE
    ../clib/signal.c                         0x00000000   Number         0  defsig_stak_inner.o ABSOLUTE
    ../clib/signal.c                         0x00000000   Number         0  defsig_exit.o ABSOLUTE
    ../clib/signal.c                         0x00000000   Number         0  defsig_fpe_inner.o ABSOLUTE
    ../clib/signal.c                         0x00000000   Number         0  defsig_rtmem_outer.o ABSOLUTE
    ../clib/signal.c                         0x00000000   Number         0  __raise.o ABSOLUTE
    ../clib/signal.c                         0x00000000   Number         0  defsig_abrt_inner.o ABSOLUTE
    ../clib/signal.c                         0x00000000   Number         0  defsig_rtmem_formal.o ABSOLUTE
    ../clib/signal.c                         0x00000000   Number         0  defsig_rtred_inner.o ABSOLUTE
    ../clib/signal.c                         0x00000000   Number         0  defsig_general.o ABSOLUTE
    ../clib/signal.c                         0x00000000   Number         0  defsig_other.o ABSOLUTE
    ../clib/signal.c                         0x00000000   Number         0  defsig_cppl_inner.o ABSOLUTE
    ../clib/signal.s                         0x00000000   Number         0  defsig.o ABSOLUTE
    ../clib/stdlib.c                         0x00000000   Number         0  exit.o ABSOLUTE
    ../fplib/fpinit.s                        0x00000000   Number         0  fpinit.o ABSOLUTE
    ..\Drivers\STM32H7xx_HAL_Driver\Src\stm32h7xx_hal.c 0x00000000   Number         0  stm32h7xx_hal.o ABSOLUTE
    ..\Drivers\STM32H7xx_HAL_Driver\Src\stm32h7xx_hal_cortex.c 0x00000000   Number         0  stm32h7xx_hal_cortex.o ABSOLUTE
    ..\Drivers\STM32H7xx_HAL_Driver\Src\stm32h7xx_hal_dma.c 0x00000000   Number         0  stm32h7xx_hal_dma.o ABSOLUTE
    ..\Drivers\STM32H7xx_HAL_Driver\Src\stm32h7xx_hal_dma_ex.c 0x00000000   Number         0  stm32h7xx_hal_dma_ex.o ABSOLUTE
    ..\Drivers\STM32H7xx_HAL_Driver\Src\stm32h7xx_hal_exti.c 0x00000000   Number         0  stm32h7xx_hal_exti.o ABSOLUTE
    ..\Drivers\STM32H7xx_HAL_Driver\Src\stm32h7xx_hal_fdcan.c 0x00000000   Number         0  stm32h7xx_hal_fdcan.o ABSOLUTE
    ..\Drivers\STM32H7xx_HAL_Driver\Src\stm32h7xx_hal_flash.c 0x00000000   Number         0  stm32h7xx_hal_flash.o ABSOLUTE
    ..\Drivers\STM32H7xx_HAL_Driver\Src\stm32h7xx_hal_flash_ex.c 0x00000000   Number         0  stm32h7xx_hal_flash_ex.o ABSOLUTE
    ..\Drivers\STM32H7xx_HAL_Driver\Src\stm32h7xx_hal_gpio.c 0x00000000   Number         0  stm32h7xx_hal_gpio.o ABSOLUTE
    ..\Drivers\STM32H7xx_HAL_Driver\Src\stm32h7xx_hal_hsem.c 0x00000000   Number         0  stm32h7xx_hal_hsem.o ABSOLUTE
    ..\Drivers\STM32H7xx_HAL_Driver\Src\stm32h7xx_hal_i2c.c 0x00000000   Number         0  stm32h7xx_hal_i2c.o ABSOLUTE
    ..\Drivers\STM32H7xx_HAL_Driver\Src\stm32h7xx_hal_i2c_ex.c 0x00000000   Number         0  stm32h7xx_hal_i2c_ex.o ABSOLUTE
    ..\Drivers\STM32H7xx_HAL_Driver\Src\stm32h7xx_hal_mdma.c 0x00000000   Number         0  stm32h7xx_hal_mdma.o ABSOLUTE
    ..\Drivers\STM32H7xx_HAL_Driver\Src\stm32h7xx_hal_pwr.c 0x00000000   Number         0  stm32h7xx_hal_pwr.o ABSOLUTE
    ..\Drivers\STM32H7xx_HAL_Driver\Src\stm32h7xx_hal_pwr_ex.c 0x00000000   Number         0  stm32h7xx_hal_pwr_ex.o ABSOLUTE
    ..\Drivers\STM32H7xx_HAL_Driver\Src\stm32h7xx_hal_rcc.c 0x00000000   Number         0  stm32h7xx_hal_rcc.o ABSOLUTE
    ..\Drivers\STM32H7xx_HAL_Driver\Src\stm32h7xx_hal_rcc_ex.c 0x00000000   Number         0  stm32h7xx_hal_rcc_ex.o ABSOLUTE
    ..\Drivers\STM32H7xx_HAL_Driver\Src\stm32h7xx_hal_tim.c 0x00000000   Number         0  stm32h7xx_hal_tim.o ABSOLUTE
    ..\Drivers\STM32H7xx_HAL_Driver\Src\stm32h7xx_hal_tim_ex.c 0x00000000   Number         0  stm32h7xx_hal_tim_ex.o ABSOLUTE
    ..\Src\fdcan.c                           0x00000000   Number         0  fdcan.o ABSOLUTE
    ..\Src\gpio.c                            0x00000000   Number         0  gpio.o ABSOLUTE
    ..\Src\main.c                            0x00000000   Number         0  main.o ABSOLUTE
    ..\Src\memorymap.c                       0x00000000   Number         0  memorymap.o ABSOLUTE
    ..\Src\stm32h7xx_hal_msp.c               0x00000000   Number         0  stm32h7xx_hal_msp.o ABSOLUTE
    ..\Src\stm32h7xx_it.c                    0x00000000   Number         0  stm32h7xx_it.o ABSOLUTE
    ..\Src\system_stm32h7xx.c                0x00000000   Number         0  system_stm32h7xx.o ABSOLUTE
    ..\Src\tim.c                             0x00000000   Number         0  tim.o ABSOLUTE
    ..\USER\MATLAB_PID\PID_MODEL.c           0x00000000   Number         0  pid_model.o ABSOLUTE
    ..\USER\MATLAB_PID\PID_MODEL_data.c      0x00000000   Number         0  pid_model_data.o ABSOLUTE
    ..\USER\UPPER_LOCATION\UPPER_LOCATION.c  0x00000000   Number         0  upper_location.o ABSOLUTE
    ..\USER\bsp_can\bsp_can.c                0x00000000   Number         0  bsp_can.o ABSOLUTE
    ..\USER\motor_control\motorctrl.c        0x00000000   Number         0  motorctrl.o ABSOLUTE
    ..\\USER\\bsp_can\\bsp_can.c             0x00000000   Number         0  bsp_can.o ABSOLUTE
    ..\\USER\\motor_control\\motorctrl.c     0x00000000   Number         0  motorctrl.o ABSOLUTE
    dc.s                                     0x00000000   Number         0  dc.o ABSOLUTE
    startup_stm32h723xx.s                    0x00000000   Number         0  startup_stm32h723xx.o ABSOLUTE
    RESET                                    0x08000000   Section      716  startup_stm32h723xx.o(RESET)
    !!!main                                  0x080002cc   Section        8  __main.o(!!!main)
    !!!scatter                               0x080002d4   Section       52  __scatter.o(!!!scatter)
    !!dczerorl2                              0x08000308   Section       90  __dczerorl2.o(!!dczerorl2)
    !!handler_zi                             0x08000364   Section       28  __scatter_zi.o(!!handler_zi)
    .ARM.Collect$$libinit$$00000000          0x08000380   Section        2  libinit.o(.ARM.Collect$$libinit$$00000000)
    .ARM.Collect$$libinit$$00000001          0x08000382   Section        4  libinit2.o(.ARM.Collect$$libinit$$00000001)
    .ARM.Collect$$libinit$$00000004          0x08000386   Section        0  libinit2.o(.ARM.Collect$$libinit$$00000004)
    .ARM.Collect$$libinit$$0000000A          0x08000386   Section        0  libinit2.o(.ARM.Collect$$libinit$$0000000A)
    .ARM.Collect$$libinit$$0000000C          0x08000386   Section        0  libinit2.o(.ARM.Collect$$libinit$$0000000C)
    .ARM.Collect$$libinit$$0000000E          0x08000386   Section        0  libinit2.o(.ARM.Collect$$libinit$$0000000E)
    .ARM.Collect$$libinit$$00000011          0x08000386   Section        0  libinit2.o(.ARM.Collect$$libinit$$00000011)
    .ARM.Collect$$libinit$$00000013          0x08000386   Section        0  libinit2.o(.ARM.Collect$$libinit$$00000013)
    .ARM.Collect$$libinit$$00000015          0x08000386   Section        0  libinit2.o(.ARM.Collect$$libinit$$00000015)
    .ARM.Collect$$libinit$$00000017          0x08000386   Section        0  libinit2.o(.ARM.Collect$$libinit$$00000017)
    .ARM.Collect$$libinit$$00000019          0x08000386   Section        0  libinit2.o(.ARM.Collect$$libinit$$00000019)
    .ARM.Collect$$libinit$$0000001B          0x08000386   Section        0  libinit2.o(.ARM.Collect$$libinit$$0000001B)
    .ARM.Collect$$libinit$$0000001D          0x08000386   Section        0  libinit2.o(.ARM.Collect$$libinit$$0000001D)
    .ARM.Collect$$libinit$$0000001F          0x08000386   Section        0  libinit2.o(.ARM.Collect$$libinit$$0000001F)
    .ARM.Collect$$libinit$$00000021          0x08000386   Section        0  libinit2.o(.ARM.Collect$$libinit$$00000021)
    .ARM.Collect$$libinit$$00000023          0x08000386   Section        0  libinit2.o(.ARM.Collect$$libinit$$00000023)
    .ARM.Collect$$libinit$$00000025          0x08000386   Section        0  libinit2.o(.ARM.Collect$$libinit$$00000025)
    .ARM.Collect$$libinit$$0000002C          0x08000386   Section        0  libinit2.o(.ARM.Collect$$libinit$$0000002C)
    .ARM.Collect$$libinit$$0000002E          0x08000386   Section        0  libinit2.o(.ARM.Collect$$libinit$$0000002E)
    .ARM.Collect$$libinit$$00000030          0x08000386   Section        0  libinit2.o(.ARM.Collect$$libinit$$00000030)
    .ARM.Collect$$libinit$$00000032          0x08000386   Section        0  libinit2.o(.ARM.Collect$$libinit$$00000032)
    .ARM.Collect$$libinit$$00000033          0x08000386   Section        2  libinit2.o(.ARM.Collect$$libinit$$00000033)
    .ARM.Collect$$libshutdown$$00000000      0x08000388   Section        2  libshutdown.o(.ARM.Collect$$libshutdown$$00000000)
    .ARM.Collect$$libshutdown$$00000002      0x0800038a   Section        0  libshutdown2.o(.ARM.Collect$$libshutdown$$00000002)
    .ARM.Collect$$libshutdown$$00000004      0x0800038a   Section        0  libshutdown2.o(.ARM.Collect$$libshutdown$$00000004)
    .ARM.Collect$$libshutdown$$00000006      0x0800038a   Section        0  libshutdown2.o(.ARM.Collect$$libshutdown$$00000006)
    .ARM.Collect$$libshutdown$$00000009      0x0800038a   Section        0  libshutdown2.o(.ARM.Collect$$libshutdown$$00000009)
    .ARM.Collect$$libshutdown$$0000000C      0x0800038a   Section        0  libshutdown2.o(.ARM.Collect$$libshutdown$$0000000C)
    .ARM.Collect$$libshutdown$$0000000E      0x0800038a   Section        0  libshutdown2.o(.ARM.Collect$$libshutdown$$0000000E)
    .ARM.Collect$$libshutdown$$00000011      0x0800038a   Section        0  libshutdown2.o(.ARM.Collect$$libshutdown$$00000011)
    .ARM.Collect$$libshutdown$$00000012      0x0800038a   Section        2  libshutdown2.o(.ARM.Collect$$libshutdown$$00000012)
    .ARM.Collect$$rtentry$$00000000          0x0800038c   Section        0  __rtentry.o(.ARM.Collect$$rtentry$$00000000)
    .ARM.Collect$$rtentry$$00000002          0x0800038c   Section        0  __rtentry2.o(.ARM.Collect$$rtentry$$00000002)
    .ARM.Collect$$rtentry$$00000004          0x0800038c   Section        6  __rtentry4.o(.ARM.Collect$$rtentry$$00000004)
    .ARM.Collect$$rtentry$$00000009          0x08000392   Section        0  __rtentry2.o(.ARM.Collect$$rtentry$$00000009)
    .ARM.Collect$$rtentry$$0000000A          0x08000392   Section        4  __rtentry2.o(.ARM.Collect$$rtentry$$0000000A)
    .ARM.Collect$$rtentry$$0000000C          0x08000396   Section        0  __rtentry2.o(.ARM.Collect$$rtentry$$0000000C)
    .ARM.Collect$$rtentry$$0000000D          0x08000396   Section        8  __rtentry2.o(.ARM.Collect$$rtentry$$0000000D)
    .ARM.Collect$$rtexit$$00000000           0x0800039e   Section        2  rtexit.o(.ARM.Collect$$rtexit$$00000000)
    .ARM.Collect$$rtexit$$00000002           0x080003a0   Section        0  rtexit2.o(.ARM.Collect$$rtexit$$00000002)
    .ARM.Collect$$rtexit$$00000003           0x080003a0   Section        4  rtexit2.o(.ARM.Collect$$rtexit$$00000003)
    .ARM.Collect$$rtexit$$00000004           0x080003a4   Section        6  rtexit2.o(.ARM.Collect$$rtexit$$00000004)
    .text                                    0x080003ac   Section       64  startup_stm32h723xx.o(.text)
    $v0                                      0x080003ac   Number         0  startup_stm32h723xx.o(.text)
    .text                                    0x080003ec   Section      100  rt_memcpy_w.o(.text)
    .text                                    0x08000450   Section       78  rt_memclr_w.o(.text)
    .text                                    0x0800049e   Section        0  heapauxi.o(.text)
    .text                                    0x080004a4   Section       74  sys_stackheap_outer.o(.text)
    .text                                    0x080004ee   Section        0  exit.o(.text)
    .text                                    0x08000500   Section        8  libspace.o(.text)
    .text                                    0x08000508   Section        0  sys_exit.o(.text)
    .text                                    0x08000514   Section        2  use_no_semi.o(.text)
    .text                                    0x08000516   Section        0  indicate_semi.o(.text)
    i.BusFault_Handler                       0x08000516   Section        0  stm32h7xx_it.o(i.BusFault_Handler)
    i.CAN1_cmd_motor                         0x08000518   Section        0  bsp_can.o(i.CAN1_cmd_motor)
    i.CAN2_cmd_motor                         0x080005bc   Section        0  bsp_can.o(i.CAN2_cmd_motor)
    i.Chart1                                 0x08000660   Section        0  pid_model.o(i.Chart1)
    Chart1                                   0x08000661   Thumb Code   118  pid_model.o(i.Chart1)
    i.DebugMon_Handler                       0x080006e4   Section        0  stm32h7xx_it.o(i.DebugMon_Handler)
    i.Error_Handler                          0x080006e6   Section        0  main.o(i.Error_Handler)
    i.FDCAN1_IT0_IRQHandler                  0x080006ec   Section        0  stm32h7xx_it.o(i.FDCAN1_IT0_IRQHandler)
    i.FDCAN2_IT0_IRQHandler                  0x080006f8   Section        0  stm32h7xx_it.o(i.FDCAN2_IT0_IRQHandler)
    i.FDCAN_CAL_IRQHandler                   0x08000704   Section        0  stm32h7xx_it.o(i.FDCAN_CAL_IRQHandler)
    i.FDCAN_CalcultateRamBlockAddresses      0x08000720   Section        0  stm32h7xx_hal_fdcan.o(i.FDCAN_CalcultateRamBlockAddresses)
    FDCAN_CalcultateRamBlockAddresses        0x08000721   Thumb Code   446  stm32h7xx_hal_fdcan.o(i.FDCAN_CalcultateRamBlockAddresses)
    i.FDCAN_CopyMessageToRAM                 0x080008e8   Section        0  stm32h7xx_hal_fdcan.o(i.FDCAN_CopyMessageToRAM)
    FDCAN_CopyMessageToRAM                   0x080008e9   Thumb Code   118  stm32h7xx_hal_fdcan.o(i.FDCAN_CopyMessageToRAM)
    i.HAL_FDCAN_ActivateNotification         0x08000964   Section        0  stm32h7xx_hal_fdcan.o(i.HAL_FDCAN_ActivateNotification)
    i.HAL_FDCAN_AddMessageToTxFifoQ          0x080009ec   Section        0  stm32h7xx_hal_fdcan.o(i.HAL_FDCAN_AddMessageToTxFifoQ)
    i.HAL_FDCAN_ClockCalibrationCallback     0x08000a52   Section        0  stm32h7xx_hal_fdcan.o(i.HAL_FDCAN_ClockCalibrationCallback)
    i.HAL_FDCAN_ConfigFilter                 0x08000a54   Section        0  stm32h7xx_hal_fdcan.o(i.HAL_FDCAN_ConfigFilter)
    i.HAL_FDCAN_ErrorCallback                0x08000ad2   Section        0  stm32h7xx_hal_fdcan.o(i.HAL_FDCAN_ErrorCallback)
    i.HAL_FDCAN_ErrorStatusCallback          0x08000ad4   Section        0  stm32h7xx_hal_fdcan.o(i.HAL_FDCAN_ErrorStatusCallback)
    i.HAL_FDCAN_GetRxMessage                 0x08000ad8   Section        0  stm32h7xx_hal_fdcan.o(i.HAL_FDCAN_GetRxMessage)
    i.HAL_FDCAN_HighPriorityMessageCallback  0x08000c64   Section        0  stm32h7xx_hal_fdcan.o(i.HAL_FDCAN_HighPriorityMessageCallback)
    i.HAL_FDCAN_IRQHandler                   0x08000c68   Section        0  stm32h7xx_hal_fdcan.o(i.HAL_FDCAN_IRQHandler)
    i.HAL_FDCAN_Init                         0x08000f88   Section        0  stm32h7xx_hal_fdcan.o(i.HAL_FDCAN_Init)
    i.HAL_FDCAN_MspInit                      0x080011cc   Section        0  fdcan.o(i.HAL_FDCAN_MspInit)
    i.HAL_FDCAN_RxBufferNewMessageCallback   0x08001304   Section        0  stm32h7xx_hal_fdcan.o(i.HAL_FDCAN_RxBufferNewMessageCallback)
    i.HAL_FDCAN_RxFifo0Callback              0x08001308   Section        0  bsp_can.o(i.HAL_FDCAN_RxFifo0Callback)
    i.HAL_FDCAN_RxFifo1Callback              0x080013ec   Section        0  stm32h7xx_hal_fdcan.o(i.HAL_FDCAN_RxFifo1Callback)
    i.HAL_FDCAN_Start                        0x080013ee   Section        0  stm32h7xx_hal_fdcan.o(i.HAL_FDCAN_Start)
    i.HAL_FDCAN_TT_GlobalTimeCallback        0x08001420   Section        0  stm32h7xx_hal_fdcan.o(i.HAL_FDCAN_TT_GlobalTimeCallback)
    i.HAL_FDCAN_TT_ScheduleSyncCallback      0x08001422   Section        0  stm32h7xx_hal_fdcan.o(i.HAL_FDCAN_TT_ScheduleSyncCallback)
    i.HAL_FDCAN_TT_StopWatchCallback         0x08001424   Section        0  stm32h7xx_hal_fdcan.o(i.HAL_FDCAN_TT_StopWatchCallback)
    i.HAL_FDCAN_TT_TimeMarkCallback          0x08001426   Section        0  stm32h7xx_hal_fdcan.o(i.HAL_FDCAN_TT_TimeMarkCallback)
    i.HAL_FDCAN_TimeoutOccurredCallback      0x08001428   Section        0  stm32h7xx_hal_fdcan.o(i.HAL_FDCAN_TimeoutOccurredCallback)
    i.HAL_FDCAN_TimestampWraparoundCallback  0x0800142a   Section        0  stm32h7xx_hal_fdcan.o(i.HAL_FDCAN_TimestampWraparoundCallback)
    i.HAL_FDCAN_TxBufferAbortCallback        0x0800142c   Section        0  stm32h7xx_hal_fdcan.o(i.HAL_FDCAN_TxBufferAbortCallback)
    i.HAL_FDCAN_TxBufferCompleteCallback     0x0800142e   Section        0  stm32h7xx_hal_fdcan.o(i.HAL_FDCAN_TxBufferCompleteCallback)
    i.HAL_FDCAN_TxEventFifoCallback          0x08001430   Section        0  stm32h7xx_hal_fdcan.o(i.HAL_FDCAN_TxEventFifoCallback)
    i.HAL_FDCAN_TxFifoEmptyCallback          0x08001432   Section        0  stm32h7xx_hal_fdcan.o(i.HAL_FDCAN_TxFifoEmptyCallback)
    i.HAL_GPIO_Init                          0x08001434   Section        0  stm32h7xx_hal_gpio.o(i.HAL_GPIO_Init)
    i.HAL_GPIO_WritePin                      0x08001650   Section        0  stm32h7xx_hal_gpio.o(i.HAL_GPIO_WritePin)
    i.HAL_GetTick                            0x0800165c   Section        0  stm32h7xx_hal.o(i.HAL_GetTick)
    i.HAL_IncTick                            0x08001668   Section        0  stm32h7xx_hal.o(i.HAL_IncTick)
    i.HAL_Init                               0x08001678   Section        0  stm32h7xx_hal.o(i.HAL_Init)
    i.HAL_InitTick                           0x080016d4   Section        0  stm32h7xx_hal.o(i.HAL_InitTick)
    i.HAL_MPU_ConfigRegion                   0x08001714   Section        0  stm32h7xx_hal_cortex.o(i.HAL_MPU_ConfigRegion)
    i.HAL_MPU_Disable                        0x08001770   Section        0  stm32h7xx_hal_cortex.o(i.HAL_MPU_Disable)
    i.HAL_MPU_Enable                         0x0800178c   Section        0  stm32h7xx_hal_cortex.o(i.HAL_MPU_Enable)
    i.HAL_MspInit                            0x080017b0   Section        0  stm32h7xx_hal_msp.o(i.HAL_MspInit)
    i.HAL_NVIC_EnableIRQ                     0x080017cc   Section        0  stm32h7xx_hal_cortex.o(i.HAL_NVIC_EnableIRQ)
    i.HAL_NVIC_SetPriority                   0x080017e8   Section        0  stm32h7xx_hal_cortex.o(i.HAL_NVIC_SetPriority)
    i.HAL_NVIC_SetPriorityGrouping           0x08001828   Section        0  stm32h7xx_hal_cortex.o(i.HAL_NVIC_SetPriorityGrouping)
    i.HAL_PWREx_ConfigSupply                 0x0800184c   Section        0  stm32h7xx_hal_pwr_ex.o(i.HAL_PWREx_ConfigSupply)
    i.HAL_RCCEx_PeriphCLKConfig              0x080018a0   Section        0  stm32h7xx_hal_rcc_ex.o(i.HAL_RCCEx_PeriphCLKConfig)
    i.HAL_RCC_ClockConfig                    0x080021dc   Section        0  stm32h7xx_hal_rcc.o(i.HAL_RCC_ClockConfig)
    i.HAL_RCC_GetSysClockFreq                0x08002438   Section        0  stm32h7xx_hal_rcc.o(i.HAL_RCC_GetSysClockFreq)
    i.HAL_RCC_OscConfig                      0x08002570   Section        0  stm32h7xx_hal_rcc.o(i.HAL_RCC_OscConfig)
    i.HAL_SYSTICK_Config                     0x08002a96   Section        0  stm32h7xx_hal_cortex.o(i.HAL_SYSTICK_Config)
    i.HAL_TIMEx_Break2Callback               0x08002abc   Section        0  stm32h7xx_hal_tim_ex.o(i.HAL_TIMEx_Break2Callback)
    i.HAL_TIMEx_BreakCallback                0x08002abe   Section        0  stm32h7xx_hal_tim_ex.o(i.HAL_TIMEx_BreakCallback)
    i.HAL_TIMEx_CommutCallback               0x08002ac0   Section        0  stm32h7xx_hal_tim_ex.o(i.HAL_TIMEx_CommutCallback)
    i.HAL_TIMEx_MasterConfigSynchronization  0x08002ac4   Section        0  stm32h7xx_hal_tim_ex.o(i.HAL_TIMEx_MasterConfigSynchronization)
    i.HAL_TIM_Base_Init                      0x08002b7c   Section        0  stm32h7xx_hal_tim.o(i.HAL_TIM_Base_Init)
    i.HAL_TIM_Base_MspInit                   0x08002be0   Section        0  tim.o(i.HAL_TIM_Base_MspInit)
    i.HAL_TIM_Base_Start_IT                  0x08002c1c   Section        0  stm32h7xx_hal_tim.o(i.HAL_TIM_Base_Start_IT)
    i.HAL_TIM_IC_CaptureCallback             0x08002cbc   Section        0  stm32h7xx_hal_tim.o(i.HAL_TIM_IC_CaptureCallback)
    i.HAL_TIM_IRQHandler                     0x08002cbe   Section        0  stm32h7xx_hal_tim.o(i.HAL_TIM_IRQHandler)
    i.HAL_TIM_OC_DelayElapsedCallback        0x08002e06   Section        0  stm32h7xx_hal_tim.o(i.HAL_TIM_OC_DelayElapsedCallback)
    i.HAL_TIM_PWM_PulseFinishedCallback      0x08002e08   Section        0  stm32h7xx_hal_tim.o(i.HAL_TIM_PWM_PulseFinishedCallback)
    i.HAL_TIM_PeriodElapsedCallback          0x08002e0c   Section        0  main.o(i.HAL_TIM_PeriodElapsedCallback)
    i.HAL_TIM_TriggerCallback                0x08002e80   Section        0  stm32h7xx_hal_tim.o(i.HAL_TIM_TriggerCallback)
    i.HardFault_Handler                      0x08002e82   Section        0  stm32h7xx_it.o(i.HardFault_Handler)
    i.MX_FDCAN1_Init                         0x08002e84   Section        0  fdcan.o(i.MX_FDCAN1_Init)
    i.MX_FDCAN2_Init                         0x08002eec   Section        0  fdcan.o(i.MX_FDCAN2_Init)
    i.MX_GPIO_Init                           0x08002f58   Section        0  gpio.o(i.MX_GPIO_Init)
    i.MX_TIM6_Init                           0x08003020   Section        0  tim.o(i.MX_TIM6_Init)
    i.MemManage_Handler                      0x08003068   Section        0  stm32h7xx_it.o(i.MemManage_Handler)
    i.NMI_Handler                            0x0800306a   Section        0  stm32h7xx_it.o(i.NMI_Handler)
    i.PID_MODEL_initialize                   0x0800306c   Section        0  pid_model.o(i.PID_MODEL_initialize)
    i.PID_MODEL_step                         0x080030b4   Section        0  pid_model.o(i.PID_MODEL_step)
    i.PID_Speed_Para_Init                    0x080048d4   Section        0  motorctrl.o(i.PID_Speed_Para_Init)
    i.PendSV_Handler                         0x080049d4   Section        0  stm32h7xx_it.o(i.PendSV_Handler)
    i.RCCEx_PLL2_Config                      0x080049d8   Section        0  stm32h7xx_hal_rcc_ex.o(i.RCCEx_PLL2_Config)
    RCCEx_PLL2_Config                        0x080049d9   Thumb Code   284  stm32h7xx_hal_rcc_ex.o(i.RCCEx_PLL2_Config)
    i.RCCEx_PLL3_Config                      0x08004af8   Section        0  stm32h7xx_hal_rcc_ex.o(i.RCCEx_PLL3_Config)
    RCCEx_PLL3_Config                        0x08004af9   Thumb Code   284  stm32h7xx_hal_rcc_ex.o(i.RCCEx_PLL3_Config)
    i.SVC_Handler                            0x08004c18   Section        0  stm32h7xx_it.o(i.SVC_Handler)
    i.SysTick_Handler                        0x08004c1a   Section        0  stm32h7xx_it.o(i.SysTick_Handler)
    i.SystemClock_Config                     0x08004c20   Section        0  main.o(i.SystemClock_Config)
    i.SystemInit                             0x08004cb8   Section        0  system_stm32h7xx.o(i.SystemInit)
    i.TIM6_DAC_IRQHandler                    0x08004d78   Section        0  stm32h7xx_it.o(i.TIM6_DAC_IRQHandler)
    i.TIM_Base_SetConfig                     0x08004d84   Section        0  stm32h7xx_hal_tim.o(i.TIM_Base_SetConfig)
    i.UsageFault_Handler                     0x08004e68   Section        0  stm32h7xx_it.o(i.UsageFault_Handler)
    i.__NVIC_SetPriority                     0x08004e6a   Section        0  stm32h7xx_hal_cortex.o(i.__NVIC_SetPriority)
    __NVIC_SetPriority                       0x08004e6b   Thumb Code    34  stm32h7xx_hal_cortex.o(i.__NVIC_SetPriority)
    i.assign_output                          0x08004e8c   Section        0  motorctrl.o(i.assign_output)
    i.can_filter_init                        0x08005100   Section        0  bsp_can.o(i.can_filter_init)
    i.circle_cc                              0x08005154   Section        0  bsp_can.o(i.circle_cc)
    i.get_msgn                               0x0800517c   Section        0  motorctrl.o(i.get_msgn)
    i.main                                   0x080054dc   Section        0  main.o(i.main)
    i.motor_state_update                     0x08005624   Section        0  bsp_can.o(i.motor_state_update)
    i.set_mode                               0x08005670   Section        0  motorctrl.o(i.set_mode)
    x$fpl$fpinit                             0x08005720   Section       10  fpinit.o(x$fpl$fpinit)
    $v0                                      0x08005720   Number         0  fpinit.o(x$fpl$fpinit)
    .constdata                               0x0800572c   Section       92  stm32h7xx_hal_fdcan.o(.constdata)
    DLCtoBytes                               0x0800572c   Data          16  stm32h7xx_hal_fdcan.o(.constdata)
    .constdata                               0x08005788   Section       16  system_stm32h7xx.o(.constdata)
    .data                                    0x24000000   Section        4  fdcan.o(.data)
    HAL_RCC_FDCAN_CLK_ENABLED                0x24000000   Data           4  fdcan.o(.data)
    .data                                    0x24000004   Section       12  stm32h7xx_hal.o(.data)
    .data                                    0x24000010   Section        8  system_stm32h7xx.o(.data)
    .data                                    0x24000018   Section       34  bsp_can.o(.data)
    i                                        0x24000018   Data           1  bsp_can.o(.data)
    i                                        0x24000019   Data           1  bsp_can.o(.data)
    can1_send_front_data                     0x2400001a   Data           8  bsp_can.o(.data)
    can1_send_last_data                      0x24000022   Data           8  bsp_can.o(.data)
    can2_send_front_data                     0x2400002a   Data           8  bsp_can.o(.data)
    can2_send_last_data                      0x24000032   Data           8  bsp_can.o(.data)
    .data                                    0x2400003c   Section      616  pid_model_data.o(.data)
    .bss                                     0x240002a4   Section       40  main.o(.bss)
    .bss                                     0x240002cc   Section      320  fdcan.o(.bss)
    .bss                                     0x2400040c   Section       76  tim.o(.bss)
    .bss                                     0x24000458   Section      504  bsp_can.o(.bss)
    can1_motor                               0x24000458   Data         128  bsp_can.o(.bss)
    can2_motor                               0x240004d8   Data         128  bsp_can.o(.bss)
    can1_tx_message_front                    0x240005c0   Data          36  bsp_can.o(.bss)
    can1_tx_message_last                     0x240005e4   Data          36  bsp_can.o(.bss)
    can2_tx_message_front                    0x24000608   Data          36  bsp_can.o(.bss)
    can2_tx_message_last                     0x2400062c   Data          36  bsp_can.o(.bss)
    .bss                                     0x24000650   Section      384  motorctrl.o(.bss)
    .bss                                     0x240007d0   Section      924  pid_model.o(.bss)
    .bss                                     0x24000b6c   Section       96  libspace.o(.bss)
    HEAP                                     0x24000bd0   Section      512  startup_stm32h723xx.o(HEAP)
    Heap_Mem                                 0x24000bd0   Data         512  startup_stm32h723xx.o(HEAP)
    STACK                                    0x24000dd0   Section     1024  startup_stm32h723xx.o(STACK)
    Stack_Mem                                0x24000dd0   Data        1024  startup_stm32h723xx.o(STACK)
    __initial_sp                             0x240011d0   Data           0  startup_stm32h723xx.o(STACK)

    Global Symbols

    Symbol Name                              Value     Ov Type        Size  Object(Section)

    BuildAttributes$$THM_ISAv4$E$P$D$K$B$S$7EM$VFPv5_D16$PE$PLD8$A:L22UL41UL21$X:L11$S22US41US21$IEEE1$IW$USESV6$~STKCKD$USESV7$~SHL$OSPACE$ROPI$EBA8$UX$STANDARDLIB$REQ8$PRES8$EABIv2 0x00000000   Number         0  anon$$obj.o ABSOLUTE
    __ARM_use_no_argv                        0x00000000   Number         0  main.o ABSOLUTE
    __ARM_exceptions_init                     - Undefined Weak Reference
    __alloca_initialize                       - Undefined Weak Reference
    __arm_fini_                               - Undefined Weak Reference
    __arm_preinit_                            - Undefined Weak Reference
    __cpp_initialize__aeabi_                  - Undefined Weak Reference
    __cxa_finalize                            - Undefined Weak Reference
    __rt_locale                               - Undefined Weak Reference
    __sigvec_lookup                           - Undefined Weak Reference
    _atexit_init                              - Undefined Weak Reference
    _call_atexit_fns                          - Undefined Weak Reference
    _clock_init                               - Undefined Weak Reference
    _fp_trap_init                             - Undefined Weak Reference
    _fp_trap_shutdown                         - Undefined Weak Reference
    _get_lc_collate                           - Undefined Weak Reference
    _get_lc_ctype                             - Undefined Weak Reference
    _get_lc_monetary                          - Undefined Weak Reference
    _get_lc_numeric                           - Undefined Weak Reference
    _get_lc_time                              - Undefined Weak Reference
    _getenv_init                              - Undefined Weak Reference
    _handle_redirection                       - Undefined Weak Reference
    _init_alloc                               - Undefined Weak Reference
    _init_user_alloc                          - Undefined Weak Reference
    _initio                                   - Undefined Weak Reference
    _rand_init                                - Undefined Weak Reference
    _signal_finish                            - Undefined Weak Reference
    _signal_init                              - Undefined Weak Reference
    _terminate_alloc                          - Undefined Weak Reference
    _terminate_user_alloc                     - Undefined Weak Reference
    _terminateio                              - Undefined Weak Reference
    __Vectors_Size                           0x000002cc   Number         0  startup_stm32h723xx.o ABSOLUTE
    __Vectors                                0x08000000   Data           4  startup_stm32h723xx.o(RESET)
    __Vectors_End                            0x080002cc   Data           0  startup_stm32h723xx.o(RESET)
    __main                                   0x080002cd   Thumb Code     8  __main.o(!!!main)
    __scatterload                            0x080002d5   Thumb Code     0  __scatter.o(!!!scatter)
    __scatterload_rt2                        0x080002d5   Thumb Code    44  __scatter.o(!!!scatter)
    __scatterload_rt2_thumb_only             0x080002d5   Thumb Code     0  __scatter.o(!!!scatter)
    __scatterload_null                       0x080002e3   Thumb Code     0  __scatter.o(!!!scatter)
    __decompress                             0x08000309   Thumb Code    90  __dczerorl2.o(!!dczerorl2)
    __decompress1                            0x08000309   Thumb Code     0  __dczerorl2.o(!!dczerorl2)
    __scatterload_zeroinit                   0x08000365   Thumb Code    28  __scatter_zi.o(!!handler_zi)
    __rt_lib_init                            0x08000381   Thumb Code     0  libinit.o(.ARM.Collect$$libinit$$00000000)
    __rt_lib_init_fp_1                       0x08000383   Thumb Code     0  libinit2.o(.ARM.Collect$$libinit$$00000001)
    __rt_lib_init_alloca_1                   0x08000387   Thumb Code     0  libinit2.o(.ARM.Collect$$libinit$$0000002E)
    __rt_lib_init_argv_1                     0x08000387   Thumb Code     0  libinit2.o(.ARM.Collect$$libinit$$0000002C)
    __rt_lib_init_atexit_1                   0x08000387   Thumb Code     0  libinit2.o(.ARM.Collect$$libinit$$0000001B)
    __rt_lib_init_clock_1                    0x08000387   Thumb Code     0  libinit2.o(.ARM.Collect$$libinit$$00000021)
    __rt_lib_init_cpp_1                      0x08000387   Thumb Code     0  libinit2.o(.ARM.Collect$$libinit$$00000032)
    __rt_lib_init_exceptions_1               0x08000387   Thumb Code     0  libinit2.o(.ARM.Collect$$libinit$$00000030)
    __rt_lib_init_fp_trap_1                  0x08000387   Thumb Code     0  libinit2.o(.ARM.Collect$$libinit$$0000001F)
    __rt_lib_init_getenv_1                   0x08000387   Thumb Code     0  libinit2.o(.ARM.Collect$$libinit$$00000023)
    __rt_lib_init_heap_1                     0x08000387   Thumb Code     0  libinit2.o(.ARM.Collect$$libinit$$0000000A)
    __rt_lib_init_lc_collate_1               0x08000387   Thumb Code     0  libinit2.o(.ARM.Collect$$libinit$$00000011)
    __rt_lib_init_lc_ctype_1                 0x08000387   Thumb Code     0  libinit2.o(.ARM.Collect$$libinit$$00000013)
    __rt_lib_init_lc_monetary_1              0x08000387   Thumb Code     0  libinit2.o(.ARM.Collect$$libinit$$00000015)
    __rt_lib_init_lc_numeric_1               0x08000387   Thumb Code     0  libinit2.o(.ARM.Collect$$libinit$$00000017)
    __rt_lib_init_lc_time_1                  0x08000387   Thumb Code     0  libinit2.o(.ARM.Collect$$libinit$$00000019)
    __rt_lib_init_preinit_1                  0x08000387   Thumb Code     0  libinit2.o(.ARM.Collect$$libinit$$00000004)
    __rt_lib_init_rand_1                     0x08000387   Thumb Code     0  libinit2.o(.ARM.Collect$$libinit$$0000000E)
    __rt_lib_init_return                     0x08000387   Thumb Code     0  libinit2.o(.ARM.Collect$$libinit$$00000033)
    __rt_lib_init_signal_1                   0x08000387   Thumb Code     0  libinit2.o(.ARM.Collect$$libinit$$0000001D)
    __rt_lib_init_stdio_1                    0x08000387   Thumb Code     0  libinit2.o(.ARM.Collect$$libinit$$00000025)
    __rt_lib_init_user_alloc_1               0x08000387   Thumb Code     0  libinit2.o(.ARM.Collect$$libinit$$0000000C)
    __rt_lib_shutdown                        0x08000389   Thumb Code     0  libshutdown.o(.ARM.Collect$$libshutdown$$00000000)
    __rt_lib_shutdown_cpp_1                  0x0800038b   Thumb Code     0  libshutdown2.o(.ARM.Collect$$libshutdown$$00000004)
    __rt_lib_shutdown_fini_1                 0x0800038b   Thumb Code     0  libshutdown2.o(.ARM.Collect$$libshutdown$$00000002)
    __rt_lib_shutdown_fp_trap_1              0x0800038b   Thumb Code     0  libshutdown2.o(.ARM.Collect$$libshutdown$$00000009)
    __rt_lib_shutdown_heap_1                 0x0800038b   Thumb Code     0  libshutdown2.o(.ARM.Collect$$libshutdown$$00000011)
    __rt_lib_shutdown_return                 0x0800038b   Thumb Code     0  libshutdown2.o(.ARM.Collect$$libshutdown$$00000012)
    __rt_lib_shutdown_signal_1               0x0800038b   Thumb Code     0  libshutdown2.o(.ARM.Collect$$libshutdown$$0000000C)
    __rt_lib_shutdown_stdio_1                0x0800038b   Thumb Code     0  libshutdown2.o(.ARM.Collect$$libshutdown$$00000006)
    __rt_lib_shutdown_user_alloc_1           0x0800038b   Thumb Code     0  libshutdown2.o(.ARM.Collect$$libshutdown$$0000000E)
    __rt_entry                               0x0800038d   Thumb Code     0  __rtentry.o(.ARM.Collect$$rtentry$$00000000)
    __rt_entry_presh_1                       0x0800038d   Thumb Code     0  __rtentry2.o(.ARM.Collect$$rtentry$$00000002)
    __rt_entry_sh                            0x0800038d   Thumb Code     0  __rtentry4.o(.ARM.Collect$$rtentry$$00000004)
    __rt_entry_li                            0x08000393   Thumb Code     0  __rtentry2.o(.ARM.Collect$$rtentry$$0000000A)
    __rt_entry_postsh_1                      0x08000393   Thumb Code     0  __rtentry2.o(.ARM.Collect$$rtentry$$00000009)
    __rt_entry_main                          0x08000397   Thumb Code     0  __rtentry2.o(.ARM.Collect$$rtentry$$0000000D)
    __rt_entry_postli_1                      0x08000397   Thumb Code     0  __rtentry2.o(.ARM.Collect$$rtentry$$0000000C)
    __rt_exit                                0x0800039f   Thumb Code     0  rtexit.o(.ARM.Collect$$rtexit$$00000000)
    __rt_exit_ls                             0x080003a1   Thumb Code     0  rtexit2.o(.ARM.Collect$$rtexit$$00000003)
    __rt_exit_prels_1                        0x080003a1   Thumb Code     0  rtexit2.o(.ARM.Collect$$rtexit$$00000002)
    __rt_exit_exit                           0x080003a5   Thumb Code     0  rtexit2.o(.ARM.Collect$$rtexit$$00000004)
    Reset_Handler                            0x080003ad   Thumb Code     8  startup_stm32h723xx.o(.text)
    ADC3_IRQHandler                          0x080003c7   Thumb Code     0  startup_stm32h723xx.o(.text)
    ADC_IRQHandler                           0x080003c7   Thumb Code     0  startup_stm32h723xx.o(.text)
    BDMA_Channel0_IRQHandler                 0x080003c7   Thumb Code     0  startup_stm32h723xx.o(.text)
    BDMA_Channel1_IRQHandler                 0x080003c7   Thumb Code     0  startup_stm32h723xx.o(.text)
    BDMA_Channel2_IRQHandler                 0x080003c7   Thumb Code     0  startup_stm32h723xx.o(.text)
    BDMA_Channel3_IRQHandler                 0x080003c7   Thumb Code     0  startup_stm32h723xx.o(.text)
    BDMA_Channel4_IRQHandler                 0x080003c7   Thumb Code     0  startup_stm32h723xx.o(.text)
    BDMA_Channel5_IRQHandler                 0x080003c7   Thumb Code     0  startup_stm32h723xx.o(.text)
    BDMA_Channel6_IRQHandler                 0x080003c7   Thumb Code     0  startup_stm32h723xx.o(.text)
    BDMA_Channel7_IRQHandler                 0x080003c7   Thumb Code     0  startup_stm32h723xx.o(.text)
    CEC_IRQHandler                           0x080003c7   Thumb Code     0  startup_stm32h723xx.o(.text)
    COMP1_IRQHandler                         0x080003c7   Thumb Code     0  startup_stm32h723xx.o(.text)
    CORDIC_IRQHandler                        0x080003c7   Thumb Code     0  startup_stm32h723xx.o(.text)
    CRS_IRQHandler                           0x080003c7   Thumb Code     0  startup_stm32h723xx.o(.text)
    DCMI_PSSI_IRQHandler                     0x080003c7   Thumb Code     0  startup_stm32h723xx.o(.text)
    DFSDM1_FLT0_IRQHandler                   0x080003c7   Thumb Code     0  startup_stm32h723xx.o(.text)
    DFSDM1_FLT1_IRQHandler                   0x080003c7   Thumb Code     0  startup_stm32h723xx.o(.text)
    DFSDM1_FLT2_IRQHandler                   0x080003c7   Thumb Code     0  startup_stm32h723xx.o(.text)
    DFSDM1_FLT3_IRQHandler                   0x080003c7   Thumb Code     0  startup_stm32h723xx.o(.text)
    DMA1_Stream0_IRQHandler                  0x080003c7   Thumb Code     0  startup_stm32h723xx.o(.text)
    DMA1_Stream1_IRQHandler                  0x080003c7   Thumb Code     0  startup_stm32h723xx.o(.text)
    DMA1_Stream2_IRQHandler                  0x080003c7   Thumb Code     0  startup_stm32h723xx.o(.text)
    DMA1_Stream3_IRQHandler                  0x080003c7   Thumb Code     0  startup_stm32h723xx.o(.text)
    DMA1_Stream4_IRQHandler                  0x080003c7   Thumb Code     0  startup_stm32h723xx.o(.text)
    DMA1_Stream5_IRQHandler                  0x080003c7   Thumb Code     0  startup_stm32h723xx.o(.text)
    DMA1_Stream6_IRQHandler                  0x080003c7   Thumb Code     0  startup_stm32h723xx.o(.text)
    DMA1_Stream7_IRQHandler                  0x080003c7   Thumb Code     0  startup_stm32h723xx.o(.text)
    DMA2D_IRQHandler                         0x080003c7   Thumb Code     0  startup_stm32h723xx.o(.text)
    DMA2_Stream0_IRQHandler                  0x080003c7   Thumb Code     0  startup_stm32h723xx.o(.text)
    DMA2_Stream1_IRQHandler                  0x080003c7   Thumb Code     0  startup_stm32h723xx.o(.text)
    DMA2_Stream2_IRQHandler                  0x080003c7   Thumb Code     0  startup_stm32h723xx.o(.text)
    DMA2_Stream3_IRQHandler                  0x080003c7   Thumb Code     0  startup_stm32h723xx.o(.text)
    DMA2_Stream4_IRQHandler                  0x080003c7   Thumb Code     0  startup_stm32h723xx.o(.text)
    DMA2_Stream5_IRQHandler                  0x080003c7   Thumb Code     0  startup_stm32h723xx.o(.text)
    DMA2_Stream6_IRQHandler                  0x080003c7   Thumb Code     0  startup_stm32h723xx.o(.text)
    DMA2_Stream7_IRQHandler                  0x080003c7   Thumb Code     0  startup_stm32h723xx.o(.text)
    DMAMUX1_OVR_IRQHandler                   0x080003c7   Thumb Code     0  startup_stm32h723xx.o(.text)
    DMAMUX2_OVR_IRQHandler                   0x080003c7   Thumb Code     0  startup_stm32h723xx.o(.text)
    DTS_IRQHandler                           0x080003c7   Thumb Code     0  startup_stm32h723xx.o(.text)
    ECC_IRQHandler                           0x080003c7   Thumb Code     0  startup_stm32h723xx.o(.text)
    ETH_IRQHandler                           0x080003c7   Thumb Code     0  startup_stm32h723xx.o(.text)
    ETH_WKUP_IRQHandler                      0x080003c7   Thumb Code     0  startup_stm32h723xx.o(.text)
    EXTI0_IRQHandler                         0x080003c7   Thumb Code     0  startup_stm32h723xx.o(.text)
    EXTI15_10_IRQHandler                     0x080003c7   Thumb Code     0  startup_stm32h723xx.o(.text)
    EXTI1_IRQHandler                         0x080003c7   Thumb Code     0  startup_stm32h723xx.o(.text)
    EXTI2_IRQHandler                         0x080003c7   Thumb Code     0  startup_stm32h723xx.o(.text)
    EXTI3_IRQHandler                         0x080003c7   Thumb Code     0  startup_stm32h723xx.o(.text)
    EXTI4_IRQHandler                         0x080003c7   Thumb Code     0  startup_stm32h723xx.o(.text)
    EXTI9_5_IRQHandler                       0x080003c7   Thumb Code     0  startup_stm32h723xx.o(.text)
    FDCAN1_IT1_IRQHandler                    0x080003c7   Thumb Code     0  startup_stm32h723xx.o(.text)
    FDCAN2_IT1_IRQHandler                    0x080003c7   Thumb Code     0  startup_stm32h723xx.o(.text)
    FDCAN3_IT0_IRQHandler                    0x080003c7   Thumb Code     0  startup_stm32h723xx.o(.text)
    FDCAN3_IT1_IRQHandler                    0x080003c7   Thumb Code     0  startup_stm32h723xx.o(.text)
    FLASH_IRQHandler                         0x080003c7   Thumb Code     0  startup_stm32h723xx.o(.text)
    FMAC_IRQHandler                          0x080003c7   Thumb Code     0  startup_stm32h723xx.o(.text)
    FMC_IRQHandler                           0x080003c7   Thumb Code     0  startup_stm32h723xx.o(.text)
    FPU_IRQHandler                           0x080003c7   Thumb Code     0  startup_stm32h723xx.o(.text)
    HSEM1_IRQHandler                         0x080003c7   Thumb Code     0  startup_stm32h723xx.o(.text)
    I2C1_ER_IRQHandler                       0x080003c7   Thumb Code     0  startup_stm32h723xx.o(.text)
    I2C1_EV_IRQHandler                       0x080003c7   Thumb Code     0  startup_stm32h723xx.o(.text)
    I2C2_ER_IRQHandler                       0x080003c7   Thumb Code     0  startup_stm32h723xx.o(.text)
    I2C2_EV_IRQHandler                       0x080003c7   Thumb Code     0  startup_stm32h723xx.o(.text)
    I2C3_ER_IRQHandler                       0x080003c7   Thumb Code     0  startup_stm32h723xx.o(.text)
    I2C3_EV_IRQHandler                       0x080003c7   Thumb Code     0  startup_stm32h723xx.o(.text)
    I2C4_ER_IRQHandler                       0x080003c7   Thumb Code     0  startup_stm32h723xx.o(.text)
    I2C4_EV_IRQHandler                       0x080003c7   Thumb Code     0  startup_stm32h723xx.o(.text)
    I2C5_ER_IRQHandler                       0x080003c7   Thumb Code     0  startup_stm32h723xx.o(.text)
    I2C5_EV_IRQHandler                       0x080003c7   Thumb Code     0  startup_stm32h723xx.o(.text)
    LPTIM1_IRQHandler                        0x080003c7   Thumb Code     0  startup_stm32h723xx.o(.text)
    LPTIM2_IRQHandler                        0x080003c7   Thumb Code     0  startup_stm32h723xx.o(.text)
    LPTIM3_IRQHandler                        0x080003c7   Thumb Code     0  startup_stm32h723xx.o(.text)
    LPTIM4_IRQHandler                        0x080003c7   Thumb Code     0  startup_stm32h723xx.o(.text)
    LPTIM5_IRQHandler                        0x080003c7   Thumb Code     0  startup_stm32h723xx.o(.text)
    LPUART1_IRQHandler                       0x080003c7   Thumb Code     0  startup_stm32h723xx.o(.text)
    LTDC_ER_IRQHandler                       0x080003c7   Thumb Code     0  startup_stm32h723xx.o(.text)
    LTDC_IRQHandler                          0x080003c7   Thumb Code     0  startup_stm32h723xx.o(.text)
    MDIOS_IRQHandler                         0x080003c7   Thumb Code     0  startup_stm32h723xx.o(.text)
    MDIOS_WKUP_IRQHandler                    0x080003c7   Thumb Code     0  startup_stm32h723xx.o(.text)
    MDMA_IRQHandler                          0x080003c7   Thumb Code     0  startup_stm32h723xx.o(.text)
    OCTOSPI1_IRQHandler                      0x080003c7   Thumb Code     0  startup_stm32h723xx.o(.text)
    OCTOSPI2_IRQHandler                      0x080003c7   Thumb Code     0  startup_stm32h723xx.o(.text)
    OTG_HS_EP1_IN_IRQHandler                 0x080003c7   Thumb Code     0  startup_stm32h723xx.o(.text)
    OTG_HS_EP1_OUT_IRQHandler                0x080003c7   Thumb Code     0  startup_stm32h723xx.o(.text)
    OTG_HS_IRQHandler                        0x080003c7   Thumb Code     0  startup_stm32h723xx.o(.text)
    OTG_HS_WKUP_IRQHandler                   0x080003c7   Thumb Code     0  startup_stm32h723xx.o(.text)
    PVD_AVD_IRQHandler                       0x080003c7   Thumb Code     0  startup_stm32h723xx.o(.text)
    RCC_IRQHandler                           0x080003c7   Thumb Code     0  startup_stm32h723xx.o(.text)
    RNG_IRQHandler                           0x080003c7   Thumb Code     0  startup_stm32h723xx.o(.text)
    RTC_Alarm_IRQHandler                     0x080003c7   Thumb Code     0  startup_stm32h723xx.o(.text)
    RTC_WKUP_IRQHandler                      0x080003c7   Thumb Code     0  startup_stm32h723xx.o(.text)
    SAI1_IRQHandler                          0x080003c7   Thumb Code     0  startup_stm32h723xx.o(.text)
    SAI4_IRQHandler                          0x080003c7   Thumb Code     0  startup_stm32h723xx.o(.text)
    SDMMC1_IRQHandler                        0x080003c7   Thumb Code     0  startup_stm32h723xx.o(.text)
    SDMMC2_IRQHandler                        0x080003c7   Thumb Code     0  startup_stm32h723xx.o(.text)
    SPDIF_RX_IRQHandler                      0x080003c7   Thumb Code     0  startup_stm32h723xx.o(.text)
    SPI1_IRQHandler                          0x080003c7   Thumb Code     0  startup_stm32h723xx.o(.text)
    SPI2_IRQHandler                          0x080003c7   Thumb Code     0  startup_stm32h723xx.o(.text)
    SPI3_IRQHandler                          0x080003c7   Thumb Code     0  startup_stm32h723xx.o(.text)
    SPI4_IRQHandler                          0x080003c7   Thumb Code     0  startup_stm32h723xx.o(.text)
    SPI5_IRQHandler                          0x080003c7   Thumb Code     0  startup_stm32h723xx.o(.text)
    SPI6_IRQHandler                          0x080003c7   Thumb Code     0  startup_stm32h723xx.o(.text)
    SWPMI1_IRQHandler                        0x080003c7   Thumb Code     0  startup_stm32h723xx.o(.text)
    TAMP_STAMP_IRQHandler                    0x080003c7   Thumb Code     0  startup_stm32h723xx.o(.text)
    TIM15_IRQHandler                         0x080003c7   Thumb Code     0  startup_stm32h723xx.o(.text)
    TIM16_IRQHandler                         0x080003c7   Thumb Code     0  startup_stm32h723xx.o(.text)
    TIM17_IRQHandler                         0x080003c7   Thumb Code     0  startup_stm32h723xx.o(.text)
    TIM1_BRK_IRQHandler                      0x080003c7   Thumb Code     0  startup_stm32h723xx.o(.text)
    TIM1_CC_IRQHandler                       0x080003c7   Thumb Code     0  startup_stm32h723xx.o(.text)
    TIM1_TRG_COM_IRQHandler                  0x080003c7   Thumb Code     0  startup_stm32h723xx.o(.text)
    TIM1_UP_IRQHandler                       0x080003c7   Thumb Code     0  startup_stm32h723xx.o(.text)
    TIM23_IRQHandler                         0x080003c7   Thumb Code     0  startup_stm32h723xx.o(.text)
    TIM24_IRQHandler                         0x080003c7   Thumb Code     0  startup_stm32h723xx.o(.text)
    TIM2_IRQHandler                          0x080003c7   Thumb Code     0  startup_stm32h723xx.o(.text)
    TIM3_IRQHandler                          0x080003c7   Thumb Code     0  startup_stm32h723xx.o(.text)
    TIM4_IRQHandler                          0x080003c7   Thumb Code     0  startup_stm32h723xx.o(.text)
    TIM5_IRQHandler                          0x080003c7   Thumb Code     0  startup_stm32h723xx.o(.text)
    TIM7_IRQHandler                          0x080003c7   Thumb Code     0  startup_stm32h723xx.o(.text)
    TIM8_BRK_TIM12_IRQHandler                0x080003c7   Thumb Code     0  startup_stm32h723xx.o(.text)
    TIM8_CC_IRQHandler                       0x080003c7   Thumb Code     0  startup_stm32h723xx.o(.text)
    TIM8_TRG_COM_TIM14_IRQHandler            0x080003c7   Thumb Code     0  startup_stm32h723xx.o(.text)
    TIM8_UP_TIM13_IRQHandler                 0x080003c7   Thumb Code     0  startup_stm32h723xx.o(.text)
    UART4_IRQHandler                         0x080003c7   Thumb Code     0  startup_stm32h723xx.o(.text)
    UART5_IRQHandler                         0x080003c7   Thumb Code     0  startup_stm32h723xx.o(.text)
    UART7_IRQHandler                         0x080003c7   Thumb Code     0  startup_stm32h723xx.o(.text)
    UART8_IRQHandler                         0x080003c7   Thumb Code     0  startup_stm32h723xx.o(.text)
    UART9_IRQHandler                         0x080003c7   Thumb Code     0  startup_stm32h723xx.o(.text)
    USART10_IRQHandler                       0x080003c7   Thumb Code     0  startup_stm32h723xx.o(.text)
    USART1_IRQHandler                        0x080003c7   Thumb Code     0  startup_stm32h723xx.o(.text)
    USART2_IRQHandler                        0x080003c7   Thumb Code     0  startup_stm32h723xx.o(.text)
    USART3_IRQHandler                        0x080003c7   Thumb Code     0  startup_stm32h723xx.o(.text)
    USART6_IRQHandler                        0x080003c7   Thumb Code     0  startup_stm32h723xx.o(.text)
    WAKEUP_PIN_IRQHandler                    0x080003c7   Thumb Code     0  startup_stm32h723xx.o(.text)
    WWDG_IRQHandler                          0x080003c7   Thumb Code     0  startup_stm32h723xx.o(.text)
    __user_initial_stackheap                 0x080003c9   Thumb Code     0  startup_stm32h723xx.o(.text)
    __aeabi_memcpy4                          0x080003ed   Thumb Code     0  rt_memcpy_w.o(.text)
    __aeabi_memcpy8                          0x080003ed   Thumb Code     0  rt_memcpy_w.o(.text)
    __rt_memcpy_w                            0x080003ed   Thumb Code   100  rt_memcpy_w.o(.text)
    _memcpy_lastbytes_aligned                0x08000435   Thumb Code     0  rt_memcpy_w.o(.text)
    __aeabi_memclr4                          0x08000451   Thumb Code     0  rt_memclr_w.o(.text)
    __aeabi_memclr8                          0x08000451   Thumb Code     0  rt_memclr_w.o(.text)
    __rt_memclr_w                            0x08000451   Thumb Code    78  rt_memclr_w.o(.text)
    _memset_w                                0x08000455   Thumb Code     0  rt_memclr_w.o(.text)
    __use_two_region_memory                  0x0800049f   Thumb Code     2  heapauxi.o(.text)
    __rt_heap_escrow$2region                 0x080004a1   Thumb Code     2  heapauxi.o(.text)
    __rt_heap_expand$2region                 0x080004a3   Thumb Code     2  heapauxi.o(.text)
    __user_setup_stackheap                   0x080004a5   Thumb Code    74  sys_stackheap_outer.o(.text)
    exit                                     0x080004ef   Thumb Code    18  exit.o(.text)
    __user_libspace                          0x08000501   Thumb Code     8  libspace.o(.text)
    __user_perproc_libspace                  0x08000501   Thumb Code     0  libspace.o(.text)
    __user_perthread_libspace                0x08000501   Thumb Code     0  libspace.o(.text)
    _sys_exit                                0x08000509   Thumb Code     8  sys_exit.o(.text)
    __I$use$semihosting                      0x08000515   Thumb Code     0  use_no_semi.o(.text)
    __use_no_semihosting_swi                 0x08000515   Thumb Code     2  use_no_semi.o(.text)
    BusFault_Handler                         0x08000517   Thumb Code     2  stm32h7xx_it.o(i.BusFault_Handler)
    __semihosting_library_function           0x08000517   Thumb Code     0  indicate_semi.o(.text)
    CAN1_cmd_motor                           0x08000519   Thumb Code   150  bsp_can.o(i.CAN1_cmd_motor)
    CAN2_cmd_motor                           0x080005bd   Thumb Code   150  bsp_can.o(i.CAN2_cmd_motor)
    DebugMon_Handler                         0x080006e5   Thumb Code     2  stm32h7xx_it.o(i.DebugMon_Handler)
    Error_Handler                            0x080006e7   Thumb Code     4  main.o(i.Error_Handler)
    FDCAN1_IT0_IRQHandler                    0x080006ed   Thumb Code     6  stm32h7xx_it.o(i.FDCAN1_IT0_IRQHandler)
    FDCAN2_IT0_IRQHandler                    0x080006f9   Thumb Code     6  stm32h7xx_it.o(i.FDCAN2_IT0_IRQHandler)
    FDCAN_CAL_IRQHandler                     0x08000705   Thumb Code    18  stm32h7xx_it.o(i.FDCAN_CAL_IRQHandler)
    HAL_FDCAN_ActivateNotification           0x08000965   Thumb Code   126  stm32h7xx_hal_fdcan.o(i.HAL_FDCAN_ActivateNotification)
    HAL_FDCAN_AddMessageToTxFifoQ            0x080009ed   Thumb Code   102  stm32h7xx_hal_fdcan.o(i.HAL_FDCAN_AddMessageToTxFifoQ)
    HAL_FDCAN_ClockCalibrationCallback       0x08000a53   Thumb Code     2  stm32h7xx_hal_fdcan.o(i.HAL_FDCAN_ClockCalibrationCallback)
    HAL_FDCAN_ConfigFilter                   0x08000a55   Thumb Code   126  stm32h7xx_hal_fdcan.o(i.HAL_FDCAN_ConfigFilter)
    HAL_FDCAN_ErrorCallback                  0x08000ad3   Thumb Code     2  stm32h7xx_hal_fdcan.o(i.HAL_FDCAN_ErrorCallback)
    HAL_FDCAN_ErrorStatusCallback            0x08000ad5   Thumb Code     2  stm32h7xx_hal_fdcan.o(i.HAL_FDCAN_ErrorStatusCallback)
    HAL_FDCAN_GetRxMessage                   0x08000ad9   Thumb Code   392  stm32h7xx_hal_fdcan.o(i.HAL_FDCAN_GetRxMessage)
    HAL_FDCAN_HighPriorityMessageCallback    0x08000c65   Thumb Code     2  stm32h7xx_hal_fdcan.o(i.HAL_FDCAN_HighPriorityMessageCallback)
    HAL_FDCAN_IRQHandler                     0x08000c69   Thumb Code   788  stm32h7xx_hal_fdcan.o(i.HAL_FDCAN_IRQHandler)
    HAL_FDCAN_Init                           0x08000f89   Thumb Code   572  stm32h7xx_hal_fdcan.o(i.HAL_FDCAN_Init)
    HAL_FDCAN_MspInit                        0x080011cd   Thumb Code   286  fdcan.o(i.HAL_FDCAN_MspInit)
    HAL_FDCAN_RxBufferNewMessageCallback     0x08001305   Thumb Code     2  stm32h7xx_hal_fdcan.o(i.HAL_FDCAN_RxBufferNewMessageCallback)
    HAL_FDCAN_RxFifo0Callback                0x08001309   Thumb Code   206  bsp_can.o(i.HAL_FDCAN_RxFifo0Callback)
    HAL_FDCAN_RxFifo1Callback                0x080013ed   Thumb Code     2  stm32h7xx_hal_fdcan.o(i.HAL_FDCAN_RxFifo1Callback)
    HAL_FDCAN_Start                          0x080013ef   Thumb Code    50  stm32h7xx_hal_fdcan.o(i.HAL_FDCAN_Start)
    HAL_FDCAN_TT_GlobalTimeCallback          0x08001421   Thumb Code     2  stm32h7xx_hal_fdcan.o(i.HAL_FDCAN_TT_GlobalTimeCallback)
    HAL_FDCAN_TT_ScheduleSyncCallback        0x08001423   Thumb Code     2  stm32h7xx_hal_fdcan.o(i.HAL_FDCAN_TT_ScheduleSyncCallback)
    HAL_FDCAN_TT_StopWatchCallback           0x08001425   Thumb Code     2  stm32h7xx_hal_fdcan.o(i.HAL_FDCAN_TT_StopWatchCallback)
    HAL_FDCAN_TT_TimeMarkCallback            0x08001427   Thumb Code     2  stm32h7xx_hal_fdcan.o(i.HAL_FDCAN_TT_TimeMarkCallback)
    HAL_FDCAN_TimeoutOccurredCallback        0x08001429   Thumb Code     2  stm32h7xx_hal_fdcan.o(i.HAL_FDCAN_TimeoutOccurredCallback)
    HAL_FDCAN_TimestampWraparoundCallback    0x0800142b   Thumb Code     2  stm32h7xx_hal_fdcan.o(i.HAL_FDCAN_TimestampWraparoundCallback)
    HAL_FDCAN_TxBufferAbortCallback          0x0800142d   Thumb Code     2  stm32h7xx_hal_fdcan.o(i.HAL_FDCAN_TxBufferAbortCallback)
    HAL_FDCAN_TxBufferCompleteCallback       0x0800142f   Thumb Code     2  stm32h7xx_hal_fdcan.o(i.HAL_FDCAN_TxBufferCompleteCallback)
    HAL_FDCAN_TxEventFifoCallback            0x08001431   Thumb Code     2  stm32h7xx_hal_fdcan.o(i.HAL_FDCAN_TxEventFifoCallback)
    HAL_FDCAN_TxFifoEmptyCallback            0x08001433   Thumb Code     2  stm32h7xx_hal_fdcan.o(i.HAL_FDCAN_TxFifoEmptyCallback)
    HAL_GPIO_Init                            0x08001435   Thumb Code   496  stm32h7xx_hal_gpio.o(i.HAL_GPIO_Init)
    HAL_GPIO_WritePin                        0x08001651   Thumb Code    10  stm32h7xx_hal_gpio.o(i.HAL_GPIO_WritePin)
    HAL_GetTick                              0x0800165d   Thumb Code     6  stm32h7xx_hal.o(i.HAL_GetTick)
    HAL_IncTick                              0x08001669   Thumb Code    12  stm32h7xx_hal.o(i.HAL_IncTick)
    HAL_Init                                 0x08001679   Thumb Code    74  stm32h7xx_hal.o(i.HAL_Init)
    HAL_InitTick                             0x080016d5   Thumb Code    56  stm32h7xx_hal.o(i.HAL_InitTick)
    HAL_MPU_ConfigRegion                     0x08001715   Thumb Code    86  stm32h7xx_hal_cortex.o(i.HAL_MPU_ConfigRegion)
    HAL_MPU_Disable                          0x08001771   Thumb Code    24  stm32h7xx_hal_cortex.o(i.HAL_MPU_Disable)
    HAL_MPU_Enable                           0x0800178d   Thumb Code    30  stm32h7xx_hal_cortex.o(i.HAL_MPU_Enable)
    HAL_MspInit                              0x080017b1   Thumb Code    22  stm32h7xx_hal_msp.o(i.HAL_MspInit)
    HAL_NVIC_EnableIRQ                       0x080017cd   Thumb Code    26  stm32h7xx_hal_cortex.o(i.HAL_NVIC_EnableIRQ)
    HAL_NVIC_SetPriority                     0x080017e9   Thumb Code    60  stm32h7xx_hal_cortex.o(i.HAL_NVIC_SetPriority)
    HAL_NVIC_SetPriorityGrouping             0x08001829   Thumb Code    28  stm32h7xx_hal_cortex.o(i.HAL_NVIC_SetPriorityGrouping)
    HAL_PWREx_ConfigSupply                   0x0800184d   Thumb Code    78  stm32h7xx_hal_pwr_ex.o(i.HAL_PWREx_ConfigSupply)
    HAL_RCCEx_PeriphCLKConfig                0x080018a1   Thumb Code  2362  stm32h7xx_hal_rcc_ex.o(i.HAL_RCCEx_PeriphCLKConfig)
    HAL_RCC_ClockConfig                      0x080021dd   Thumb Code   580  stm32h7xx_hal_rcc.o(i.HAL_RCC_ClockConfig)
    HAL_RCC_GetSysClockFreq                  0x08002439   Thumb Code   278  stm32h7xx_hal_rcc.o(i.HAL_RCC_GetSysClockFreq)
    HAL_RCC_OscConfig                        0x08002571   Thumb Code  1318  stm32h7xx_hal_rcc.o(i.HAL_RCC_OscConfig)
    HAL_SYSTICK_Config                       0x08002a97   Thumb Code    38  stm32h7xx_hal_cortex.o(i.HAL_SYSTICK_Config)
    HAL_TIMEx_Break2Callback                 0x08002abd   Thumb Code     2  stm32h7xx_hal_tim_ex.o(i.HAL_TIMEx_Break2Callback)
    HAL_TIMEx_BreakCallback                  0x08002abf   Thumb Code     2  stm32h7xx_hal_tim_ex.o(i.HAL_TIMEx_BreakCallback)
    HAL_TIMEx_CommutCallback                 0x08002ac1   Thumb Code     2  stm32h7xx_hal_tim_ex.o(i.HAL_TIMEx_CommutCallback)
    HAL_TIMEx_MasterConfigSynchronization    0x08002ac5   Thumb Code   146  stm32h7xx_hal_tim_ex.o(i.HAL_TIMEx_MasterConfigSynchronization)
    HAL_TIM_Base_Init                        0x08002b7d   Thumb Code    98  stm32h7xx_hal_tim.o(i.HAL_TIM_Base_Init)
    HAL_TIM_Base_MspInit                     0x08002be1   Thumb Code    50  tim.o(i.HAL_TIM_Base_MspInit)
    HAL_TIM_Base_Start_IT                    0x08002c1d   Thumb Code   118  stm32h7xx_hal_tim.o(i.HAL_TIM_Base_Start_IT)
    HAL_TIM_IC_CaptureCallback               0x08002cbd   Thumb Code     2  stm32h7xx_hal_tim.o(i.HAL_TIM_IC_CaptureCallback)
    HAL_TIM_IRQHandler                       0x08002cbf   Thumb Code   328  stm32h7xx_hal_tim.o(i.HAL_TIM_IRQHandler)
    HAL_TIM_OC_DelayElapsedCallback          0x08002e07   Thumb Code     2  stm32h7xx_hal_tim.o(i.HAL_TIM_OC_DelayElapsedCallback)
    HAL_TIM_PWM_PulseFinishedCallback        0x08002e09   Thumb Code     2  stm32h7xx_hal_tim.o(i.HAL_TIM_PWM_PulseFinishedCallback)
    HAL_TIM_PeriodElapsedCallback            0x08002e0d   Thumb Code    82  main.o(i.HAL_TIM_PeriodElapsedCallback)
    HAL_TIM_TriggerCallback                  0x08002e81   Thumb Code     2  stm32h7xx_hal_tim.o(i.HAL_TIM_TriggerCallback)
    HardFault_Handler                        0x08002e83   Thumb Code     2  stm32h7xx_it.o(i.HardFault_Handler)
    MX_FDCAN1_Init                           0x08002e85   Thumb Code    96  fdcan.o(i.MX_FDCAN1_Init)
    MX_FDCAN2_Init                           0x08002eed   Thumb Code   100  fdcan.o(i.MX_FDCAN2_Init)
    MX_GPIO_Init                             0x08002f59   Thumb Code   186  gpio.o(i.MX_GPIO_Init)
    MX_TIM6_Init                             0x08003021   Thumb Code    62  tim.o(i.MX_TIM6_Init)
    MemManage_Handler                        0x08003069   Thumb Code     2  stm32h7xx_it.o(i.MemManage_Handler)
    NMI_Handler                              0x0800306b   Thumb Code     2  stm32h7xx_it.o(i.NMI_Handler)
    PID_MODEL_initialize                     0x0800306d   Thumb Code    64  pid_model.o(i.PID_MODEL_initialize)
    PID_MODEL_step                           0x080030b5   Thumb Code  6170  pid_model.o(i.PID_MODEL_step)
    PID_Speed_Para_Init                      0x080048d5   Thumb Code   250  motorctrl.o(i.PID_Speed_Para_Init)
    PendSV_Handler                           0x080049d5   Thumb Code     2  stm32h7xx_it.o(i.PendSV_Handler)
    SVC_Handler                              0x08004c19   Thumb Code     2  stm32h7xx_it.o(i.SVC_Handler)
    SysTick_Handler                          0x08004c1b   Thumb Code     4  stm32h7xx_it.o(i.SysTick_Handler)
    SystemClock_Config                       0x08004c21   Thumb Code   146  main.o(i.SystemClock_Config)
    SystemInit                               0x08004cb9   Thumb Code   158  system_stm32h7xx.o(i.SystemInit)
    TIM6_DAC_IRQHandler                      0x08004d79   Thumb Code     6  stm32h7xx_it.o(i.TIM6_DAC_IRQHandler)
    TIM_Base_SetConfig                       0x08004d85   Thumb Code   188  stm32h7xx_hal_tim.o(i.TIM_Base_SetConfig)
    UsageFault_Handler                       0x08004e69   Thumb Code     2  stm32h7xx_it.o(i.UsageFault_Handler)
    assign_output                            0x08004e8d   Thumb Code   610  motorctrl.o(i.assign_output)
    can_filter_init                          0x08005101   Thumb Code    74  bsp_can.o(i.can_filter_init)
    circle_cc                                0x08005155   Thumb Code    38  bsp_can.o(i.circle_cc)
    get_msgn                                 0x0800517d   Thumb Code   850  motorctrl.o(i.get_msgn)
    main                                     0x080054dd   Thumb Code   316  main.o(i.main)
    motor_state_update                       0x08005625   Thumb Code    72  bsp_can.o(i.motor_state_update)
    set_mode                                 0x08005671   Thumb Code   172  motorctrl.o(i.set_mode)
    _fp_init                                 0x08005721   Thumb Code    10  fpinit.o(x$fpl$fpinit)
    __fplib_config_fpu_vfp                   0x08005729   Thumb Code     0  fpinit.o(x$fpl$fpinit)
    __fplib_config_pureend_doubles           0x08005729   Thumb Code     0  fpinit.o(x$fpl$fpinit)
    D1CorePrescTable                         0x08005788   Data          16  system_stm32h7xx.o(.constdata)
    Region$$Table$$Base                      0x08005798   Number         0  anon$$obj.o(Region$$Table)
    Region$$Table$$Limit                     0x080057b8   Number         0  anon$$obj.o(Region$$Table)
    uwTickFreq                               0x24000004   Data           1  stm32h7xx_hal.o(.data)
    uwTickPrio                               0x24000008   Data           4  stm32h7xx_hal.o(.data)
    uwTick                                   0x2400000c   Data           4  stm32h7xx_hal.o(.data)
    SystemCoreClock                          0x24000010   Data           4  system_stm32h7xx.o(.data)
    SystemD2Clock                            0x24000014   Data           4  system_stm32h7xx.o(.data)
    rtP                                      0x2400003c   Data         616  pid_model_data.o(.data)
    cnt                                      0x240002a4   Data          40  main.o(.bss)
    hfdcan1                                  0x240002cc   Data         160  fdcan.o(.bss)
    hfdcan2                                  0x2400036c   Data         160  fdcan.o(.bss)
    htim6                                    0x2400040c   Data          76  tim.o(.bss)
    temp                                     0x24000558   Data          40  bsp_can.o(.bss)
    motor_data_can1                          0x24000580   Data          32  bsp_can.o(.bss)
    motor_data_can2                          0x240005a0   Data          32  bsp_can.o(.bss)
    output                                   0x24000650   Data         128  motorctrl.o(.bss)
    MotorSignal                              0x240006d0   Data         256  motorctrl.o(.bss)
    rtDW                                     0x240007d0   Data         420  pid_model.o(.bss)
    rtU                                      0x24000974   Data         336  pid_model.o(.bss)
    rtY                                      0x24000ac4   Data         168  pid_model.o(.bss)
    __libspace_start                         0x24000b6c   Data          96  libspace.o(.bss)
    __temporary_stack_top$libspace           0x24000bcc   Data           0  libspace.o(.bss)



==============================================================================

Memory Map of the image

  Image Entry point : 0x080002cd

  Load Region LR_IROM1 (Base: 0x08000000, Size: 0x00005a5c, Max: 0x00100000, ABSOLUTE, COMPRESSED[0x000057d4])

    Execution Region ER_IROM1 (Exec base: 0x08000000, Load base: 0x08000000, Size: 0x000057b8, Max: 0x00100000, ABSOLUTE)

    Exec Addr    Load Addr    Size         Type   Attr      Idx    E Section Name        Object

    0x08000000   0x08000000   0x000002cc   Data   RO            3    RESET               startup_stm32h723xx.o
    0x080002cc   0x080002cc   0x00000008   Code   RO         4794  * !!!main             c_w.l(__main.o)
    0x080002d4   0x080002d4   0x00000034   Code   RO         4955    !!!scatter          c_w.l(__scatter.o)
    0x08000308   0x08000308   0x0000005a   Code   RO         4953    !!dczerorl2         c_w.l(__dczerorl2.o)
    0x08000362   0x08000362   0x00000002   PAD
    0x08000364   0x08000364   0x0000001c   Code   RO         4957    !!handler_zi        c_w.l(__scatter_zi.o)
    0x08000380   0x08000380   0x00000002   Code   RO         4821    .ARM.Collect$$libinit$$00000000  c_w.l(libinit.o)
    0x08000382   0x08000382   0x00000004   Code   RO         4827    .ARM.Collect$$libinit$$00000001  c_w.l(libinit2.o)
    0x08000386   0x08000386   0x00000000   Code   RO         4830    .ARM.Collect$$libinit$$00000004  c_w.l(libinit2.o)
    0x08000386   0x08000386   0x00000000   Code   RO         4833    .ARM.Collect$$libinit$$0000000A  c_w.l(libinit2.o)
    0x08000386   0x08000386   0x00000000   Code   RO         4835    .ARM.Collect$$libinit$$0000000C  c_w.l(libinit2.o)
    0x08000386   0x08000386   0x00000000   Code   RO         4837    .ARM.Collect$$libinit$$0000000E  c_w.l(libinit2.o)
    0x08000386   0x08000386   0x00000000   Code   RO         4840    .ARM.Collect$$libinit$$00000011  c_w.l(libinit2.o)
    0x08000386   0x08000386   0x00000000   Code   RO         4842    .ARM.Collect$$libinit$$00000013  c_w.l(libinit2.o)
    0x08000386   0x08000386   0x00000000   Code   RO         4844    .ARM.Collect$$libinit$$00000015  c_w.l(libinit2.o)
    0x08000386   0x08000386   0x00000000   Code   RO         4846    .ARM.Collect$$libinit$$00000017  c_w.l(libinit2.o)
    0x08000386   0x08000386   0x00000000   Code   RO         4848    .ARM.Collect$$libinit$$00000019  c_w.l(libinit2.o)
    0x08000386   0x08000386   0x00000000   Code   RO         4850    .ARM.Collect$$libinit$$0000001B  c_w.l(libinit2.o)
    0x08000386   0x08000386   0x00000000   Code   RO         4852    .ARM.Collect$$libinit$$0000001D  c_w.l(libinit2.o)
    0x08000386   0x08000386   0x00000000   Code   RO         4854    .ARM.Collect$$libinit$$0000001F  c_w.l(libinit2.o)
    0x08000386   0x08000386   0x00000000   Code   RO         4856    .ARM.Collect$$libinit$$00000021  c_w.l(libinit2.o)
    0x08000386   0x08000386   0x00000000   Code   RO         4858    .ARM.Collect$$libinit$$00000023  c_w.l(libinit2.o)
    0x08000386   0x08000386   0x00000000   Code   RO         4860    .ARM.Collect$$libinit$$00000025  c_w.l(libinit2.o)
    0x08000386   0x08000386   0x00000000   Code   RO         4864    .ARM.Collect$$libinit$$0000002C  c_w.l(libinit2.o)
    0x08000386   0x08000386   0x00000000   Code   RO         4866    .ARM.Collect$$libinit$$0000002E  c_w.l(libinit2.o)
    0x08000386   0x08000386   0x00000000   Code   RO         4868    .ARM.Collect$$libinit$$00000030  c_w.l(libinit2.o)
    0x08000386   0x08000386   0x00000000   Code   RO         4870    .ARM.Collect$$libinit$$00000032  c_w.l(libinit2.o)
    0x08000386   0x08000386   0x00000002   Code   RO         4871    .ARM.Collect$$libinit$$00000033  c_w.l(libinit2.o)
    0x08000388   0x08000388   0x00000002   Code   RO         4891    .ARM.Collect$$libshutdown$$00000000  c_w.l(libshutdown.o)
    0x0800038a   0x0800038a   0x00000000   Code   RO         4904    .ARM.Collect$$libshutdown$$00000002  c_w.l(libshutdown2.o)
    0x0800038a   0x0800038a   0x00000000   Code   RO         4906    .ARM.Collect$$libshutdown$$00000004  c_w.l(libshutdown2.o)
    0x0800038a   0x0800038a   0x00000000   Code   RO         4908    .ARM.Collect$$libshutdown$$00000006  c_w.l(libshutdown2.o)
    0x0800038a   0x0800038a   0x00000000   Code   RO         4911    .ARM.Collect$$libshutdown$$00000009  c_w.l(libshutdown2.o)
    0x0800038a   0x0800038a   0x00000000   Code   RO         4914    .ARM.Collect$$libshutdown$$0000000C  c_w.l(libshutdown2.o)
    0x0800038a   0x0800038a   0x00000000   Code   RO         4916    .ARM.Collect$$libshutdown$$0000000E  c_w.l(libshutdown2.o)
    0x0800038a   0x0800038a   0x00000000   Code   RO         4919    .ARM.Collect$$libshutdown$$00000011  c_w.l(libshutdown2.o)
    0x0800038a   0x0800038a   0x00000002   Code   RO         4920    .ARM.Collect$$libshutdown$$00000012  c_w.l(libshutdown2.o)
    0x0800038c   0x0800038c   0x00000000   Code   RO         4796    .ARM.Collect$$rtentry$$00000000  c_w.l(__rtentry.o)
    0x0800038c   0x0800038c   0x00000000   Code   RO         4798    .ARM.Collect$$rtentry$$00000002  c_w.l(__rtentry2.o)
    0x0800038c   0x0800038c   0x00000006   Code   RO         4810    .ARM.Collect$$rtentry$$00000004  c_w.l(__rtentry4.o)
    0x08000392   0x08000392   0x00000000   Code   RO         4800    .ARM.Collect$$rtentry$$00000009  c_w.l(__rtentry2.o)
    0x08000392   0x08000392   0x00000004   Code   RO         4801    .ARM.Collect$$rtentry$$0000000A  c_w.l(__rtentry2.o)
    0x08000396   0x08000396   0x00000000   Code   RO         4803    .ARM.Collect$$rtentry$$0000000C  c_w.l(__rtentry2.o)
    0x08000396   0x08000396   0x00000008   Code   RO         4804    .ARM.Collect$$rtentry$$0000000D  c_w.l(__rtentry2.o)
    0x0800039e   0x0800039e   0x00000002   Code   RO         4825    .ARM.Collect$$rtexit$$00000000  c_w.l(rtexit.o)
    0x080003a0   0x080003a0   0x00000000   Code   RO         4873    .ARM.Collect$$rtexit$$00000002  c_w.l(rtexit2.o)
    0x080003a0   0x080003a0   0x00000004   Code   RO         4874    .ARM.Collect$$rtexit$$00000003  c_w.l(rtexit2.o)
    0x080003a4   0x080003a4   0x00000006   Code   RO         4875    .ARM.Collect$$rtexit$$00000004  c_w.l(rtexit2.o)
    0x080003aa   0x080003aa   0x00000002   PAD
    0x080003ac   0x080003ac   0x00000040   Code   RO            4    .text               startup_stm32h723xx.o
    0x080003ec   0x080003ec   0x00000064   Code   RO         4788    .text               c_w.l(rt_memcpy_w.o)
    0x08000450   0x08000450   0x0000004e   Code   RO         4790    .text               c_w.l(rt_memclr_w.o)
    0x0800049e   0x0800049e   0x00000006   Code   RO         4792    .text               c_w.l(heapauxi.o)
    0x080004a4   0x080004a4   0x0000004a   Code   RO         4812    .text               c_w.l(sys_stackheap_outer.o)
    0x080004ee   0x080004ee   0x00000012   Code   RO         4814    .text               c_w.l(exit.o)
    0x08000500   0x08000500   0x00000008   Code   RO         4822    .text               c_w.l(libspace.o)
    0x08000508   0x08000508   0x0000000c   Code   RO         4883    .text               c_w.l(sys_exit.o)
    0x08000514   0x08000514   0x00000002   Code   RO         4894    .text               c_w.l(use_no_semi.o)
    0x08000516   0x08000516   0x00000000   Code   RO         4896    .text               c_w.l(indicate_semi.o)
    0x08000516   0x08000516   0x00000002   Code   RO          354    i.BusFault_Handler  stm32h7xx_it.o
    0x08000518   0x08000518   0x000000a4   Code   RO         4574    i.CAN1_cmd_motor    bsp_can.o
    0x080005bc   0x080005bc   0x000000a4   Code   RO         4575    i.CAN2_cmd_motor    bsp_can.o
    0x08000660   0x08000660   0x00000084   Code   RO         4738    i.Chart1            pid_model.o
    0x080006e4   0x080006e4   0x00000002   Code   RO          355    i.DebugMon_Handler  stm32h7xx_it.o
    0x080006e6   0x080006e6   0x00000004   Code   RO           13    i.Error_Handler     main.o
    0x080006ea   0x080006ea   0x00000002   PAD
    0x080006ec   0x080006ec   0x0000000c   Code   RO          356    i.FDCAN1_IT0_IRQHandler  stm32h7xx_it.o
    0x080006f8   0x080006f8   0x0000000c   Code   RO          357    i.FDCAN2_IT0_IRQHandler  stm32h7xx_it.o
    0x08000704   0x08000704   0x0000001c   Code   RO          358    i.FDCAN_CAL_IRQHandler  stm32h7xx_it.o
    0x08000720   0x08000720   0x000001c8   Code   RO         2900    i.FDCAN_CalcultateRamBlockAddresses  stm32h7xx_hal_fdcan.o
    0x080008e8   0x080008e8   0x0000007c   Code   RO         2901    i.FDCAN_CopyMessageToRAM  stm32h7xx_hal_fdcan.o
    0x08000964   0x08000964   0x00000088   Code   RO         2903    i.HAL_FDCAN_ActivateNotification  stm32h7xx_hal_fdcan.o
    0x080009ec   0x080009ec   0x00000066   Code   RO         2905    i.HAL_FDCAN_AddMessageToTxFifoQ  stm32h7xx_hal_fdcan.o
    0x08000a52   0x08000a52   0x00000002   Code   RO         2906    i.HAL_FDCAN_ClockCalibrationCallback  stm32h7xx_hal_fdcan.o
    0x08000a54   0x08000a54   0x0000007e   Code   RO         2910    i.HAL_FDCAN_ConfigFilter  stm32h7xx_hal_fdcan.o
    0x08000ad2   0x08000ad2   0x00000002   Code   RO         2932    i.HAL_FDCAN_ErrorCallback  stm32h7xx_hal_fdcan.o
    0x08000ad4   0x08000ad4   0x00000002   Code   RO         2933    i.HAL_FDCAN_ErrorStatusCallback  stm32h7xx_hal_fdcan.o
    0x08000ad6   0x08000ad6   0x00000002   PAD
    0x08000ad8   0x08000ad8   0x0000018c   Code   RO         2944    i.HAL_FDCAN_GetRxMessage  stm32h7xx_hal_fdcan.o
    0x08000c64   0x08000c64   0x00000002   Code   RO         2950    i.HAL_FDCAN_HighPriorityMessageCallback  stm32h7xx_hal_fdcan.o
    0x08000c66   0x08000c66   0x00000002   PAD
    0x08000c68   0x08000c68   0x00000320   Code   RO         2951    i.HAL_FDCAN_IRQHandler  stm32h7xx_hal_fdcan.o
    0x08000f88   0x08000f88   0x00000244   Code   RO         2952    i.HAL_FDCAN_Init    stm32h7xx_hal_fdcan.o
    0x080011cc   0x080011cc   0x00000138   Code   RO          234    i.HAL_FDCAN_MspInit  fdcan.o
    0x08001304   0x08001304   0x00000002   Code   RO         2961    i.HAL_FDCAN_RxBufferNewMessageCallback  stm32h7xx_hal_fdcan.o
    0x08001306   0x08001306   0x00000002   PAD
    0x08001308   0x08001308   0x000000e4   Code   RO         4576    i.HAL_FDCAN_RxFifo0Callback  bsp_can.o
    0x080013ec   0x080013ec   0x00000002   Code   RO         2963    i.HAL_FDCAN_RxFifo1Callback  stm32h7xx_hal_fdcan.o
    0x080013ee   0x080013ee   0x00000032   Code   RO         2964    i.HAL_FDCAN_Start   stm32h7xx_hal_fdcan.o
    0x08001420   0x08001420   0x00000002   Code   RO         2986    i.HAL_FDCAN_TT_GlobalTimeCallback  stm32h7xx_hal_fdcan.o
    0x08001422   0x08001422   0x00000002   Code   RO         2987    i.HAL_FDCAN_TT_ScheduleSyncCallback  stm32h7xx_hal_fdcan.o
    0x08001424   0x08001424   0x00000002   Code   RO         2992    i.HAL_FDCAN_TT_StopWatchCallback  stm32h7xx_hal_fdcan.o
    0x08001426   0x08001426   0x00000002   Code   RO         2993    i.HAL_FDCAN_TT_TimeMarkCallback  stm32h7xx_hal_fdcan.o
    0x08001428   0x08001428   0x00000002   Code   RO         2994    i.HAL_FDCAN_TimeoutOccurredCallback  stm32h7xx_hal_fdcan.o
    0x0800142a   0x0800142a   0x00000002   Code   RO         2995    i.HAL_FDCAN_TimestampWraparoundCallback  stm32h7xx_hal_fdcan.o
    0x0800142c   0x0800142c   0x00000002   Code   RO         2996    i.HAL_FDCAN_TxBufferAbortCallback  stm32h7xx_hal_fdcan.o
    0x0800142e   0x0800142e   0x00000002   Code   RO         2997    i.HAL_FDCAN_TxBufferCompleteCallback  stm32h7xx_hal_fdcan.o
    0x08001430   0x08001430   0x00000002   Code   RO         2998    i.HAL_FDCAN_TxEventFifoCallback  stm32h7xx_hal_fdcan.o
    0x08001432   0x08001432   0x00000002   Code   RO         2999    i.HAL_FDCAN_TxFifoEmptyCallback  stm32h7xx_hal_fdcan.o
    0x08001434   0x08001434   0x0000021c   Code   RO         1112    i.HAL_GPIO_Init     stm32h7xx_hal_gpio.o
    0x08001650   0x08001650   0x0000000a   Code   RO         1116    i.HAL_GPIO_WritePin  stm32h7xx_hal_gpio.o
    0x0800165a   0x0800165a   0x00000002   PAD
    0x0800165c   0x0800165c   0x0000000c   Code   RO         1977    i.HAL_GetTick       stm32h7xx_hal.o
    0x08001668   0x08001668   0x00000010   Code   RO         1983    i.HAL_IncTick       stm32h7xx_hal.o
    0x08001678   0x08001678   0x0000005c   Code   RO         1984    i.HAL_Init          stm32h7xx_hal.o
    0x080016d4   0x080016d4   0x00000040   Code   RO         1985    i.HAL_InitTick      stm32h7xx_hal.o
    0x08001714   0x08001714   0x0000005c   Code   RO          487    i.HAL_MPU_ConfigRegion  stm32h7xx_hal_cortex.o
    0x08001770   0x08001770   0x0000001c   Code   RO          488    i.HAL_MPU_Disable   stm32h7xx_hal_cortex.o
    0x0800178c   0x0800178c   0x00000024   Code   RO          490    i.HAL_MPU_Enable    stm32h7xx_hal_cortex.o
    0x080017b0   0x080017b0   0x0000001c   Code   RO          458    i.HAL_MspInit       stm32h7xx_hal_msp.o
    0x080017cc   0x080017cc   0x0000001a   Code   RO          494    i.HAL_NVIC_EnableIRQ  stm32h7xx_hal_cortex.o
    0x080017e6   0x080017e6   0x00000002   PAD
    0x080017e8   0x080017e8   0x00000040   Code   RO          500    i.HAL_NVIC_SetPriority  stm32h7xx_hal_cortex.o
    0x08001828   0x08001828   0x00000024   Code   RO          501    i.HAL_NVIC_SetPriorityGrouping  stm32h7xx_hal_cortex.o
    0x0800184c   0x0800184c   0x00000054   Code   RO         1713    i.HAL_PWREx_ConfigSupply  stm32h7xx_hal_pwr_ex.o
    0x080018a0   0x080018a0   0x0000093a   Code   RO          764    i.HAL_RCCEx_PeriphCLKConfig  stm32h7xx_hal_rcc_ex.o
    0x080021da   0x080021da   0x00000002   PAD
    0x080021dc   0x080021dc   0x0000025c   Code   RO          640    i.HAL_RCC_ClockConfig  stm32h7xx_hal_rcc.o
    0x08002438   0x08002438   0x00000138   Code   RO          649    i.HAL_RCC_GetSysClockFreq  stm32h7xx_hal_rcc.o
    0x08002570   0x08002570   0x00000526   Code   RO          652    i.HAL_RCC_OscConfig  stm32h7xx_hal_rcc.o
    0x08002a96   0x08002a96   0x00000026   Code   RO          505    i.HAL_SYSTICK_Config  stm32h7xx_hal_cortex.o
    0x08002abc   0x08002abc   0x00000002   Code   RO         4234    i.HAL_TIMEx_Break2Callback  stm32h7xx_hal_tim_ex.o
    0x08002abe   0x08002abe   0x00000002   Code   RO         4235    i.HAL_TIMEx_BreakCallback  stm32h7xx_hal_tim_ex.o
    0x08002ac0   0x08002ac0   0x00000002   Code   RO         4236    i.HAL_TIMEx_CommutCallback  stm32h7xx_hal_tim_ex.o
    0x08002ac2   0x08002ac2   0x00000002   PAD
    0x08002ac4   0x08002ac4   0x000000b8   Code   RO         4257    i.HAL_TIMEx_MasterConfigSynchronization  stm32h7xx_hal_tim_ex.o
    0x08002b7c   0x08002b7c   0x00000062   Code   RO         3520    i.HAL_TIM_Base_Init  stm32h7xx_hal_tim.o
    0x08002bde   0x08002bde   0x00000002   PAD
    0x08002be0   0x08002be0   0x0000003c   Code   RO          309    i.HAL_TIM_Base_MspInit  tim.o
    0x08002c1c   0x08002c1c   0x000000a0   Code   RO         3525    i.HAL_TIM_Base_Start_IT  stm32h7xx_hal_tim.o
    0x08002cbc   0x08002cbc   0x00000002   Code   RO         3554    i.HAL_TIM_IC_CaptureCallback  stm32h7xx_hal_tim.o
    0x08002cbe   0x08002cbe   0x00000148   Code   RO         3568    i.HAL_TIM_IRQHandler  stm32h7xx_hal_tim.o
    0x08002e06   0x08002e06   0x00000002   Code   RO         3571    i.HAL_TIM_OC_DelayElapsedCallback  stm32h7xx_hal_tim.o
    0x08002e08   0x08002e08   0x00000002   Code   RO         3598    i.HAL_TIM_PWM_PulseFinishedCallback  stm32h7xx_hal_tim.o
    0x08002e0a   0x08002e0a   0x00000002   PAD
    0x08002e0c   0x08002e0c   0x00000074   Code   RO           14    i.HAL_TIM_PeriodElapsedCallback  main.o
    0x08002e80   0x08002e80   0x00000002   Code   RO         3611    i.HAL_TIM_TriggerCallback  stm32h7xx_hal_tim.o
    0x08002e82   0x08002e82   0x00000002   Code   RO          359    i.HardFault_Handler  stm32h7xx_it.o
    0x08002e84   0x08002e84   0x00000068   Code   RO          235    i.MX_FDCAN1_Init    fdcan.o
    0x08002eec   0x08002eec   0x0000006c   Code   RO          236    i.MX_FDCAN2_Init    fdcan.o
    0x08002f58   0x08002f58   0x000000c8   Code   RO          205    i.MX_GPIO_Init      gpio.o
    0x08003020   0x08003020   0x00000048   Code   RO          310    i.MX_TIM6_Init      tim.o
    0x08003068   0x08003068   0x00000002   Code   RO          360    i.MemManage_Handler  stm32h7xx_it.o
    0x0800306a   0x0800306a   0x00000002   Code   RO          361    i.NMI_Handler       stm32h7xx_it.o
    0x0800306c   0x0800306c   0x00000048   Code   RO         4739    i.PID_MODEL_initialize  pid_model.o
    0x080030b4   0x080030b4   0x00001820   Code   RO         4740    i.PID_MODEL_step    pid_model.o
    0x080048d4   0x080048d4   0x00000100   Code   RO         4659    i.PID_Speed_Para_Init  motorctrl.o
    0x080049d4   0x080049d4   0x00000002   Code   RO          362    i.PendSV_Handler    stm32h7xx_it.o
    0x080049d6   0x080049d6   0x00000002   PAD
    0x080049d8   0x080049d8   0x00000120   Code   RO          767    i.RCCEx_PLL2_Config  stm32h7xx_hal_rcc_ex.o
    0x08004af8   0x08004af8   0x00000120   Code   RO          768    i.RCCEx_PLL3_Config  stm32h7xx_hal_rcc_ex.o
    0x08004c18   0x08004c18   0x00000002   Code   RO          363    i.SVC_Handler       stm32h7xx_it.o
    0x08004c1a   0x08004c1a   0x00000004   Code   RO          364    i.SysTick_Handler   stm32h7xx_it.o
    0x08004c1e   0x08004c1e   0x00000002   PAD
    0x08004c20   0x08004c20   0x00000098   Code   RO           15    i.SystemClock_Config  main.o
    0x08004cb8   0x08004cb8   0x000000c0   Code   RO         4538    i.SystemInit        system_stm32h7xx.o
    0x08004d78   0x08004d78   0x0000000c   Code   RO          365    i.TIM6_DAC_IRQHandler  stm32h7xx_it.o
    0x08004d84   0x08004d84   0x000000e4   Code   RO         3613    i.TIM_Base_SetConfig  stm32h7xx_hal_tim.o
    0x08004e68   0x08004e68   0x00000002   Code   RO          366    i.UsageFault_Handler  stm32h7xx_it.o
    0x08004e6a   0x08004e6a   0x00000022   Code   RO          507    i.__NVIC_SetPriority  stm32h7xx_hal_cortex.o
    0x08004e8c   0x08004e8c   0x00000274   Code   RO         4660    i.assign_output     motorctrl.o
    0x08005100   0x08005100   0x00000054   Code   RO         4577    i.can_filter_init   bsp_can.o
    0x08005154   0x08005154   0x00000026   Code   RO         4578    i.circle_cc         bsp_can.o
    0x0800517a   0x0800517a   0x00000002   PAD
    0x0800517c   0x0800517c   0x00000360   Code   RO         4663    i.get_msgn          motorctrl.o
    0x080054dc   0x080054dc   0x00000148   Code   RO           16    i.main              main.o
    0x08005624   0x08005624   0x0000004c   Code   RO         4581    i.motor_state_update  bsp_can.o
    0x08005670   0x08005670   0x000000b0   Code   RO         4664    i.set_mode          motorctrl.o
    0x08005720   0x08005720   0x0000000a   Code   RO         4881    x$fpl$fpinit        fz_wv.l(fpinit.o)
    0x0800572a   0x0800572a   0x00000002   PAD
    0x0800572c   0x0800572c   0x0000005c   Data   RO         3000    .constdata          stm32h7xx_hal_fdcan.o
    0x08005788   0x08005788   0x00000010   Data   RO         4539    .constdata          system_stm32h7xx.o
    0x08005798   0x08005798   0x00000020   Data   RO         4951    Region$$Table       anon$$obj.o


    Execution Region RW_IRAM1 (Exec base: 0x20000000, Load base: 0x080057b8, Size: 0x00000000, Max: 0x00020000, ABSOLUTE)

    **** No section assigned to this execution region ****


    Execution Region RW_IRAM2 (Exec base: 0x24000000, Load base: 0x080057b8, Size: 0x000011d0, Max: 0x00050000, ABSOLUTE, COMPRESSED[0x0000001c])

    Exec Addr    Load Addr    Size         Type   Attr      Idx    E Section Name        Object

    0x24000000   COMPRESSED   0x00000004   Data   RW          238    .data               fdcan.o
    0x24000004   COMPRESSED   0x0000000c   Data   RW         2008    .data               stm32h7xx_hal.o
    0x24000010   COMPRESSED   0x00000008   Data   RW         4540    .data               system_stm32h7xx.o
    0x24000018   COMPRESSED   0x00000022   Data   RW         4583    .data               bsp_can.o
    0x2400003a   COMPRESSED   0x00000002   PAD
    0x2400003c   COMPRESSED   0x00000268   Data   RW         4773    .data               pid_model_data.o
    0x240002a4        -       0x00000028   Zero   RW           18    .bss                main.o
    0x240002cc        -       0x00000140   Zero   RW          237    .bss                fdcan.o
    0x2400040c        -       0x0000004c   Zero   RW          311    .bss                tim.o
    0x24000458        -       0x000001f8   Zero   RW         4582    .bss                bsp_can.o
    0x24000650        -       0x00000180   Zero   RW         4665    .bss                motorctrl.o
    0x240007d0        -       0x0000039c   Zero   RW         4741    .bss                pid_model.o
    0x24000b6c        -       0x00000060   Zero   RW         4823    .bss                c_w.l(libspace.o)
    0x24000bcc   COMPRESSED   0x00000004   PAD
    0x24000bd0        -       0x00000200   Zero   RW            2    HEAP                startup_stm32h723xx.o
    0x24000dd0        -       0x00000400   Zero   RW            1    STACK               startup_stm32h723xx.o


==============================================================================

Image component sizes


      Code (inc. data)   RO Data    RW Data    ZI Data      Debug   Object Name

       754         64          0         34        504       6978   bsp_can.o
       524         42          0          4        320       2768   fdcan.o
       200         14          0          0          0       1119   gpio.o
       600         52          0          0         40    1197604   main.o
      1924         58          0          0        384       4980   motorctrl.o
      6380        102          0          0        924      18973   pid_model.o
         0          0          0        616          0      10845   pid_model_data.o
        64         26        716          0       1536        844   startup_stm32h723xx.o
       184         36          0         12          0      23041   stm32h7xx_hal.o
       354         28          0          0          0      41861   stm32h7xx_hal_cortex.o
      2802         50         92          0          0      21573   stm32h7xx_hal_fdcan.o
       550         44          0          0          0       2312   stm32h7xx_hal_gpio.o
        28          6          0          0          0        906   stm32h7xx_hal_msp.o
        84          6          0          0          0        789   stm32h7xx_hal_pwr_ex.o
      2234         66          0          0          0       5308   stm32h7xx_hal_rcc.o
      2938         46          0          0          0       5231   stm32h7xx_hal_rcc_ex.o
       822         82          0          0          0       7149   stm32h7xx_hal_tim.o
       190         38          0          0          0       3268   stm32h7xx_hal_tim_ex.o
        84         28          0          0          0       5983   stm32h7xx_it.o
       192         34         16          8          0       1466   system_stm32h7xx.o
       132         20          0          0         76       1702   tim.o

    ----------------------------------------------------------------------
     21066        842        856        676       3784    1364700   Object Totals
         0          0         32          0          0          0   (incl. Generated)
        26          0          0          2          0          0   (incl. Padding)

    ----------------------------------------------------------------------

      Code (inc. data)   RO Data    RW Data    ZI Data      Debug   Library Member Name

        90          0          0          0          0          0   __dczerorl2.o
         8          0          0          0          0         68   __main.o
         0          0          0          0          0          0   __rtentry.o
        12          0          0          0          0          0   __rtentry2.o
         6          0          0          0          0          0   __rtentry4.o
        52          8          0          0          0          0   __scatter.o
        28          0          0          0          0          0   __scatter_zi.o
        18          0          0          0          0         80   exit.o
         6          0          0          0          0        152   heapauxi.o
         0          0          0          0          0          0   indicate_semi.o
         2          0          0          0          0          0   libinit.o
         6          0          0          0          0          0   libinit2.o
         2          0          0          0          0          0   libshutdown.o
         2          0          0          0          0          0   libshutdown2.o
         8          4          0          0         96         68   libspace.o
        78          0          0          0          0         80   rt_memclr_w.o
       100          0          0          0          0         80   rt_memcpy_w.o
         2          0          0          0          0          0   rtexit.o
        10          0          0          0          0          0   rtexit2.o
        12          4          0          0          0         68   sys_exit.o
        74          0          0          0          0         80   sys_stackheap_outer.o
         2          0          0          0          0         68   use_no_semi.o
        10          0          0          0          0        116   fpinit.o

    ----------------------------------------------------------------------
       534         16          0          0        100        860   Library Totals
         6          0          0          0          4          0   (incl. Padding)

    ----------------------------------------------------------------------

      Code (inc. data)   RO Data    RW Data    ZI Data      Debug   Library Name

       518         16          0          0         96        744   c_w.l
        10          0          0          0          0        116   fz_wv.l

    ----------------------------------------------------------------------
       534         16          0          0        100        860   Library Totals

    ----------------------------------------------------------------------

==============================================================================


      Code (inc. data)   RO Data    RW Data    ZI Data      Debug   

     21600        858        856        676       3884    1356900   Grand Totals
     21600        858        856         28       3884    1356900   ELF Image Totals (compressed)
     21600        858        856         28          0          0   ROM Totals

==============================================================================

    Total RO  Size (Code + RO Data)                22456 (  21.93kB)
    Total RW  Size (RW Data + ZI Data)              4560 (   4.45kB)
    Total ROM Size (Code + RO Data + RW Data)      22484 (  21.96kB)

==============================================================================

