Component: ARM Compiler 5.06 update 7 (build 960) Tool: armlink [4d3601]

==============================================================================

Section Cross References

    startup_stm32h723xx.o(RESET) refers to startup_stm32h723xx.o(STACK) for __initial_sp
    startup_stm32h723xx.o(RESET) refers to startup_stm32h723xx.o(.text) for Reset_Handler
    startup_stm32h723xx.o(RESET) refers to stm32h7xx_it.o(i.NMI_Handler) for NMI_Handler
    startup_stm32h723xx.o(RESET) refers to stm32h7xx_it.o(i.HardFault_Handler) for HardFault_Handler
    startup_stm32h723xx.o(RESET) refers to stm32h7xx_it.o(i.MemManage_Handler) for MemManage_Handler
    startup_stm32h723xx.o(RESET) refers to stm32h7xx_it.o(i.BusFault_Handler) for BusFault_Handler
    startup_stm32h723xx.o(RESET) refers to stm32h7xx_it.o(i.UsageFault_Handler) for UsageFault_Handler
    startup_stm32h723xx.o(RESET) refers to stm32h7xx_it.o(i.SVC_Handler) for SVC_Handler
    startup_stm32h723xx.o(RESET) refers to stm32h7xx_it.o(i.DebugMon_Handler) for DebugMon_Handler
    startup_stm32h723xx.o(RESET) refers to stm32h7xx_it.o(i.PendSV_Handler) for PendSV_Handler
    startup_stm32h723xx.o(RESET) refers to stm32h7xx_it.o(i.SysTick_Handler) for SysTick_Handler
    startup_stm32h723xx.o(RESET) refers to stm32h7xx_it.o(i.FDCAN1_IT0_IRQHandler) for FDCAN1_IT0_IRQHandler
    startup_stm32h723xx.o(RESET) refers to stm32h7xx_it.o(i.FDCAN2_IT0_IRQHandler) for FDCAN2_IT0_IRQHandler
    startup_stm32h723xx.o(RESET) refers to stm32h7xx_it.o(i.FDCAN2_IT1_IRQHandler) for FDCAN2_IT1_IRQHandler
    startup_stm32h723xx.o(RESET) refers to stm32h7xx_it.o(i.TIM6_DAC_IRQHandler) for TIM6_DAC_IRQHandler
    startup_stm32h723xx.o(RESET) refers to stm32h7xx_it.o(i.FDCAN_CAL_IRQHandler) for FDCAN_CAL_IRQHandler
    startup_stm32h723xx.o(.text) refers to system_stm32h7xx.o(i.SystemInit) for SystemInit
    startup_stm32h723xx.o(.text) refers to entry.o(.ARM.Collect$$$$00000000) for __main
    main.o(i.HAL_TIM_PeriodElapsedCallback) refers to motorctrl.o(i.get_msgn) for get_msgn
    main.o(i.HAL_TIM_PeriodElapsedCallback) refers to motorctrl.o(i.assign_output) for assign_output
    main.o(i.HAL_TIM_PeriodElapsedCallback) refers to bsp_can.o(i.motor_state_update) for motor_state_update
    main.o(i.HAL_TIM_PeriodElapsedCallback) refers to pid_model.o(i.PID_MODEL_step) for PID_MODEL_step
    main.o(i.HAL_TIM_PeriodElapsedCallback) refers to stm32h7xx_hal_gpio.o(i.HAL_GPIO_WritePin) for HAL_GPIO_WritePin
    main.o(i.HAL_TIM_PeriodElapsedCallback) refers to main.o(.bss) for .bss
    main.o(i.HAL_TIM_PeriodElapsedCallback) refers to bsp_can.o(.data) for CAN_RECEIVE
    main.o(i.SystemClock_Config) refers to memseta.o(.text) for __aeabi_memclr4
    main.o(i.SystemClock_Config) refers to stm32h7xx_hal_pwr_ex.o(i.HAL_PWREx_ConfigSupply) for HAL_PWREx_ConfigSupply
    main.o(i.SystemClock_Config) refers to stm32h7xx_hal_rcc.o(i.HAL_RCC_OscConfig) for HAL_RCC_OscConfig
    main.o(i.SystemClock_Config) refers to stm32h7xx_hal_rcc.o(i.HAL_RCC_ClockConfig) for HAL_RCC_ClockConfig
    main.o(i.main) refers to stm32h7xx_hal_cortex.o(i.HAL_MPU_Disable) for HAL_MPU_Disable
    main.o(i.main) refers to stm32h7xx_hal_cortex.o(i.HAL_MPU_ConfigRegion) for HAL_MPU_ConfigRegion
    main.o(i.main) refers to stm32h7xx_hal_cortex.o(i.HAL_MPU_Enable) for HAL_MPU_Enable
    main.o(i.main) refers to stm32h7xx_hal.o(i.HAL_Init) for HAL_Init
    main.o(i.main) refers to main.o(i.SystemClock_Config) for SystemClock_Config
    main.o(i.main) refers to gpio.o(i.MX_GPIO_Init) for MX_GPIO_Init
    main.o(i.main) refers to fdcan.o(i.MX_FDCAN1_Init) for MX_FDCAN1_Init
    main.o(i.main) refers to tim.o(i.MX_TIM6_Init) for MX_TIM6_Init
    main.o(i.main) refers to fdcan.o(i.MX_FDCAN2_Init) for MX_FDCAN2_Init
    main.o(i.main) refers to stm32h7xx_hal_tim.o(i.HAL_TIM_Base_Start_IT) for HAL_TIM_Base_Start_IT
    main.o(i.main) refers to bsp_can.o(i.can_filter_init) for can_filter_init
    main.o(i.main) refers to pid_model.o(i.PID_MODEL_initialize) for PID_MODEL_initialize
    main.o(i.main) refers to motorctrl.o(i.PID_Speed_Para_Init) for PID_Speed_Para_Init
    main.o(i.main) refers to motorctrl.o(i.PID_Angle_S_Para_Init) for PID_Angle_S_Para_Init
    main.o(i.main) refers to motorctrl.o(i.PID_Angle_A_Para_Init) for PID_Angle_A_Para_Init
    main.o(i.main) refers to bsp_can.o(i.Set_6020_Mode) for Set_6020_Mode
    main.o(i.main) refers to motorctrl.o(i.set_mode) for set_mode
    main.o(i.main) refers to motorctrl.o(i.ctrlmotor) for ctrlmotor
    main.o(i.main) refers to tim.o(.bss) for htim6
    main.o(i.main) refers to main.o(.bss) for .bss
    gpio.o(i.MX_GPIO_Init) refers to memseta.o(.text) for __aeabi_memclr4
    gpio.o(i.MX_GPIO_Init) refers to stm32h7xx_hal_gpio.o(i.HAL_GPIO_WritePin) for HAL_GPIO_WritePin
    gpio.o(i.MX_GPIO_Init) refers to stm32h7xx_hal_gpio.o(i.HAL_GPIO_Init) for HAL_GPIO_Init
    fdcan.o(i.HAL_FDCAN_MspDeInit) refers to stm32h7xx_hal_gpio.o(i.HAL_GPIO_DeInit) for HAL_GPIO_DeInit
[...]
    ../Drivers/STM32H7xx_HAL_Driver/Src/stm32h7xx_hal_dma_ex.c 0x00000000   Number         0  stm32h7xx_hal_dma_ex.o ABSOLUTE
    ../Drivers/STM32H7xx_HAL_Driver/Src/stm32h7xx_hal_exti.c 0x00000000   Number         0  stm32h7xx_hal_exti.o ABSOLUTE
    ../Drivers/STM32H7xx_HAL_Driver/Src/stm32h7xx_hal_fdcan.c 0x00000000   Number         0  stm32h7xx_hal_fdcan.o ABSOLUTE
    ../Drivers/STM32H7xx_HAL_Driver/Src/stm32h7xx_hal_flash.c 0x00000000   Number         0  stm32h7xx_hal_flash.o ABSOLUTE
    ../Drivers/STM32H7xx_HAL_Driver/Src/stm32h7xx_hal_flash_ex.c 0x00000000   Number         0  stm32h7xx_hal_flash_ex.o ABSOLUTE
    ../Drivers/STM32H7xx_HAL_Driver/Src/stm32h7xx_hal_gpio.c 0x00000000   Number         0  stm32h7xx_hal_gpio.o ABSOLUTE
    ../Drivers/STM32H7xx_HAL_Driver/Src/stm32h7xx_hal_hsem.c 0x00000000   Number         0  stm32h7xx_hal_hsem.o ABSOLUTE
    ../Drivers/STM32H7xx_HAL_Driver/Src/stm32h7xx_hal_i2c.c 0x00000000   Number         0  stm32h7xx_hal_i2c.o ABSOLUTE
    ../Drivers/STM32H7xx_HAL_Driver/Src/stm32h7xx_hal_i2c_ex.c 0x00000000   Number         0  stm32h7xx_hal_i2c_ex.o ABSOLUTE
    ../Drivers/STM32H7xx_HAL_Driver/Src/stm32h7xx_hal_mdma.c 0x00000000   Number         0  stm32h7xx_hal_mdma.o ABSOLUTE
    ../Drivers/STM32H7xx_HAL_Driver/Src/stm32h7xx_hal_pwr.c 0x00000000   Number         0  stm32h7xx_hal_pwr.o ABSOLUTE
    ../Drivers/STM32H7xx_HAL_Driver/Src/stm32h7xx_hal_pwr_ex.c 0x00000000   Number         0  stm32h7xx_hal_pwr_ex.o ABSOLUTE
    ../Drivers/STM32H7xx_HAL_Driver/Src/stm32h7xx_hal_rcc.c 0x00000000   Number         0  stm32h7xx_hal_rcc.o ABSOLUTE
    ../Drivers/STM32H7xx_HAL_Driver/Src/stm32h7xx_hal_rcc_ex.c 0x00000000   Number         0  stm32h7xx_hal_rcc_ex.o ABSOLUTE
    ../Drivers/STM32H7xx_HAL_Driver/Src/stm32h7xx_hal_tim.c 0x00000000   Number         0  stm32h7xx_hal_tim.o ABSOLUTE
    ../Drivers/STM32H7xx_HAL_Driver/Src/stm32h7xx_hal_tim_ex.c 0x00000000   Number         0  stm32h7xx_hal_tim_ex.o ABSOLUTE
    ../Src/fdcan.c                           0x00000000   Number         0  fdcan.o ABSOLUTE
    ../Src/gpio.c                            0x00000000   Number         0  gpio.o ABSOLUTE
    ../Src/main.c                            0x00000000   Number         0  main.o ABSOLUTE
    ../Src/stm32h7xx_hal_msp.c               0x00000000   Number         0  stm32h7xx_hal_msp.o ABSOLUTE
    ../Src/stm32h7xx_it.c                    0x00000000   Number         0  stm32h7xx_it.o ABSOLUTE
    ../Src/system_stm32h7xx.c                0x00000000   Number         0  system_stm32h7xx.o ABSOLUTE
    ../Src/tim.c                             0x00000000   Number         0  tim.o ABSOLUTE
    ../clib/../cmprslib/zerorunl2.c          0x00000000   Number         0  __dczerorl2.o ABSOLUTE
    ../clib/microlib/errno.c                 0x00000000   Number         0  errno.o ABSOLUTE
    ../clib/microlib/init/entry.s            0x00000000   Number         0  entry7a.o ABSOLUTE
    ../clib/microlib/init/entry.s            0x00000000   Number         0  entry5.o ABSOLUTE
    ../clib/microlib/init/entry.s            0x00000000   Number         0  entry10b.o ABSOLUTE
    ../clib/microlib/init/entry.s            0x00000000   Number         0  entry2.o ABSOLUTE
    ../clib/microlib/init/entry.s            0x00000000   Number         0  entry.o ABSOLUTE
    ../clib/microlib/init/entry.s            0x00000000   Number         0  entry12a.o ABSOLUTE
    ../clib/microlib/init/entry.s            0x00000000   Number         0  entry11b.o ABSOLUTE
    ../clib/microlib/init/entry.s            0x00000000   Number         0  entry11a.o ABSOLUTE
    ../clib/microlib/init/entry.s            0x00000000   Number         0  entry10a.o ABSOLUTE
    ../clib/microlib/init/entry.s            0x00000000   Number         0  entry9b.o ABSOLUTE
    ../clib/microlib/init/entry.s            0x00000000   Number         0  entry9a.o ABSOLUTE
    ../clib/microlib/init/entry.s            0x00000000   Number         0  entry12b.o ABSOLUTE
    ../clib/microlib/init/entry.s            0x00000000   Number         0  entry8b.o ABSOLUTE
    ../clib/microlib/init/entry.s            0x00000000   Number         0  entry8a.o ABSOLUTE
    ../clib/microlib/init/entry.s            0x00000000   Number         0  entry7b.o ABSOLUTE
    ../clib/microlib/string/memcpy.c         0x00000000   Number         0  memcpya.o ABSOLUTE
    ../clib/microlib/string/memcpy.c         0x00000000   Number         0  memcpyb.o ABSOLUTE
    ../clib/microlib/string/memset.c         0x00000000   Number         0  memseta.o ABSOLUTE
    ../clib/microlib/stubs.s                 0x00000000   Number         0  iusefp.o ABSOLUTE
    ../fplib/microlib/fpscalb.c              0x00000000   Number         0  dscalb.o ABSOLUTE
    ../mathlib/atan.c                        0x00000000   Number         0  atan_x.o ABSOLUTE
    ../mathlib/atan.c                        0x00000000   Number         0  atan.o ABSOLUTE
    ../mathlib/atan2.c                       0x00000000   Number         0  atan2_x.o ABSOLUTE
    ../mathlib/atan2.c                       0x00000000   Number         0  atan2.o ABSOLUTE
    ../mathlib/cos.c                         0x00000000   Number         0  cos.o ABSOLUTE
    ../mathlib/cos.c                         0x00000000   Number         0  cos_x.o ABSOLUTE
    ../mathlib/cos_i.c                       0x00000000   Number         0  cos_i.o ABSOLUTE
    ../mathlib/dunder.c                      0x00000000   Number         0  dunder.o ABSOLUTE
    ../mathlib/fabs.c                        0x00000000   Number         0  fabs.o ABSOLUTE
    ../mathlib/fpclassify.c                  0x00000000   Number         0  fpclassify.o ABSOLUTE
    ../mathlib/poly.c                        0x00000000   Number         0  poly.o ABSOLUTE
    ../mathlib/pow.c                         0x00000000   Number         0  pow_x.o ABSOLUTE
    ../mathlib/pow.c                         0x00000000   Number         0  pow.o ABSOLUTE
    ../mathlib/qnan.c                        0x00000000   Number         0  qnan.o ABSOLUTE
    ../mathlib/rred.c                        0x00000000   Number         0  rred.o ABSOLUTE
    ../mathlib/sin.c                         0x00000000   Number         0  sin_x.o ABSOLUTE
    ../mathlib/sin.c                         0x00000000   Number         0  sin.o ABSOLUTE
    ../mathlib/sin_i.c                       0x00000000   Number         0  sin_i.o ABSOLUTE
    ../mathlib/sin_i.c                       0x00000000   Number         0  sin_i_x.o ABSOLUTE
    ../mathlib/sqrt.c                        0x00000000   Number         0  sqrt_x.o ABSOLUTE
    ../mathlib/sqrt.c                        0x00000000   Number         0  sqrt.o ABSOLUTE
    ..\Drivers\STM32H7xx_HAL_Driver\Src\stm32h7xx_hal.c 0x00000000   Number         0  stm32h7xx_hal.o ABSOLUTE
    ..\Drivers\STM32H7xx_HAL_Driver\Src\stm32h7xx_hal_cortex.c 0x00000000   Number         0  stm32h7xx_hal_cortex.o ABSOLUTE
    ..\Drivers\STM32H7xx_HAL_Driver\Src\stm32h7xx_hal_dma.c 0x00000000   Number         0  stm32h7xx_hal_dma.o ABSOLUTE
    ..\Drivers\STM32H7xx_HAL_Driver\Src\stm32h7xx_hal_dma_ex.c 0x00000000   Number         0  stm32h7xx_hal_dma_ex.o ABSOLUTE
    ..\Drivers\STM32H7xx_HAL_Driver\Src\stm32h7xx_hal_exti.c 0x00000000   Number         0  stm32h7xx_hal_exti.o ABSOLUTE
    ..\Drivers\STM32H7xx_HAL_Driver\Src\stm32h7xx_hal_fdcan.c 0x00000000   Number         0  stm32h7xx_hal_fdcan.o ABSOLUTE
    ..\Drivers\STM32H7xx_HAL_Driver\Src\stm32h7xx_hal_flash.c 0x00000000   Number         0  stm32h7xx_hal_flash.o ABSOLUTE
    ..\Drivers\STM32H7xx_HAL_Driver\Src\stm32h7xx_hal_flash_ex.c 0x00000000   Number         0  stm32h7xx_hal_flash_ex.o ABSOLUTE
    ..\Drivers\STM32H7xx_HAL_Driver\Src\stm32h7xx_hal_gpio.c 0x00000000   Number         0  stm32h7xx_hal_gpio.o ABSOLUTE
    ..\Drivers\STM32H7xx_HAL_Driver\Src\stm32h7xx_hal_hsem.c 0x00000000   Number         0  stm32h7xx_hal_hsem.o ABSOLUTE
    ..\Drivers\STM32H7xx_HAL_Driver\Src\stm32h7xx_hal_i2c.c 0x00000000   Number         0  stm32h7xx_hal_i2c.o ABSOLUTE
    ..\Drivers\STM32H7xx_HAL_Driver\Src\stm32h7xx_hal_i2c_ex.c 0x00000000   Number         0  stm32h7xx_hal_i2c_ex.o ABSOLUTE
    ..\Drivers\STM32H7xx_HAL_Driver\Src\stm32h7xx_hal_mdma.c 0x00000000   Number         0  stm32h7xx_hal_mdma.o ABSOLUTE
    ..\Drivers\STM32H7xx_HAL_Driver\Src\stm32h7xx_hal_pwr.c 0x00000000   Number         0  stm32h7xx_hal_pwr.o ABSOLUTE
    ..\Drivers\STM32H7xx_HAL_Driver\Src\stm32h7xx_hal_pwr_ex.c 0x00000000   Number         0  stm32h7xx_hal_pwr_ex.o ABSOLUTE
    ..\Drivers\STM32H7xx_HAL_Driver\Src\stm32h7xx_hal_rcc.c 0x00000000   Number         0  stm32h7xx_hal_rcc.o ABSOLUTE
    ..\Drivers\STM32H7xx_HAL_Driver\Src\stm32h7xx_hal_rcc_ex.c 0x00000000   Number         0  stm32h7xx_hal_rcc_ex.o ABSOLUTE
    ..\Drivers\STM32H7xx_HAL_Driver\Src\stm32h7xx_hal_tim.c 0x00000000   Number         0  stm32h7xx_hal_tim.o ABSOLUTE
    ..\Drivers\STM32H7xx_HAL_Driver\Src\stm32h7xx_hal_tim_ex.c 0x00000000   Number         0  stm32h7xx_hal_tim_ex.o ABSOLUTE
    ..\Src\fdcan.c                           0x00000000   Number         0  fdcan.o ABSOLUTE
    ..\Src\gpio.c                            0x00000000   Number         0  gpio.o ABSOLUTE
    ..\Src\main.c                            0x00000000   Number         0  main.o ABSOLUTE
    ..\Src\stm32h7xx_hal_msp.c               0x00000000   Number         0  stm32h7xx_hal_msp.o ABSOLUTE
    ..\Src\stm32h7xx_it.c                    0x00000000   Number         0  stm32h7xx_it.o ABSOLUTE
    ..\Src\system_stm32h7xx.c                0x00000000   Number         0  system_stm32h7xx.o ABSOLUTE
    ..\Src\tim.c                             0x00000000   Number         0  tim.o ABSOLUTE
    ..\USER\MATLAB_PID\PID_MODEL.c           0x00000000   Number         0  pid_model.o ABSOLUTE
    ..\USER\MATLAB_PID\PID_MODEL_data.c      0x00000000   Number         0  pid_model_data.o ABSOLUTE
    ..\USER\UPPER_LOCATION\UPPER_LOCATION.c  0x00000000   Number         0  upper_location.o ABSOLUTE
    ..\USER\bsp_can\bsp_can.c                0x00000000   Number         0  bsp_can.o ABSOLUTE
    ..\USER\motor_control\motorctrl.c        0x00000000   Number         0  motorctrl.o ABSOLUTE
    ..\\USER\\bsp_can\\bsp_can.c             0x00000000   Number         0  bsp_can.o ABSOLUTE
    ..\\USER\\motor_control\\motorctrl.c     0x00000000   Number         0  motorctrl.o ABSOLUTE
    dc.s                                     0x00000000   Number         0  dc.o ABSOLUTE
    handlers.s                               0x00000000   Number         0  handlers.o ABSOLUTE
    init.s                                   0x00000000   Number         0  init.o ABSOLUTE
    startup_stm32h723xx.s                    0x00000000   Number         0  startup_stm32h723xx.o ABSOLUTE
    RESET                                    0x08000000   Section      716  startup_stm32h723xx.o(RESET)
    .ARM.Collect$$$$00000000                 0x080002cc   Section        0  entry.o(.ARM.Collect$$$$00000000)
    .ARM.Collect$$$$00000001                 0x080002cc   Section        4  entry2.o(.ARM.Collect$$$$00000001)
    .ARM.Collect$$$$00000004                 0x080002d0   Section        4  entry5.o(.ARM.Collect$$$$00000004)
    .ARM.Collect$$$$00000008                 0x080002d4   Section        0  entry7b.o(.ARM.Collect$$$$00000008)
    .ARM.Collect$$$$0000000A                 0x080002d4   Section        0  entry8b.o(.ARM.Collect$$$$0000000A)
    .ARM.Collect$$$$0000000B                 0x080002d4   Section        8  entry9a.o(.ARM.Collect$$$$0000000B)
    .ARM.Collect$$$$0000000E                 0x080002dc   Section        4  entry12b.o(.ARM.Collect$$$$0000000E)
    .ARM.Collect$$$$0000000F                 0x080002e0   Section        0  entry10a.o(.ARM.Collect$$$$0000000F)
    .ARM.Collect$$$$00000011                 0x080002e0   Section        0  entry11a.o(.ARM.Collect$$$$00000011)
    .ARM.Collect$$$$00002712                 0x080002e0   Section        4  entry2.o(.ARM.Collect$$$$00002712)
    __lit__00000000                          0x080002e0   Data           4  entry2.o(.ARM.Collect$$$$00002712)
    .text                                    0x080002e4   Section       36  startup_stm32h723xx.o(.text)
    $v0                                      0x080002e4   Number         0  startup_stm32h723xx.o(.text)
    .text                                    0x08000308   Section        0  memcpya.o(.text)
    .text                                    0x0800032c   Section        0  memseta.o(.text)
    .text                                    0x08000350   Section        0  iusefp.o(.text)
    .text                                    0x08000350   Section        0  dscalb.o(.text)
    .text                                    0x08000380   Section       36  init.o(.text)
    .text                                    0x080003a4   Section        0  __dczerorl2.o(.text)
    i.BusFault_Handler                       0x080003fa   Section        0  stm32h7xx_it.o(i.BusFault_Handler)
    i.CAN1_cmd_motor                         0x080003fc   Section        0  bsp_can.o(i.CAN1_cmd_motor)
    i.CAN1_cmd_motor6020                     0x08000450   Section        0  bsp_can.o(i.CAN1_cmd_motor6020)
    i.CAN1_cmd_motor_last                    0x080004e4   Section        0  bsp_can.o(i.CAN1_cmd_motor_last)
    i.CAN2_cmd_motor                         0x08000538   Section        0  bsp_can.o(i.CAN2_cmd_motor)
    i.CAN2_cmd_motor6020                     0x0800058c   Section        0  bsp_can.o(i.CAN2_cmd_motor6020)
    i.CAN2_cmd_motor_last                    0x08000620   Section        0  bsp_can.o(i.CAN2_cmd_motor_last)
    i.Chart1                                 0x08000674   Section        0  pid_model.o(i.Chart1)
    Chart1                                   0x08000675   Thumb Code   118  pid_model.o(i.Chart1)
    i.DebugMon_Handler                       0x080006f8   Section        0  stm32h7xx_it.o(i.DebugMon_Handler)
    i.Error_Handler                          0x080006fa   Section        0  main.o(i.Error_Handler)
    i.FDCAN1_IT0_IRQHandler                  0x08000700   Section        0  stm32h7xx_it.o(i.FDCAN1_IT0_IRQHandler)
    i.FDCAN2_IT0_IRQHandler                  0x0800070c   Section        0  stm32h7xx_it.o(i.FDCAN2_IT0_IRQHandler)
    i.FDCAN2_IT1_IRQHandler                  0x08000718   Section        0  stm32h7xx_it.o(i.FDCAN2_IT1_IRQHandler)
    i.FDCAN_CAL_IRQHandler                   0x08000724   Section        0  stm32h7xx_it.o(i.FDCAN_CAL_IRQHandler)
    i.FDCAN_CalcultateRamBlockAddresses      0x08000740   Section        0  stm32h7xx_hal_fdcan.o(i.FDCAN_CalcultateRamBlockAddresses)
    FDCAN_CalcultateRamBlockAddresses        0x08000741   Thumb Code   446  stm32h7xx_hal_fdcan.o(i.FDCAN_CalcultateRamBlockAddresses)
    i.FDCAN_CopyMessageToRAM                 0x08000908   Section        0  stm32h7xx_hal_fdcan.o(i.FDCAN_CopyMessageToRAM)
    FDCAN_CopyMessageToRAM                   0x08000909   Thumb Code   118  stm32h7xx_hal_fdcan.o(i.FDCAN_CopyMessageToRAM)
    i.HAL_FDCAN_ActivateNotification         0x08000984   Section        0  stm32h7xx_hal_fdcan.o(i.HAL_FDCAN_ActivateNotification)
    i.HAL_FDCAN_AddMessageToTxFifoQ          0x08000a0c   Section        0  stm32h7xx_hal_fdcan.o(i.HAL_FDCAN_AddMessageToTxFifoQ)
    i.HAL_FDCAN_ClockCalibrationCallback     0x08000a72   Section        0  stm32h7xx_hal_fdcan.o(i.HAL_FDCAN_ClockCalibrationCallback)
    i.HAL_FDCAN_ConfigFilter                 0x08000a74   Section        0  stm32h7xx_hal_fdcan.o(i.HAL_FDCAN_ConfigFilter)
    i.HAL_FDCAN_ErrorCallback                0x08000af2   Section        0  stm32h7xx_hal_fdcan.o(i.HAL_FDCAN_ErrorCallback)
    i.HAL_FDCAN_ErrorStatusCallback          0x08000af4   Section        0  stm32h7xx_hal_fdcan.o(i.HAL_FDCAN_ErrorStatusCallback)
    i.HAL_FDCAN_GetRxMessage                 0x08000af8   Section        0  stm32h7xx_hal_fdcan.o(i.HAL_FDCAN_GetRxMessage)
    i.HAL_FDCAN_HighPriorityMessageCallback  0x08000c84   Section        0  stm32h7xx_hal_fdcan.o(i.HAL_FDCAN_HighPriorityMessageCallback)
    i.HAL_FDCAN_IRQHandler                   0x08000c88   Section        0  stm32h7xx_hal_fdcan.o(i.HAL_FDCAN_IRQHandler)
    i.HAL_FDCAN_Init                         0x08000fa8   Section        0  stm32h7xx_hal_fdcan.o(i.HAL_FDCAN_Init)
    i.HAL_FDCAN_MspInit                      0x080011ec   Section        0  fdcan.o(i.HAL_FDCAN_MspInit)
    i.HAL_FDCAN_RxBufferNewMessageCallback   0x08001334   Section        0  stm32h7xx_hal_fdcan.o(i.HAL_FDCAN_RxBufferNewMessageCallback)
    i.HAL_FDCAN_RxFifo0Callback              0x08001338   Section        0  bsp_can.o(i.HAL_FDCAN_RxFifo0Callback)
    i.HAL_FDCAN_RxFifo1Callback              0x0800149c   Section        0  stm32h7xx_hal_fdcan.o(i.HAL_FDCAN_RxFifo1Callback)
    i.HAL_FDCAN_Start                        0x0800149e   Section        0  stm32h7xx_hal_fdcan.o(i.HAL_FDCAN_Start)
    i.HAL_FDCAN_TT_GlobalTimeCallback        0x080014d0   Section        0  stm32h7xx_hal_fdcan.o(i.HAL_FDCAN_TT_GlobalTimeCallback)
    i.HAL_FDCAN_TT_ScheduleSyncCallback      0x080014d2   Section        0  stm32h7xx_hal_fdcan.o(i.HAL_FDCAN_TT_ScheduleSyncCallback)
    i.HAL_FDCAN_TT_StopWatchCallback         0x080014d4   Section        0  stm32h7xx_hal_fdcan.o(i.HAL_FDCAN_TT_StopWatchCallback)
    i.HAL_FDCAN_TT_TimeMarkCallback          0x080014d6   Section        0  stm32h7xx_hal_fdcan.o(i.HAL_FDCAN_TT_TimeMarkCallback)
    i.HAL_FDCAN_TimeoutOccurredCallback      0x080014d8   Section        0  stm32h7xx_hal_fdcan.o(i.HAL_FDCAN_TimeoutOccurredCallback)
    i.HAL_FDCAN_TimestampWraparoundCallback  0x080014da   Section        0  stm32h7xx_hal_fdcan.o(i.HAL_FDCAN_TimestampWraparoundCallback)
    i.HAL_FDCAN_TxBufferAbortCallback        0x080014dc   Section        0  stm32h7xx_hal_fdcan.o(i.HAL_FDCAN_TxBufferAbortCallback)
    i.HAL_FDCAN_TxBufferCompleteCallback     0x080014de   Section        0  stm32h7xx_hal_fdcan.o(i.HAL_FDCAN_TxBufferCompleteCallback)
    i.HAL_FDCAN_TxEventFifoCallback          0x080014e0   Section        0  stm32h7xx_hal_fdcan.o(i.HAL_FDCAN_TxEventFifoCallback)
    i.HAL_FDCAN_TxFifoEmptyCallback          0x080014e2   Section        0  stm32h7xx_hal_fdcan.o(i.HAL_FDCAN_TxFifoEmptyCallback)
    i.HAL_GPIO_Init                          0x080014e4   Section        0  stm32h7xx_hal_gpio.o(i.HAL_GPIO_Init)
    i.HAL_GPIO_WritePin                      0x08001700   Section        0  stm32h7xx_hal_gpio.o(i.HAL_GPIO_WritePin)
    i.HAL_GetTick                            0x0800170c   Section        0  stm32h7xx_hal.o(i.HAL_GetTick)
    i.HAL_IncTick                            0x08001718   Section        0  stm32h7xx_hal.o(i.HAL_IncTick)
    i.HAL_Init                               0x08001728   Section        0  stm32h7xx_hal.o(i.HAL_Init)
    i.HAL_InitTick                           0x08001784   Section        0  stm32h7xx_hal.o(i.HAL_InitTick)
    i.HAL_MPU_ConfigRegion                   0x080017c4   Section        0  stm32h7xx_hal_cortex.o(i.HAL_MPU_ConfigRegion)
    i.HAL_MPU_Disable                        0x08001820   Section        0  stm32h7xx_hal_cortex.o(i.HAL_MPU_Disable)
    i.HAL_MPU_Enable                         0x0800183c   Section        0  stm32h7xx_hal_cortex.o(i.HAL_MPU_Enable)
    i.HAL_MspInit                            0x08001860   Section        0  stm32h7xx_hal_msp.o(i.HAL_MspInit)
    i.HAL_NVIC_EnableIRQ                     0x0800187c   Section        0  stm32h7xx_hal_cortex.o(i.HAL_NVIC_EnableIRQ)
    i.HAL_NVIC_SetPriority                   0x08001898   Section        0  stm32h7xx_hal_cortex.o(i.HAL_NVIC_SetPriority)
    i.HAL_NVIC_SetPriorityGrouping           0x080018d8   Section        0  stm32h7xx_hal_cortex.o(i.HAL_NVIC_SetPriorityGrouping)
    i.HAL_PWREx_ConfigSupply                 0x080018fc   Section        0  stm32h7xx_hal_pwr_ex.o(i.HAL_PWREx_ConfigSupply)
    i.HAL_RCCEx_PeriphCLKConfig              0x08001950   Section        0  stm32h7xx_hal_rcc_ex.o(i.HAL_RCCEx_PeriphCLKConfig)
    i.HAL_RCC_ClockConfig                    0x0800228c   Section        0  stm32h7xx_hal_rcc.o(i.HAL_RCC_ClockConfig)
    i.HAL_RCC_GetSysClockFreq                0x080024e8   Section        0  stm32h7xx_hal_rcc.o(i.HAL_RCC_GetSysClockFreq)
    i.HAL_RCC_OscConfig                      0x08002620   Section        0  stm32h7xx_hal_rcc.o(i.HAL_RCC_OscConfig)
    i.HAL_SYSTICK_Config                     0x08002b46   Section        0  stm32h7xx_hal_cortex.o(i.HAL_SYSTICK_Config)
    i.HAL_TIMEx_Break2Callback               0x08002b6c   Section        0  stm32h7xx_hal_tim_ex.o(i.HAL_TIMEx_Break2Callback)
    i.HAL_TIMEx_BreakCallback                0x08002b6e   Section        0  stm32h7xx_hal_tim_ex.o(i.HAL_TIMEx_BreakCallback)
    i.HAL_TIMEx_CommutCallback               0x08002b70   Section        0  stm32h7xx_hal_tim_ex.o(i.HAL_TIMEx_CommutCallback)
    i.HAL_TIMEx_MasterConfigSynchronization  0x08002b74   Section        0  stm32h7xx_hal_tim_ex.o(i.HAL_TIMEx_MasterConfigSynchronization)
    i.HAL_TIM_Base_Init                      0x08002c2c   Section        0  stm32h7xx_hal_tim.o(i.HAL_TIM_Base_Init)
    i.HAL_TIM_Base_MspInit                   0x08002c90   Section        0  tim.o(i.HAL_TIM_Base_MspInit)
    i.HAL_TIM_Base_Start_IT                  0x08002ccc   Section        0  stm32h7xx_hal_tim.o(i.HAL_TIM_Base_Start_IT)
    i.HAL_TIM_IC_CaptureCallback             0x08002d6c   Section        0  stm32h7xx_hal_tim.o(i.HAL_TIM_IC_CaptureCallback)
    i.HAL_TIM_IRQHandler                     0x08002d6e   Section        0  stm32h7xx_hal_tim.o(i.HAL_TIM_IRQHandler)
    i.HAL_TIM_OC_DelayElapsedCallback        0x08002eb6   Section        0  stm32h7xx_hal_tim.o(i.HAL_TIM_OC_DelayElapsedCallback)
    i.HAL_TIM_PWM_PulseFinishedCallback      0x08002eb8   Section        0  stm32h7xx_hal_tim.o(i.HAL_TIM_PWM_PulseFinishedCallback)
    i.HAL_TIM_PeriodElapsedCallback          0x08002ebc   Section        0  main.o(i.HAL_TIM_PeriodElapsedCallback)
    i.HAL_TIM_TriggerCallback                0x08002f08   Section        0  stm32h7xx_hal_tim.o(i.HAL_TIM_TriggerCallback)
    i.HardFault_Handler                      0x08002f0a   Section        0  stm32h7xx_it.o(i.HardFault_Handler)
    i.MX_FDCAN1_Init                         0x08002f0c   Section        0  fdcan.o(i.MX_FDCAN1_Init)
    i.MX_FDCAN2_Init                         0x08002f74   Section        0  fdcan.o(i.MX_FDCAN2_Init)
    i.MX_GPIO_Init                           0x08002fdc   Section        0  gpio.o(i.MX_GPIO_Init)
    i.MX_TIM6_Init                           0x08003078   Section        0  tim.o(i.MX_TIM6_Init)
    i.MemManage_Handler                      0x080030c0   Section        0  stm32h7xx_it.o(i.MemManage_Handler)
    i.NMI_Handler                            0x080030c2   Section        0  stm32h7xx_it.o(i.NMI_Handler)
    i.PID_Angle_A_Para_Init                  0x080030c4   Section        0  motorctrl.o(i.PID_Angle_A_Para_Init)
    i.PID_Angle_S_Para_Init                  0x080031c4   Section        0  motorctrl.o(i.PID_Angle_S_Para_Init)
    i.PID_MODEL_initialize                   0x080032c4   Section        0  pid_model.o(i.PID_MODEL_initialize)
    i.PID_MODEL_step                         0x0800330c   Section        0  pid_model.o(i.PID_MODEL_step)
    i.PID_Speed_Para_Init                    0x08004b4c   Section        0  motorctrl.o(i.PID_Speed_Para_Init)
    i.PendSV_Handler                         0x08004c4c   Section        0  stm32h7xx_it.o(i.PendSV_Handler)
    i.RCCEx_PLL2_Config                      0x08004c50   Section        0  stm32h7xx_hal_rcc_ex.o(i.RCCEx_PLL2_Config)
    RCCEx_PLL2_Config                        0x08004c51   Thumb Code   284  stm32h7xx_hal_rcc_ex.o(i.RCCEx_PLL2_Config)
    i.RCCEx_PLL3_Config                      0x08004d70   Section        0  stm32h7xx_hal_rcc_ex.o(i.RCCEx_PLL3_Config)
    RCCEx_PLL3_Config                        0x08004d71   Thumb Code   284  stm32h7xx_hal_rcc_ex.o(i.RCCEx_PLL3_Config)
    i.SVC_Handler                            0x08004e90   Section        0  stm32h7xx_it.o(i.SVC_Handler)
    i.Set_6020_Mode                          0x08004e94   Section        0  bsp_can.o(i.Set_6020_Mode)
    i.SysTick_Handler                        0x08004ea0   Section        0  stm32h7xx_it.o(i.SysTick_Handler)
    i.SystemClock_Config                     0x08004ea4   Section        0  main.o(i.SystemClock_Config)
    i.SystemInit                             0x08004f3c   Section        0  system_stm32h7xx.o(i.SystemInit)
    i.TIM6_DAC_IRQHandler                    0x08004ffc   Section        0  stm32h7xx_it.o(i.TIM6_DAC_IRQHandler)
    i.TIM_Base_SetConfig                     0x08005008   Section        0  stm32h7xx_hal_tim.o(i.TIM_Base_SetConfig)
    i.UsageFault_Handler                     0x080050ec   Section        0  stm32h7xx_it.o(i.UsageFault_Handler)
    i.__ARM_fpclassify                       0x080050ee   Section        0  fpclassify.o(i.__ARM_fpclassify)
    i.__NVIC_SetPriority                     0x0800511e   Section        0  stm32h7xx_hal_cortex.o(i.__NVIC_SetPriority)
    __NVIC_SetPriority                       0x0800511f   Thumb Code    34  stm32h7xx_hal_cortex.o(i.__NVIC_SetPriority)
    i.__hardfp_atan                          0x08005140   Section        0  atan.o(i.__hardfp_atan)
    i.__hardfp_atan2                         0x08005340   Section        0  atan2.o(i.__hardfp_atan2)
    i.__hardfp_cos                           0x08005508   Section        0  cos.o(i.__hardfp_cos)
    i.__hardfp_pow                           0x080055b8   Section        0  pow.o(i.__hardfp_pow)
    i.__hardfp_sin                           0x08005eb0   Section        0  sin.o(i.__hardfp_sin)
    i.__hardfp_sqrt                          0x08005f60   Section        0  sqrt.o(i.__hardfp_sqrt)
    i.__ieee754_rem_pio2                     0x08005fc8   Section        0  rred.o(i.__ieee754_rem_pio2)
    i.__kernel_cos                           0x080062d8   Section        0  cos_i.o(i.__kernel_cos)
    i.__kernel_poly                          0x080063b8   Section        0  poly.o(i.__kernel_poly)
    i.__kernel_sin                           0x08006428   Section        0  sin_i.o(i.__kernel_sin)
    i.__mathlib_dbl_divzero                  0x080064d0   Section        0  dunder.o(i.__mathlib_dbl_divzero)
    i.__mathlib_dbl_infnan                   0x080064f0   Section        0  dunder.o(i.__mathlib_dbl_infnan)
    i.__mathlib_dbl_infnan2                  0x080064f6   Section        0  dunder.o(i.__mathlib_dbl_infnan2)
    i.__mathlib_dbl_invalid                  0x08006500   Section        0  dunder.o(i.__mathlib_dbl_invalid)
    i.__mathlib_dbl_overflow                 0x08006518   Section        0  dunder.o(i.__mathlib_dbl_overflow)
    i.__mathlib_dbl_underflow                0x08006530   Section        0  dunder.o(i.__mathlib_dbl_underflow)
    i.__scatterload_copy                     0x08006548   Section       14  handlers.o(i.__scatterload_copy)
    i.__scatterload_null                     0x08006556   Section        2  handlers.o(i.__scatterload_null)
    i.__scatterload_zeroinit                 0x08006558   Section       14  handlers.o(i.__scatterload_zeroinit)
    i.__set_errno                            0x08006568   Section        0  errno.o(i.__set_errno)
    i.assign_output                          0x08006574   Section        0  motorctrl.o(i.assign_output)
    i.atan                                   0x080068d4   Section        0  atan.o(i.atan)
    i.cala_d                                 0x080068e4   Section        0  motorctrl.o(i.cala_d)
    i.can_filter_init                        0x08006a28   Section        0  bsp_can.o(i.can_filter_init)
    i.circle_cc                              0x08006a7c   Section        0  bsp_can.o(i.circle_cc)
    i.ctrlmotor                              0x08006aa4   Section        0  motorctrl.o(i.ctrlmotor)
    i.fabs                                   0x080071c8   Section        0  fabs.o(i.fabs)
    i.get_msgn                               0x080071e0   Section        0  motorctrl.o(i.get_msgn)
    i.main                                   0x08007540   Section        0  main.o(i.main)
    i.motor_state_update                     0x08007784   Section        0  bsp_can.o(i.motor_state_update)
    i.set_mode                               0x080077d0   Section        0  motorctrl.o(i.set_mode)
    i.sqrt                                   0x08007880   Section        0  sqrt.o(i.sqrt)
    .constdata                               0x080078ec   Section       92  stm32h7xx_hal_fdcan.o(.constdata)
    DLCtoBytes                               0x080078ec   Data          16  stm32h7xx_hal_fdcan.o(.constdata)
    .constdata                               0x08007948   Section       16  system_stm32h7xx.o(.constdata)
    .constdata                               0x08007958   Section      136  pow.o(.constdata)
    bp                                       0x08007958   Data          16  pow.o(.constdata)
    dp_h                                     0x08007968   Data          16  pow.o(.constdata)
    dp_l                                     0x08007978   Data          16  pow.o(.constdata)
    L                                        0x08007988   Data          48  pow.o(.constdata)
    P                                        0x080079b8   Data          40  pow.o(.constdata)
    .constdata                               0x080079e0   Section      152  atan.o(.constdata)
    atanhi                                   0x080079e0   Data          32  atan.o(.constdata)
    atanlo                                   0x08007a00   Data          32  atan.o(.constdata)
    aTodd                                    0x08007a20   Data          40  atan.o(.constdata)
    aTeven                                   0x08007a48   Data          48  atan.o(.constdata)
    .constdata                               0x08007a78   Section       48  cos_i.o(.constdata)
    C                                        0x08007a78   Data          48  cos_i.o(.constdata)
    .constdata                               0x08007aa8   Section        8  qnan.o(.constdata)
    .constdata                               0x08007ab0   Section      200  rred.o(.constdata)
    pio2s                                    0x08007ab0   Data          48  rred.o(.constdata)
    twooverpi                                0x08007ae0   Data         152  rred.o(.constdata)
    .constdata                               0x08007b78   Section       40  sin_i.o(.constdata)
    S                                        0x08007b78   Data          40  sin_i.o(.constdata)
    .data                                    0x24000000   Section        4  fdcan.o(.data)
    HAL_RCC_FDCAN_CLK_ENABLED                0x24000000   Data           4  fdcan.o(.data)
    .data                                    0x24000004   Section       12  stm32h7xx_hal.o(.data)
    .data                                    0x24000010   Section        8  system_stm32h7xx.o(.data)
    .data                                    0x24000018   Section       40  bsp_can.o(.data)
    i                                        0x24000019   Data           1  bsp_can.o(.data)
    i                                        0x2400001a   Data           1  bsp_can.o(.data)
    i                                        0x2400001b   Data           1  bsp_can.o(.data)
    i                                        0x2400001c   Data           1  bsp_can.o(.data)
    can1_send_front_data                     0x24000020   Data           8  bsp_can.o(.data)
    can1_send_last_data                      0x24000028   Data           8  bsp_can.o(.data)
    can2_send_front_data                     0x24000030   Data           8  bsp_can.o(.data)
    can2_send_last_data                      0x24000038   Data           8  bsp_can.o(.data)
    .data                                    0x24000040   Section      616  pid_model_data.o(.data)
    .data                                    0x240002a8   Section        8  motorctrl.o(.data)
    .data                                    0x240002b0   Section        4  errno.o(.data)
    _errno                                   0x240002b0   Data           4  errno.o(.data)
    .bss                                     0x240002b8   Section       72  main.o(.bss)
    .bss                                     0x24000300   Section      320  fdcan.o(.bss)
    .bss                                     0x24000440   Section       76  tim.o(.bss)
    .bss                                     0x2400048c   Section      504  bsp_can.o(.bss)
    can1_motor                               0x2400048c   Data         128  bsp_can.o(.bss)
    can2_motor                               0x2400050c   Data         128  bsp_can.o(.bss)
    can1_tx_message_front                    0x240005f4   Data          36  bsp_can.o(.bss)
    can1_tx_message_last                     0x24000618   Data          36  bsp_can.o(.bss)
    can2_tx_message_front                    0x2400063c   Data          36  bsp_can.o(.bss)
    can2_tx_message_last                     0x24000660   Data          36  bsp_can.o(.bss)
    .bss                                     0x24000684   Section      924  pid_model.o(.bss)
    .bss                                     0x24000a20   Section      320  motorctrl.o(.bss)
    STACK                                    0x24000b60   Section     1024  startup_stm32h723xx.o(STACK)

    Global Symbols

    Symbol Name                              Value     Ov Type        Size  Object(Section)

    BuildAttributes$$THM_ISAv4$E$P$D$K$B$S$7EM$VFPv5_D16$PE$PLD8$A:L22UL41UL21$X:L11$S22US41US21$IEEE1$IW$USESV6$~STKCKD$USESV7$~SHL$OTIME$ROPI$IEEEX$EBA8$MICROLIB$REQ8$PRES8$EABIv2 0x00000000   Number         0  anon$$obj.o ABSOLUTE
    __ARM_use_no_argv                        0x00000000   Number         0  main.o ABSOLUTE
    __arm_fini_                               - Undefined Weak Reference
    __cpp_initialize__aeabi_                  - Undefined Weak Reference
    __cxa_finalize                            - Undefined Weak Reference
    _clock_init                               - Undefined Weak Reference
    _microlib_exit                            - Undefined Weak Reference
    __Vectors_Size                           0x000002cc   Number         0  startup_stm32h723xx.o ABSOLUTE
    __Vectors                                0x08000000   Data           4  startup_stm32h723xx.o(RESET)
    __Vectors_End                            0x080002cc   Data           0  startup_stm32h723xx.o(RESET)
    __main                                   0x080002cd   Thumb Code     0  entry.o(.ARM.Collect$$$$00000000)
    _main_stk                                0x080002cd   Thumb Code     0  entry2.o(.ARM.Collect$$$$00000001)
    _main_scatterload                        0x080002d1   Thumb Code     0  entry5.o(.ARM.Collect$$$$00000004)
    __main_after_scatterload                 0x080002d5   Thumb Code     0  entry5.o(.ARM.Collect$$$$00000004)
    _main_clock                              0x080002d5   Thumb Code     0  entry7b.o(.ARM.Collect$$$$00000008)
    _main_cpp_init                           0x080002d5   Thumb Code     0  entry8b.o(.ARM.Collect$$$$0000000A)
    _main_init                               0x080002d5   Thumb Code     0  entry9a.o(.ARM.Collect$$$$0000000B)
    __rt_lib_shutdown_fini                   0x080002dd   Thumb Code     0  entry12b.o(.ARM.Collect$$$$0000000E)
    __rt_final_cpp                           0x080002e1   Thumb Code     0  entry10a.o(.ARM.Collect$$$$0000000F)
    __rt_final_exit                          0x080002e1   Thumb Code     0  entry11a.o(.ARM.Collect$$$$00000011)
    Reset_Handler                            0x080002e5   Thumb Code     8  startup_stm32h723xx.o(.text)
    ADC3_IRQHandler                          0x080002ff   Thumb Code     0  startup_stm32h723xx.o(.text)
    ADC_IRQHandler                           0x080002ff   Thumb Code     0  startup_stm32h723xx.o(.text)
    BDMA_Channel0_IRQHandler                 0x080002ff   Thumb Code     0  startup_stm32h723xx.o(.text)
    BDMA_Channel1_IRQHandler                 0x080002ff   Thumb Code     0  startup_stm32h723xx.o(.text)
    BDMA_Channel2_IRQHandler                 0x080002ff   Thumb Code     0  startup_stm32h723xx.o(.text)
    BDMA_Channel3_IRQHandler                 0x080002ff   Thumb Code     0  startup_stm32h723xx.o(.text)
    BDMA_Channel4_IRQHandler                 0x080002ff   Thumb Code     0  startup_stm32h723xx.o(.text)
    BDMA_Channel5_IRQHandler                 0x080002ff   Thumb Code     0  startup_stm32h723xx.o(.text)
    BDMA_Channel6_IRQHandler                 0x080002ff   Thumb Code     0  startup_stm32h723xx.o(.text)
    BDMA_Channel7_IRQHandler                 0x080002ff   Thumb Code     0  startup_stm32h723xx.o(.text)
    CEC_IRQHandler                           0x080002ff   Thumb Code     0  startup_stm32h723xx.o(.text)
    COMP1_IRQHandler                         0x080002ff   Thumb Code     0  startup_stm32h723xx.o(.text)
    CORDIC_IRQHandler                        0x080002ff   Thumb Code     0  startup_stm32h723xx.o(.text)
    CRS_IRQHandler                           0x080002ff   Thumb Code     0  startup_stm32h723xx.o(.text)
    DCMI_PSSI_IRQHandler                     0x080002ff   Thumb Code     0  startup_stm32h723xx.o(.text)
    DFSDM1_FLT0_IRQHandler                   0x080002ff   Thumb Code     0  startup_stm32h723xx.o(.text)
    DFSDM1_FLT1_IRQHandler                   0x080002ff   Thumb Code     0  startup_stm32h723xx.o(.text)
    DFSDM1_FLT2_IRQHandler                   0x080002ff   Thumb Code     0  startup_stm32h723xx.o(.text)
    DFSDM1_FLT3_IRQHandler                   0x080002ff   Thumb Code     0  startup_stm32h723xx.o(.text)
    DMA1_Stream0_IRQHandler                  0x080002ff   Thumb Code     0  startup_stm32h723xx.o(.text)
    DMA1_Stream1_IRQHandler                  0x080002ff   Thumb Code     0  startup_stm32h723xx.o(.text)
    DMA1_Stream2_IRQHandler                  0x080002ff   Thumb Code     0  startup_stm32h723xx.o(.text)
    DMA1_Stream3_IRQHandler                  0x080002ff   Thumb Code     0  startup_stm32h723xx.o(.text)
    DMA1_Stream4_IRQHandler                  0x080002ff   Thumb Code     0  startup_stm32h723xx.o(.text)
    DMA1_Stream5_IRQHandler                  0x080002ff   Thumb Code     0  startup_stm32h723xx.o(.text)
    DMA1_Stream6_IRQHandler                  0x080002ff   Thumb Code     0  startup_stm32h723xx.o(.text)
    DMA1_Stream7_IRQHandler                  0x080002ff   Thumb Code     0  startup_stm32h723xx.o(.text)
    DMA2D_IRQHandler                         0x080002ff   Thumb Code     0  startup_stm32h723xx.o(.text)
    DMA2_Stream0_IRQHandler                  0x080002ff   Thumb Code     0  startup_stm32h723xx.o(.text)
    DMA2_Stream1_IRQHandler                  0x080002ff   Thumb Code     0  startup_stm32h723xx.o(.text)
    DMA2_Stream2_IRQHandler                  0x080002ff   Thumb Code     0  startup_stm32h723xx.o(.text)
    DMA2_Stream3_IRQHandler                  0x080002ff   Thumb Code     0  startup_stm32h723xx.o(.text)
    DMA2_Stream4_IRQHandler                  0x080002ff   Thumb Code     0  startup_stm32h723xx.o(.text)
    DMA2_Stream5_IRQHandler                  0x080002ff   Thumb Code     0  startup_stm32h723xx.o(.text)
    DMA2_Stream6_IRQHandler                  0x080002ff   Thumb Code     0  startup_stm32h723xx.o(.text)
    DMA2_Stream7_IRQHandler                  0x080002ff   Thumb Code     0  startup_stm32h723xx.o(.text)
    DMAMUX1_OVR_IRQHandler                   0x080002ff   Thumb Code     0  startup_stm32h723xx.o(.text)
    DMAMUX2_OVR_IRQHandler                   0x080002ff   Thumb Code     0  startup_stm32h723xx.o(.text)
    DTS_IRQHandler                           0x080002ff   Thumb Code     0  startup_stm32h723xx.o(.text)
    ECC_IRQHandler                           0x080002ff   Thumb Code     0  startup_stm32h723xx.o(.text)
    ETH_IRQHandler                           0x080002ff   Thumb Code     0  startup_stm32h723xx.o(.text)
    ETH_WKUP_IRQHandler                      0x080002ff   Thumb Code     0  startup_stm32h723xx.o(.text)
    EXTI0_IRQHandler                         0x080002ff   Thumb Code     0  startup_stm32h723xx.o(.text)
    EXTI15_10_IRQHandler                     0x080002ff   Thumb Code     0  startup_stm32h723xx.o(.text)
    EXTI1_IRQHandler                         0x080002ff   Thumb Code     0  startup_stm32h723xx.o(.text)
    EXTI2_IRQHandler                         0x080002ff   Thumb Code     0  startup_stm32h723xx.o(.text)
    EXTI3_IRQHandler                         0x080002ff   Thumb Code     0  startup_stm32h723xx.o(.text)
    EXTI4_IRQHandler                         0x080002ff   Thumb Code     0  startup_stm32h723xx.o(.text)
    EXTI9_5_IRQHandler                       0x080002ff   Thumb Code     0  startup_stm32h723xx.o(.text)
    FDCAN1_IT1_IRQHandler                    0x080002ff   Thumb Code     0  startup_stm32h723xx.o(.text)
    FDCAN3_IT0_IRQHandler                    0x080002ff   Thumb Code     0  startup_stm32h723xx.o(.text)
    FDCAN3_IT1_IRQHandler                    0x080002ff   Thumb Code     0  startup_stm32h723xx.o(.text)
    FLASH_IRQHandler                         0x080002ff   Thumb Code     0  startup_stm32h723xx.o(.text)
    FMAC_IRQHandler                          0x080002ff   Thumb Code     0  startup_stm32h723xx.o(.text)
    FMC_IRQHandler                           0x080002ff   Thumb Code     0  startup_stm32h723xx.o(.text)
    FPU_IRQHandler                           0x080002ff   Thumb Code     0  startup_stm32h723xx.o(.text)
    HSEM1_IRQHandler                         0x080002ff   Thumb Code     0  startup_stm32h723xx.o(.text)
    I2C1_ER_IRQHandler                       0x080002ff   Thumb Code     0  startup_stm32h723xx.o(.text)
    I2C1_EV_IRQHandler                       0x080002ff   Thumb Code     0  startup_stm32h723xx.o(.text)
    I2C2_ER_IRQHandler                       0x080002ff   Thumb Code     0  startup_stm32h723xx.o(.text)
    I2C2_EV_IRQHandler                       0x080002ff   Thumb Code     0  startup_stm32h723xx.o(.text)
    I2C3_ER_IRQHandler                       0x080002ff   Thumb Code     0  startup_stm32h723xx.o(.text)
    I2C3_EV_IRQHandler                       0x080002ff   Thumb Code     0  startup_stm32h723xx.o(.text)
    I2C4_ER_IRQHandler                       0x080002ff   Thumb Code     0  startup_stm32h723xx.o(.text)
    I2C4_EV_IRQHandler                       0x080002ff   Thumb Code     0  startup_stm32h723xx.o(.text)
    I2C5_ER_IRQHandler                       0x080002ff   Thumb Code     0  startup_stm32h723xx.o(.text)
    I2C5_EV_IRQHandler                       0x080002ff   Thumb Code     0  startup_stm32h723xx.o(.text)
    LPTIM1_IRQHandler                        0x080002ff   Thumb Code     0  startup_stm32h723xx.o(.text)
    LPTIM2_IRQHandler                        0x080002ff   Thumb Code     0  startup_stm32h723xx.o(.text)
    LPTIM3_IRQHandler                        0x080002ff   Thumb Code     0  startup_stm32h723xx.o(.text)
    LPTIM4_IRQHandler                        0x080002ff   Thumb Code     0  startup_stm32h723xx.o(.text)
    LPTIM5_IRQHandler                        0x080002ff   Thumb Code     0  startup_stm32h723xx.o(.text)
    LPUART1_IRQHandler                       0x080002ff   Thumb Code     0  startup_stm32h723xx.o(.text)
    LTDC_ER_IRQHandler                       0x080002ff   Thumb Code     0  startup_stm32h723xx.o(.text)
    LTDC_IRQHandler                          0x080002ff   Thumb Code     0  startup_stm32h723xx.o(.text)
    MDIOS_IRQHandler                         0x080002ff   Thumb Code     0  startup_stm32h723xx.o(.text)
    MDIOS_WKUP_IRQHandler                    0x080002ff   Thumb Code     0  startup_stm32h723xx.o(.text)
    MDMA_IRQHandler                          0x080002ff   Thumb Code     0  startup_stm32h723xx.o(.text)
    OCTOSPI1_IRQHandler                      0x080002ff   Thumb Code     0  startup_stm32h723xx.o(.text)
    OCTOSPI2_IRQHandler                      0x080002ff   Thumb Code     0  startup_stm32h723xx.o(.text)
    OTG_HS_EP1_IN_IRQHandler                 0x080002ff   Thumb Code     0  startup_stm32h723xx.o(.text)
    OTG_HS_EP1_OUT_IRQHandler                0x080002ff   Thumb Code     0  startup_stm32h723xx.o(.text)
    OTG_HS_IRQHandler                        0x080002ff   Thumb Code     0  startup_stm32h723xx.o(.text)
    OTG_HS_WKUP_IRQHandler                   0x080002ff   Thumb Code     0  startup_stm32h723xx.o(.text)
    PVD_AVD_IRQHandler                       0x080002ff   Thumb Code     0  startup_stm32h723xx.o(.text)
    RCC_IRQHandler                           0x080002ff   Thumb Code     0  startup_stm32h723xx.o(.text)
    RNG_IRQHandler                           0x080002ff   Thumb Code     0  startup_stm32h723xx.o(.text)
    RTC_Alarm_IRQHandler                     0x080002ff   Thumb Code     0  startup_stm32h723xx.o(.text)
    RTC_WKUP_IRQHandler                      0x080002ff   Thumb Code     0  startup_stm32h723xx.o(.text)
    SAI1_IRQHandler                          0x080002ff   Thumb Code     0  startup_stm32h723xx.o(.text)
    SAI4_IRQHandler                          0x080002ff   Thumb Code     0  startup_stm32h723xx.o(.text)
    SDMMC1_IRQHandler                        0x080002ff   Thumb Code     0  startup_stm32h723xx.o(.text)
    SDMMC2_IRQHandler                        0x080002ff   Thumb Code     0  startup_stm32h723xx.o(.text)
    SPDIF_RX_IRQHandler                      0x080002ff   Thumb Code     0  startup_stm32h723xx.o(.text)
    SPI1_IRQHandler                          0x080002ff   Thumb Code     0  startup_stm32h723xx.o(.text)
    SPI2_IRQHandler                          0x080002ff   Thumb Code     0  startup_stm32h723xx.o(.text)
    SPI3_IRQHandler                          0x080002ff   Thumb Code     0  startup_stm32h723xx.o(.text)
    SPI4_IRQHandler                          0x080002ff   Thumb Code     0  startup_stm32h723xx.o(.text)
    SPI5_IRQHandler                          0x080002ff   Thumb Code     0  startup_stm32h723xx.o(.text)
    SPI6_IRQHandler                          0x080002ff   Thumb Code     0  startup_stm32h723xx.o(.text)
    SWPMI1_IRQHandler                        0x080002ff   Thumb Code     0  startup_stm32h723xx.o(.text)
    TAMP_STAMP_IRQHandler                    0x080002ff   Thumb Code     0  startup_stm32h723xx.o(.text)
    TIM15_IRQHandler                         0x080002ff   Thumb Code     0  startup_stm32h723xx.o(.text)
    TIM16_IRQHandler                         0x080002ff   Thumb Code     0  startup_stm32h723xx.o(.text)
    TIM17_IRQHandler                         0x080002ff   Thumb Code     0  startup_stm32h723xx.o(.text)
    TIM1_BRK_IRQHandler                      0x080002ff   Thumb Code     0  startup_stm32h723xx.o(.text)
    TIM1_CC_IRQHandler                       0x080002ff   Thumb Code     0  startup_stm32h723xx.o(.text)
    TIM1_TRG_COM_IRQHandler                  0x080002ff   Thumb Code     0  startup_stm32h723xx.o(.text)
    TIM1_UP_IRQHandler                       0x080002ff   Thumb Code     0  startup_stm32h723xx.o(.text)
    TIM23_IRQHandler                         0x080002ff   Thumb Code     0  startup_stm32h723xx.o(.text)
    TIM24_IRQHandler                         0x080002ff   Thumb Code     0  startup_stm32h723xx.o(.text)
    TIM2_IRQHandler                          0x080002ff   Thumb Code     0  startup_stm32h723xx.o(.text)
    TIM3_IRQHandler                          0x080002ff   Thumb Code     0  startup_stm32h723xx.o(.text)
    TIM4_IRQHandler                          0x080002ff   Thumb Code     0  startup_stm32h723xx.o(.text)
    TIM5_IRQHandler                          0x080002ff   Thumb Code     0  startup_stm32h723xx.o(.text)
    TIM7_IRQHandler                          0x080002ff   Thumb Code     0  startup_stm32h723xx.o(.text)
    TIM8_BRK_TIM12_IRQHandler                0x080002ff   Thumb Code     0  startup_stm32h723xx.o(.text)
    TIM8_CC_IRQHandler                       0x080002ff   Thumb Code     0  startup_stm32h723xx.o(.text)
    TIM8_TRG_COM_TIM14_IRQHandler            0x080002ff   Thumb Code     0  startup_stm32h723xx.o(.text)
    TIM8_UP_TIM13_IRQHandler                 0x080002ff   Thumb Code     0  startup_stm32h723xx.o(.text)
    UART4_IRQHandler                         0x080002ff   Thumb Code     0  startup_stm32h723xx.o(.text)
    UART5_IRQHandler                         0x080002ff   Thumb Code     0  startup_stm32h723xx.o(.text)
    UART7_IRQHandler                         0x080002ff   Thumb Code     0  startup_stm32h723xx.o(.text)
    UART8_IRQHandler                         0x080002ff   Thumb Code     0  startup_stm32h723xx.o(.text)
    UART9_IRQHandler                         0x080002ff   Thumb Code     0  startup_stm32h723xx.o(.text)
    USART10_IRQHandler                       0x080002ff   Thumb Code     0  startup_stm32h723xx.o(.text)
    USART1_IRQHandler                        0x080002ff   Thumb Code     0  startup_stm32h723xx.o(.text)
    USART2_IRQHandler                        0x080002ff   Thumb Code     0  startup_stm32h723xx.o(.text)
    USART3_IRQHandler                        0x080002ff   Thumb Code     0  startup_stm32h723xx.o(.text)
    USART6_IRQHandler                        0x080002ff   Thumb Code     0  startup_stm32h723xx.o(.text)
    WAKEUP_PIN_IRQHandler                    0x080002ff   Thumb Code     0  startup_stm32h723xx.o(.text)
    WWDG_IRQHandler                          0x080002ff   Thumb Code     0  startup_stm32h723xx.o(.text)
    __aeabi_memcpy                           0x08000309   Thumb Code    36  memcpya.o(.text)
    __aeabi_memcpy4                          0x08000309   Thumb Code     0  memcpya.o(.text)
    __aeabi_memcpy8                          0x08000309   Thumb Code     0  memcpya.o(.text)
    __aeabi_memset                           0x0800032d   Thumb Code    14  memseta.o(.text)
    __aeabi_memset4                          0x0800032d   Thumb Code     0  memseta.o(.text)
    __aeabi_memset8                          0x0800032d   Thumb Code     0  memseta.o(.text)
    __aeabi_memclr                           0x0800033b   Thumb Code     4  memseta.o(.text)
    __aeabi_memclr4                          0x0800033b   Thumb Code     0  memseta.o(.text)
    __aeabi_memclr8                          0x0800033b   Thumb Code     0  memseta.o(.text)
    _memset$wrapper                          0x0800033f   Thumb Code    18  memseta.o(.text)
    __ARM_scalbn                             0x08000351   Thumb Code    46  dscalb.o(.text)
    __I$use$fp                               0x08000351   Thumb Code     0  iusefp.o(.text)
    scalbn                                   0x08000351   Thumb Code     0  dscalb.o(.text)
    __scatterload                            0x08000381   Thumb Code    28  init.o(.text)
    __scatterload_rt2                        0x08000381   Thumb Code     0  init.o(.text)
    __decompress                             0x080003a5   Thumb Code     0  __dczerorl2.o(.text)
    __decompress1                            0x080003a5   Thumb Code    86  __dczerorl2.o(.text)
    BusFault_Handler                         0x080003fb   Thumb Code     2  stm32h7xx_it.o(i.BusFault_Handler)
    CAN1_cmd_motor                           0x080003fd   Thumb Code    70  bsp_can.o(i.CAN1_cmd_motor)
    CAN1_cmd_motor6020                       0x08000451   Thumb Code   136  bsp_can.o(i.CAN1_cmd_motor6020)
    CAN1_cmd_motor_last                      0x080004e5   Thumb Code    70  bsp_can.o(i.CAN1_cmd_motor_last)
    CAN2_cmd_motor                           0x08000539   Thumb Code    70  bsp_can.o(i.CAN2_cmd_motor)
    CAN2_cmd_motor6020                       0x0800058d   Thumb Code   136  bsp_can.o(i.CAN2_cmd_motor6020)
    CAN2_cmd_motor_last                      0x08000621   Thumb Code    70  bsp_can.o(i.CAN2_cmd_motor_last)
    DebugMon_Handler                         0x080006f9   Thumb Code     2  stm32h7xx_it.o(i.DebugMon_Handler)
    Error_Handler                            0x080006fb   Thumb Code     4  main.o(i.Error_Handler)
    FDCAN1_IT0_IRQHandler                    0x08000701   Thumb Code     6  stm32h7xx_it.o(i.FDCAN1_IT0_IRQHandler)
    FDCAN2_IT0_IRQHandler                    0x0800070d   Thumb Code     6  stm32h7xx_it.o(i.FDCAN2_IT0_IRQHandler)
    FDCAN2_IT1_IRQHandler                    0x08000719   Thumb Code     6  stm32h7xx_it.o(i.FDCAN2_IT1_IRQHandler)
    FDCAN_CAL_IRQHandler                     0x08000725   Thumb Code    18  stm32h7xx_it.o(i.FDCAN_CAL_IRQHandler)
    HAL_FDCAN_ActivateNotification           0x08000985   Thumb Code   126  stm32h7xx_hal_fdcan.o(i.HAL_FDCAN_ActivateNotification)
    HAL_FDCAN_AddMessageToTxFifoQ            0x08000a0d   Thumb Code   102  stm32h7xx_hal_fdcan.o(i.HAL_FDCAN_AddMessageToTxFifoQ)
    HAL_FDCAN_ClockCalibrationCallback       0x08000a73   Thumb Code     2  stm32h7xx_hal_fdcan.o(i.HAL_FDCAN_ClockCalibrationCallback)
    HAL_FDCAN_ConfigFilter                   0x08000a75   Thumb Code   126  stm32h7xx_hal_fdcan.o(i.HAL_FDCAN_ConfigFilter)
    HAL_FDCAN_ErrorCallback                  0x08000af3   Thumb Code     2  stm32h7xx_hal_fdcan.o(i.HAL_FDCAN_ErrorCallback)
    HAL_FDCAN_ErrorStatusCallback            0x08000af5   Thumb Code     2  stm32h7xx_hal_fdcan.o(i.HAL_FDCAN_ErrorStatusCallback)
    HAL_FDCAN_GetRxMessage                   0x08000af9   Thumb Code   392  stm32h7xx_hal_fdcan.o(i.HAL_FDCAN_GetRxMessage)
    HAL_FDCAN_HighPriorityMessageCallback    0x08000c85   Thumb Code     2  stm32h7xx_hal_fdcan.o(i.HAL_FDCAN_HighPriorityMessageCallback)
    HAL_FDCAN_IRQHandler                     0x08000c89   Thumb Code   788  stm32h7xx_hal_fdcan.o(i.HAL_FDCAN_IRQHandler)
    HAL_FDCAN_Init                           0x08000fa9   Thumb Code   572  stm32h7xx_hal_fdcan.o(i.HAL_FDCAN_Init)
    HAL_FDCAN_MspInit                        0x080011ed   Thumb Code   302  fdcan.o(i.HAL_FDCAN_MspInit)
    HAL_FDCAN_RxBufferNewMessageCallback     0x08001335   Thumb Code     2  stm32h7xx_hal_fdcan.o(i.HAL_FDCAN_RxBufferNewMessageCallback)
    HAL_FDCAN_RxFifo0Callback                0x08001339   Thumb Code   334  bsp_can.o(i.HAL_FDCAN_RxFifo0Callback)
    HAL_FDCAN_RxFifo1Callback                0x0800149d   Thumb Code     2  stm32h7xx_hal_fdcan.o(i.HAL_FDCAN_RxFifo1Callback)
    HAL_FDCAN_Start                          0x0800149f   Thumb Code    50  stm32h7xx_hal_fdcan.o(i.HAL_FDCAN_Start)
    HAL_FDCAN_TT_GlobalTimeCallback          0x080014d1   Thumb Code     2  stm32h7xx_hal_fdcan.o(i.HAL_FDCAN_TT_GlobalTimeCallback)
    HAL_FDCAN_TT_ScheduleSyncCallback        0x080014d3   Thumb Code     2  stm32h7xx_hal_fdcan.o(i.HAL_FDCAN_TT_ScheduleSyncCallback)
    HAL_FDCAN_TT_StopWatchCallback           0x080014d5   Thumb Code     2  stm32h7xx_hal_fdcan.o(i.HAL_FDCAN_TT_StopWatchCallback)
    HAL_FDCAN_TT_TimeMarkCallback            0x080014d7   Thumb Code     2  stm32h7xx_hal_fdcan.o(i.HAL_FDCAN_TT_TimeMarkCallback)
    HAL_FDCAN_TimeoutOccurredCallback        0x080014d9   Thumb Code     2  stm32h7xx_hal_fdcan.o(i.HAL_FDCAN_TimeoutOccurredCallback)
    HAL_FDCAN_TimestampWraparoundCallback    0x080014db   Thumb Code     2  stm32h7xx_hal_fdcan.o(i.HAL_FDCAN_TimestampWraparoundCallback)
    HAL_FDCAN_TxBufferAbortCallback          0x080014dd   Thumb Code     2  stm32h7xx_hal_fdcan.o(i.HAL_FDCAN_TxBufferAbortCallback)
    HAL_FDCAN_TxBufferCompleteCallback       0x080014df   Thumb Code     2  stm32h7xx_hal_fdcan.o(i.HAL_FDCAN_TxBufferCompleteCallback)
    HAL_FDCAN_TxEventFifoCallback            0x080014e1   Thumb Code     2  stm32h7xx_hal_fdcan.o(i.HAL_FDCAN_TxEventFifoCallback)
    HAL_FDCAN_TxFifoEmptyCallback            0x080014e3   Thumb Code     2  stm32h7xx_hal_fdcan.o(i.HAL_FDCAN_TxFifoEmptyCallback)
    HAL_GPIO_Init                            0x080014e5   Thumb Code   496  stm32h7xx_hal_gpio.o(i.HAL_GPIO_Init)
    HAL_GPIO_WritePin                        0x08001701   Thumb Code    10  stm32h7xx_hal_gpio.o(i.HAL_GPIO_WritePin)
    HAL_GetTick                              0x0800170d   Thumb Code     6  stm32h7xx_hal.o(i.HAL_GetTick)
    HAL_IncTick                              0x08001719   Thumb Code    12  stm32h7xx_hal.o(i.HAL_IncTick)
    HAL_Init                                 0x08001729   Thumb Code    74  stm32h7xx_hal.o(i.HAL_Init)
    HAL_InitTick                             0x08001785   Thumb Code    56  stm32h7xx_hal.o(i.HAL_InitTick)
    HAL_MPU_ConfigRegion                     0x080017c5   Thumb Code    86  stm32h7xx_hal_cortex.o(i.HAL_MPU_ConfigRegion)
    HAL_MPU_Disable                          0x08001821   Thumb Code    24  stm32h7xx_hal_cortex.o(i.HAL_MPU_Disable)
    HAL_MPU_Enable                           0x0800183d   Thumb Code    30  stm32h7xx_hal_cortex.o(i.HAL_MPU_Enable)
    HAL_MspInit                              0x08001861   Thumb Code    22  stm32h7xx_hal_msp.o(i.HAL_MspInit)
    HAL_NVIC_EnableIRQ                       0x0800187d   Thumb Code    26  stm32h7xx_hal_cortex.o(i.HAL_NVIC_EnableIRQ)
    HAL_NVIC_SetPriority                     0x08001899   Thumb Code    60  stm32h7xx_hal_cortex.o(i.HAL_NVIC_SetPriority)
    HAL_NVIC_SetPriorityGrouping             0x080018d9   Thumb Code    28  stm32h7xx_hal_cortex.o(i.HAL_NVIC_SetPriorityGrouping)
    HAL_PWREx_ConfigSupply                   0x080018fd   Thumb Code    78  stm32h7xx_hal_pwr_ex.o(i.HAL_PWREx_ConfigSupply)
    HAL_RCCEx_PeriphCLKConfig                0x08001951   Thumb Code  2362  stm32h7xx_hal_rcc_ex.o(i.HAL_RCCEx_PeriphCLKConfig)
    HAL_RCC_ClockConfig                      0x0800228d   Thumb Code   580  stm32h7xx_hal_rcc.o(i.HAL_RCC_ClockConfig)
    HAL_RCC_GetSysClockFreq                  0x080024e9   Thumb Code   278  stm32h7xx_hal_rcc.o(i.HAL_RCC_GetSysClockFreq)
    HAL_RCC_OscConfig                        0x08002621   Thumb Code  1318  stm32h7xx_hal_rcc.o(i.HAL_RCC_OscConfig)
    HAL_SYSTICK_Config                       0x08002b47   Thumb Code    38  stm32h7xx_hal_cortex.o(i.HAL_SYSTICK_Config)
    HAL_TIMEx_Break2Callback                 0x08002b6d   Thumb Code     2  stm32h7xx_hal_tim_ex.o(i.HAL_TIMEx_Break2Callback)
    HAL_TIMEx_BreakCallback                  0x08002b6f   Thumb Code     2  stm32h7xx_hal_tim_ex.o(i.HAL_TIMEx_BreakCallback)
    HAL_TIMEx_CommutCallback                 0x08002b71   Thumb Code     2  stm32h7xx_hal_tim_ex.o(i.HAL_TIMEx_CommutCallback)
    HAL_TIMEx_MasterConfigSynchronization    0x08002b75   Thumb Code   146  stm32h7xx_hal_tim_ex.o(i.HAL_TIMEx_MasterConfigSynchronization)
    HAL_TIM_Base_Init                        0x08002c2d   Thumb Code    98  stm32h7xx_hal_tim.o(i.HAL_TIM_Base_Init)
    HAL_TIM_Base_MspInit                     0x08002c91   Thumb Code    50  tim.o(i.HAL_TIM_Base_MspInit)
    HAL_TIM_Base_Start_IT                    0x08002ccd   Thumb Code   118  stm32h7xx_hal_tim.o(i.HAL_TIM_Base_Start_IT)
    HAL_TIM_IC_CaptureCallback               0x08002d6d   Thumb Code     2  stm32h7xx_hal_tim.o(i.HAL_TIM_IC_CaptureCallback)
    HAL_TIM_IRQHandler                       0x08002d6f   Thumb Code   328  stm32h7xx_hal_tim.o(i.HAL_TIM_IRQHandler)
    HAL_TIM_OC_DelayElapsedCallback          0x08002eb7   Thumb Code     2  stm32h7xx_hal_tim.o(i.HAL_TIM_OC_DelayElapsedCallback)
    HAL_TIM_PWM_PulseFinishedCallback        0x08002eb9   Thumb Code     2  stm32h7xx_hal_tim.o(i.HAL_TIM_PWM_PulseFinishedCallback)
    HAL_TIM_PeriodElapsedCallback            0x08002ebd   Thumb Code    60  main.o(i.HAL_TIM_PeriodElapsedCallback)
    HAL_TIM_TriggerCallback                  0x08002f09   Thumb Code     2  stm32h7xx_hal_tim.o(i.HAL_TIM_TriggerCallback)
    HardFault_Handler                        0x08002f0b   Thumb Code     2  stm32h7xx_it.o(i.HardFault_Handler)
    MX_FDCAN1_Init                           0x08002f0d   Thumb Code    96  fdcan.o(i.MX_FDCAN1_Init)
    MX_FDCAN2_Init                           0x08002f75   Thumb Code    96  fdcan.o(i.MX_FDCAN2_Init)
    MX_GPIO_Init                             0x08002fdd   Thumb Code   148  gpio.o(i.MX_GPIO_Init)
    MX_TIM6_Init                             0x08003079   Thumb Code    62  tim.o(i.MX_TIM6_Init)
    MemManage_Handler                        0x080030c1   Thumb Code     2  stm32h7xx_it.o(i.MemManage_Handler)
    NMI_Handler                              0x080030c3   Thumb Code     2  stm32h7xx_it.o(i.NMI_Handler)
    PID_Angle_A_Para_Init                    0x080030c5   Thumb Code   250  motorctrl.o(i.PID_Angle_A_Para_Init)
    PID_Angle_S_Para_Init                    0x080031c5   Thumb Code   250  motorctrl.o(i.PID_Angle_S_Para_Init)
    PID_MODEL_initialize                     0x080032c5   Thumb Code    64  pid_model.o(i.PID_MODEL_initialize)
    PID_MODEL_step                           0x0800330d   Thumb Code  6204  pid_model.o(i.PID_MODEL_step)
    PID_Speed_Para_Init                      0x08004b4d   Thumb Code   250  motorctrl.o(i.PID_Speed_Para_Init)
    PendSV_Handler                           0x08004c4d   Thumb Code     2  stm32h7xx_it.o(i.PendSV_Handler)
    SVC_Handler                              0x08004e91   Thumb Code     2  stm32h7xx_it.o(i.SVC_Handler)
    Set_6020_Mode                            0x08004e95   Thumb Code     6  bsp_can.o(i.Set_6020_Mode)
    SysTick_Handler                          0x08004ea1   Thumb Code     4  stm32h7xx_it.o(i.SysTick_Handler)
    SystemClock_Config                       0x08004ea5   Thumb Code   146  main.o(i.SystemClock_Config)
    SystemInit                               0x08004f3d   Thumb Code   158  system_stm32h7xx.o(i.SystemInit)
    TIM6_DAC_IRQHandler                      0x08004ffd   Thumb Code     6  stm32h7xx_it.o(i.TIM6_DAC_IRQHandler)
    TIM_Base_SetConfig                       0x08005009   Thumb Code   188  stm32h7xx_hal_tim.o(i.TIM_Base_SetConfig)
    UsageFault_Handler                       0x080050ed   Thumb Code     2  stm32h7xx_it.o(i.UsageFault_Handler)
    __ARM_fpclassify                         0x080050ef   Thumb Code    48  fpclassify.o(i.__ARM_fpclassify)
    __hardfp_atan                            0x08005141   Thumb Code   402  atan.o(i.__hardfp_atan)
    __hardfp_atan2                           0x08005341   Thumb Code   392  atan2.o(i.__hardfp_atan2)
    __hardfp_cos                             0x08005509   Thumb Code   158  cos.o(i.__hardfp_cos)
    __hardfp_pow                             0x080055b9   Thumb Code  2140  pow.o(i.__hardfp_pow)
    __hardfp_sin                             0x08005eb1   Thumb Code   158  sin.o(i.__hardfp_sin)
    __hardfp_sqrt                            0x08005f61   Thumb Code   102  sqrt.o(i.__hardfp_sqrt)
    __ieee754_rem_pio2                       0x08005fc9   Thumb Code   646  rred.o(i.__ieee754_rem_pio2)
    __kernel_cos                             0x080062d9   Thumb Code   182  cos_i.o(i.__kernel_cos)
    __kernel_poly                            0x080063b9   Thumb Code   112  poly.o(i.__kernel_poly)
    __kernel_sin                             0x08006429   Thumb Code   144  sin_i.o(i.__kernel_sin)
    __mathlib_dbl_divzero                    0x080064d1   Thumb Code    14  dunder.o(i.__mathlib_dbl_divzero)
    __mathlib_dbl_infnan                     0x080064f1   Thumb Code     6  dunder.o(i.__mathlib_dbl_infnan)
    __mathlib_dbl_infnan2                    0x080064f7   Thumb Code     6  dunder.o(i.__mathlib_dbl_infnan2)
    __mathlib_dbl_invalid                    0x08006501   Thumb Code    10  dunder.o(i.__mathlib_dbl_invalid)
    __mathlib_dbl_overflow                   0x08006519   Thumb Code    10  dunder.o(i.__mathlib_dbl_overflow)
    __mathlib_dbl_underflow                  0x08006531   Thumb Code    10  dunder.o(i.__mathlib_dbl_underflow)
    __scatterload_copy                       0x08006549   Thumb Code    14  handlers.o(i.__scatterload_copy)
    __scatterload_null                       0x08006557   Thumb Code     2  handlers.o(i.__scatterload_null)
    __scatterload_zeroinit                   0x08006559   Thumb Code    14  handlers.o(i.__scatterload_zeroinit)
    __set_errno                              0x08006569   Thumb Code     6  errno.o(i.__set_errno)
    assign_output                            0x08006575   Thumb Code   842  motorctrl.o(i.assign_output)
    atan                                     0x080068d5   Thumb Code    16  atan.o(i.atan)
    cala_d                                   0x080068e5   Thumb Code   288  motorctrl.o(i.cala_d)
    can_filter_init                          0x08006a29   Thumb Code    74  bsp_can.o(i.can_filter_init)
    circle_cc                                0x08006a7d   Thumb Code    38  bsp_can.o(i.circle_cc)
    ctrlmotor                                0x08006aa5   Thumb Code  1820  motorctrl.o(i.ctrlmotor)
    fabs                                     0x080071c9   Thumb Code    24  fabs.o(i.fabs)
    get_msgn                                 0x080071e1   Thumb Code   850  motorctrl.o(i.get_msgn)
    main                                     0x08007541   Thumb Code   538  main.o(i.main)
    motor_state_update                       0x08007785   Thumb Code    72  bsp_can.o(i.motor_state_update)
    set_mode                                 0x080077d1   Thumb Code   172  motorctrl.o(i.set_mode)
    sqrt                                     0x08007881   Thumb Code   106  sqrt.o(i.sqrt)
    D1CorePrescTable                         0x08007948   Data          16  system_stm32h7xx.o(.constdata)
    __mathlib_zero                           0x08007aa8   Data           8  qnan.o(.constdata)
    Region$$Table$$Base                      0x08007ba0   Number         0  anon$$obj.o(Region$$Table)
    Region$$Table$$Limit                     0x08007bc0   Number         0  anon$$obj.o(Region$$Table)
    uwTickFreq                               0x24000004   Data           1  stm32h7xx_hal.o(.data)
    uwTickPrio                               0x24000008   Data           4  stm32h7xx_hal.o(.data)
    uwTick                                   0x2400000c   Data           4  stm32h7xx_hal.o(.data)
    SystemCoreClock                          0x24000010   Data           4  system_stm32h7xx.o(.data)
    SystemD2Clock                            0x24000014   Data           4  system_stm32h7xx.o(.data)
    mode_6020                                0x24000018   Data           1  bsp_can.o(.data)
    CAN_RECEIVE                              0x2400001d   Data           3  bsp_can.o(.data)
    rtP                                      0x24000040   Data         616  pid_model_data.o(.data)
    mult                                     0x240002a8   Data           8  motorctrl.o(.data)
    vehicle_test                             0x240002b8   Data          32  main.o(.bss)
    cnt                                      0x240002d8   Data          40  main.o(.bss)
    hfdcan1                                  0x24000300   Data         160  fdcan.o(.bss)
    hfdcan2                                  0x240003a0   Data         160  fdcan.o(.bss)
    htim6                                    0x24000440   Data          76  tim.o(.bss)
    temp                                     0x2400058c   Data          40  bsp_can.o(.bss)
    motor_data_can1                          0x240005b4   Data          32  bsp_can.o(.bss)
    motor_data_can2                          0x240005d4   Data          32  bsp_can.o(.bss)
    rtDW                                     0x24000684   Data         420  pid_model.o(.bss)
    rtU                                      0x24000828   Data         336  pid_model.o(.bss)
    rtY                                      0x24000978   Data         168  pid_model.o(.bss)
    output                                   0x24000a20   Data         128  motorctrl.o(.bss)
    MotorSignal                              0x24000aa0   Data         192  motorctrl.o(.bss)
    __initial_sp                             0x24000f60   Data           0  startup_stm32h723xx.o(STACK)



==============================================================================

Memory Map of the image

  Image Entry point : 0x080002cd

  Load Region LR_IROM1 (Base: 0x08000000, Size: 0x00007e74, Max: 0x00100000, ABSOLUTE, COMPRESSED[0x00007be4])

    Execution Region ER_IROM1 (Exec base: 0x08000000, Load base: 0x08000000, Size: 0x00007bc0, Max: 0x00100000, ABSOLUTE)

    Exec Addr    Load Addr    Size         Type   Attr      Idx    E Section Name        Object

    0x08000000   0x08000000   0x000002cc   Data   RO            3    RESET               startup_stm32h723xx.o
    0x080002cc   0x080002cc   0x00000000   Code   RO         4852  * .ARM.Collect$$$$00000000  mc_w.l(entry.o)
    0x080002cc   0x080002cc   0x00000004   Code   RO         4914    .ARM.Collect$$$$00000001  mc_w.l(entry2.o)
    0x080002d0   0x080002d0   0x00000004   Code   RO         4917    .ARM.Collect$$$$00000004  mc_w.l(entry5.o)
    0x080002d4   0x080002d4   0x00000000   Code   RO         4919    .ARM.Collect$$$$00000008  mc_w.l(entry7b.o)
    0x080002d4   0x080002d4   0x00000000   Code   RO         4921    .ARM.Collect$$$$0000000A  mc_w.l(entry8b.o)
    0x080002d4   0x080002d4   0x00000008   Code   RO         4922    .ARM.Collect$$$$0000000B  mc_w.l(entry9a.o)
    0x080002dc   0x080002dc   0x00000004   Code   RO         4929    .ARM.Collect$$$$0000000E  mc_w.l(entry12b.o)
    0x080002e0   0x080002e0   0x00000000   Code   RO         4924    .ARM.Collect$$$$0000000F  mc_w.l(entry10a.o)
    0x080002e0   0x080002e0   0x00000000   Code   RO         4926    .ARM.Collect$$$$00000011  mc_w.l(entry11a.o)
    0x080002e0   0x080002e0   0x00000004   Code   RO         4915    .ARM.Collect$$$$00002712  mc_w.l(entry2.o)
    0x080002e4   0x080002e4   0x00000024   Code   RO            4    .text               startup_stm32h723xx.o
    0x08000308   0x08000308   0x00000024   Code   RO         4855    .text               mc_w.l(memcpya.o)
    0x0800032c   0x0800032c   0x00000024   Code   RO         4857    .text               mc_w.l(memseta.o)
    0x08000350   0x08000350   0x00000000   Code   RO         4937    .text               mc_w.l(iusefp.o)
    0x08000350   0x08000350   0x0000002e   Code   RO         4938    .text               mf_w.l(dscalb.o)
    0x0800037e   0x0800037e   0x00000002   PAD
    0x08000380   0x08000380   0x00000024   Code   RO         4940    .text               mc_w.l(init.o)
    0x080003a4   0x080003a4   0x00000056   Code   RO         4950    .text               mc_w.l(__dczerorl2.o)
    0x080003fa   0x080003fa   0x00000002   Code   RO          329    i.BusFault_Handler  stm32h7xx_it.o
    0x080003fc   0x080003fc   0x00000054   Code   RO         4555    i.CAN1_cmd_motor    bsp_can.o
    0x08000450   0x08000450   0x00000094   Code   RO         4556    i.CAN1_cmd_motor6020  bsp_can.o
    0x080004e4   0x080004e4   0x00000054   Code   RO         4557    i.CAN1_cmd_motor_last  bsp_can.o
    0x08000538   0x08000538   0x00000054   Code   RO         4558    i.CAN2_cmd_motor    bsp_can.o
    0x0800058c   0x0800058c   0x00000094   Code   RO         4559    i.CAN2_cmd_motor6020  bsp_can.o
    0x08000620   0x08000620   0x00000054   Code   RO         4560    i.CAN2_cmd_motor_last  bsp_can.o
    0x08000674   0x08000674   0x00000084   Code   RO         4670    i.Chart1            pid_model.o
    0x080006f8   0x080006f8   0x00000002   Code   RO          330    i.DebugMon_Handler  stm32h7xx_it.o
    0x080006fa   0x080006fa   0x00000004   Code   RO           13    i.Error_Handler     main.o
    0x080006fe   0x080006fe   0x00000002   PAD
    0x08000700   0x08000700   0x0000000c   Code   RO          331    i.FDCAN1_IT0_IRQHandler  stm32h7xx_it.o
    0x0800070c   0x0800070c   0x0000000c   Code   RO          332    i.FDCAN2_IT0_IRQHandler  stm32h7xx_it.o
    0x08000718   0x08000718   0x0000000c   Code   RO          333    i.FDCAN2_IT1_IRQHandler  stm32h7xx_it.o
    0x08000724   0x08000724   0x0000001c   Code   RO          334    i.FDCAN_CAL_IRQHandler  stm32h7xx_it.o
    0x08000740   0x08000740   0x000001c8   Code   RO         2881    i.FDCAN_CalcultateRamBlockAddresses  stm32h7xx_hal_fdcan.o
    0x08000908   0x08000908   0x0000007c   Code   RO         2882    i.FDCAN_CopyMessageToRAM  stm32h7xx_hal_fdcan.o
    0x08000984   0x08000984   0x00000088   Code   RO         2884    i.HAL_FDCAN_ActivateNotification  stm32h7xx_hal_fdcan.o
    0x08000a0c   0x08000a0c   0x00000066   Code   RO         2886    i.HAL_FDCAN_AddMessageToTxFifoQ  stm32h7xx_hal_fdcan.o
    0x08000a72   0x08000a72   0x00000002   Code   RO         2887    i.HAL_FDCAN_ClockCalibrationCallback  stm32h7xx_hal_fdcan.o
    0x08000a74   0x08000a74   0x0000007e   Code   RO         2891    i.HAL_FDCAN_ConfigFilter  stm32h7xx_hal_fdcan.o
    0x08000af2   0x08000af2   0x00000002   Code   RO         2913    i.HAL_FDCAN_ErrorCallback  stm32h7xx_hal_fdcan.o
    0x08000af4   0x08000af4   0x00000002   Code   RO         2914    i.HAL_FDCAN_ErrorStatusCallback  stm32h7xx_hal_fdcan.o
    0x08000af6   0x08000af6   0x00000002   PAD
    0x08000af8   0x08000af8   0x0000018c   Code   RO         2925    i.HAL_FDCAN_GetRxMessage  stm32h7xx_hal_fdcan.o
    0x08000c84   0x08000c84   0x00000002   Code   RO         2931    i.HAL_FDCAN_HighPriorityMessageCallback  stm32h7xx_hal_fdcan.o
    0x08000c86   0x08000c86   0x00000002   PAD
    0x08000c88   0x08000c88   0x00000320   Code   RO         2932    i.HAL_FDCAN_IRQHandler  stm32h7xx_hal_fdcan.o
    0x08000fa8   0x08000fa8   0x00000244   Code   RO         2933    i.HAL_FDCAN_Init    stm32h7xx_hal_fdcan.o
    0x080011ec   0x080011ec   0x00000148   Code   RO          231    i.HAL_FDCAN_MspInit  fdcan.o
    0x08001334   0x08001334   0x00000002   Code   RO         2942    i.HAL_FDCAN_RxBufferNewMessageCallback  stm32h7xx_hal_fdcan.o
    0x08001336   0x08001336   0x00000002   PAD
    0x08001338   0x08001338   0x00000164   Code   RO         4561    i.HAL_FDCAN_RxFifo0Callback  bsp_can.o
    0x0800149c   0x0800149c   0x00000002   Code   RO         2944    i.HAL_FDCAN_RxFifo1Callback  stm32h7xx_hal_fdcan.o
    0x0800149e   0x0800149e   0x00000032   Code   RO         2945    i.HAL_FDCAN_Start   stm32h7xx_hal_fdcan.o
    0x080014d0   0x080014d0   0x00000002   Code   RO         2967    i.HAL_FDCAN_TT_GlobalTimeCallback  stm32h7xx_hal_fdcan.o
    0x080014d2   0x080014d2   0x00000002   Code   RO         2968    i.HAL_FDCAN_TT_ScheduleSyncCallback  stm32h7xx_hal_fdcan.o
    0x080014d4   0x080014d4   0x00000002   Code   RO         2973    i.HAL_FDCAN_TT_StopWatchCallback  stm32h7xx_hal_fdcan.o
    0x080014d6   0x080014d6   0x00000002   Code   RO         2974    i.HAL_FDCAN_TT_TimeMarkCallback  stm32h7xx_hal_fdcan.o
    0x080014d8   0x080014d8   0x00000002   Code   RO         2975    i.HAL_FDCAN_TimeoutOccurredCallback  stm32h7xx_hal_fdcan.o
    0x080014da   0x080014da   0x00000002   Code   RO         2976    i.HAL_FDCAN_TimestampWraparoundCallback  stm32h7xx_hal_fdcan.o
    0x080014dc   0x080014dc   0x00000002   Code   RO         2977    i.HAL_FDCAN_TxBufferAbortCallback  stm32h7xx_hal_fdcan.o
    0x080014de   0x080014de   0x00000002   Code   RO         2978    i.HAL_FDCAN_TxBufferCompleteCallback  stm32h7xx_hal_fdcan.o
    0x080014e0   0x080014e0   0x00000002   Code   RO         2979    i.HAL_FDCAN_TxEventFifoCallback  stm32h7xx_hal_fdcan.o
    0x080014e2   0x080014e2   0x00000002   Code   RO         2980    i.HAL_FDCAN_TxFifoEmptyCallback  stm32h7xx_hal_fdcan.o
    0x080014e4   0x080014e4   0x0000021c   Code   RO         1093    i.HAL_GPIO_Init     stm32h7xx_hal_gpio.o
    0x08001700   0x08001700   0x0000000a   Code   RO         1097    i.HAL_GPIO_WritePin  stm32h7xx_hal_gpio.o
    0x0800170a   0x0800170a   0x00000002   PAD
    0x0800170c   0x0800170c   0x0000000c   Code   RO         1958    i.HAL_GetTick       stm32h7xx_hal.o
    0x08001718   0x08001718   0x00000010   Code   RO         1964    i.HAL_IncTick       stm32h7xx_hal.o
    0x08001728   0x08001728   0x0000005c   Code   RO         1965    i.HAL_Init          stm32h7xx_hal.o
    0x08001784   0x08001784   0x00000040   Code   RO         1966    i.HAL_InitTick      stm32h7xx_hal.o
    0x080017c4   0x080017c4   0x0000005c   Code   RO          468    i.HAL_MPU_ConfigRegion  stm32h7xx_hal_cortex.o
    0x08001820   0x08001820   0x0000001c   Code   RO          469    i.HAL_MPU_Disable   stm32h7xx_hal_cortex.o
    0x0800183c   0x0800183c   0x00000024   Code   RO          471    i.HAL_MPU_Enable    stm32h7xx_hal_cortex.o
    0x08001860   0x08001860   0x0000001c   Code   RO          439    i.HAL_MspInit       stm32h7xx_hal_msp.o
    0x0800187c   0x0800187c   0x0000001a   Code   RO          475    i.HAL_NVIC_EnableIRQ  stm32h7xx_hal_cortex.o
    0x08001896   0x08001896   0x00000002   PAD
    0x08001898   0x08001898   0x00000040   Code   RO          481    i.HAL_NVIC_SetPriority  stm32h7xx_hal_cortex.o
    0x080018d8   0x080018d8   0x00000024   Code   RO          482    i.HAL_NVIC_SetPriorityGrouping  stm32h7xx_hal_cortex.o
    0x080018fc   0x080018fc   0x00000054   Code   RO         1694    i.HAL_PWREx_ConfigSupply  stm32h7xx_hal_pwr_ex.o
    0x08001950   0x08001950   0x0000093a   Code   RO          745    i.HAL_RCCEx_PeriphCLKConfig  stm32h7xx_hal_rcc_ex.o
    0x0800228a   0x0800228a   0x00000002   PAD
    0x0800228c   0x0800228c   0x0000025c   Code   RO          621    i.HAL_RCC_ClockConfig  stm32h7xx_hal_rcc.o
    0x080024e8   0x080024e8   0x00000138   Code   RO          630    i.HAL_RCC_GetSysClockFreq  stm32h7xx_hal_rcc.o
    0x08002620   0x08002620   0x00000526   Code   RO          633    i.HAL_RCC_OscConfig  stm32h7xx_hal_rcc.o
    0x08002b46   0x08002b46   0x00000026   Code   RO          486    i.HAL_SYSTICK_Config  stm32h7xx_hal_cortex.o
    0x08002b6c   0x08002b6c   0x00000002   Code   RO         4215    i.HAL_TIMEx_Break2Callback  stm32h7xx_hal_tim_ex.o
    0x08002b6e   0x08002b6e   0x00000002   Code   RO         4216    i.HAL_TIMEx_BreakCallback  stm32h7xx_hal_tim_ex.o
    0x08002b70   0x08002b70   0x00000002   Code   RO         4217    i.HAL_TIMEx_CommutCallback  stm32h7xx_hal_tim_ex.o
    0x08002b72   0x08002b72   0x00000002   PAD
    0x08002b74   0x08002b74   0x000000b8   Code   RO         4238    i.HAL_TIMEx_MasterConfigSynchronization  stm32h7xx_hal_tim_ex.o
    0x08002c2c   0x08002c2c   0x00000062   Code   RO         3501    i.HAL_TIM_Base_Init  stm32h7xx_hal_tim.o
    0x08002c8e   0x08002c8e   0x00000002   PAD
    0x08002c90   0x08002c90   0x0000003c   Code   RO          284    i.HAL_TIM_Base_MspInit  tim.o
    0x08002ccc   0x08002ccc   0x000000a0   Code   RO         3506    i.HAL_TIM_Base_Start_IT  stm32h7xx_hal_tim.o
    0x08002d6c   0x08002d6c   0x00000002   Code   RO         3535    i.HAL_TIM_IC_CaptureCallback  stm32h7xx_hal_tim.o
    0x08002d6e   0x08002d6e   0x00000148   Code   RO         3549    i.HAL_TIM_IRQHandler  stm32h7xx_hal_tim.o
    0x08002eb6   0x08002eb6   0x00000002   Code   RO         3552    i.HAL_TIM_OC_DelayElapsedCallback  stm32h7xx_hal_tim.o
    0x08002eb8   0x08002eb8   0x00000002   Code   RO         3579    i.HAL_TIM_PWM_PulseFinishedCallback  stm32h7xx_hal_tim.o
    0x08002eba   0x08002eba   0x00000002   PAD
    0x08002ebc   0x08002ebc   0x0000004c   Code   RO           14    i.HAL_TIM_PeriodElapsedCallback  main.o
    0x08002f08   0x08002f08   0x00000002   Code   RO         3592    i.HAL_TIM_TriggerCallback  stm32h7xx_hal_tim.o
    0x08002f0a   0x08002f0a   0x00000002   Code   RO          335    i.HardFault_Handler  stm32h7xx_it.o
    0x08002f0c   0x08002f0c   0x00000068   Code   RO          232    i.MX_FDCAN1_Init    fdcan.o
    0x08002f74   0x08002f74   0x00000068   Code   RO          233    i.MX_FDCAN2_Init    fdcan.o
    0x08002fdc   0x08002fdc   0x0000009c   Code   RO          202    i.MX_GPIO_Init      gpio.o
    0x08003078   0x08003078   0x00000048   Code   RO          285    i.MX_TIM6_Init      tim.o
    0x080030c0   0x080030c0   0x00000002   Code   RO          336    i.MemManage_Handler  stm32h7xx_it.o
    0x080030c2   0x080030c2   0x00000002   Code   RO          337    i.NMI_Handler       stm32h7xx_it.o
    0x080030c4   0x080030c4   0x00000100   Code   RO         4705    i.PID_Angle_A_Para_Init  motorctrl.o
    0x080031c4   0x080031c4   0x00000100   Code   RO         4706    i.PID_Angle_S_Para_Init  motorctrl.o
    0x080032c4   0x080032c4   0x00000048   Code   RO         4671    i.PID_MODEL_initialize  pid_model.o
    0x0800330c   0x0800330c   0x00001840   Code   RO         4672    i.PID_MODEL_step    pid_model.o
    0x08004b4c   0x08004b4c   0x00000100   Code   RO         4707    i.PID_Speed_Para_Init  motorctrl.o
    0x08004c4c   0x08004c4c   0x00000002   Code   RO          338    i.PendSV_Handler    stm32h7xx_it.o
    0x08004c4e   0x08004c4e   0x00000002   PAD
    0x08004c50   0x08004c50   0x00000120   Code   RO          748    i.RCCEx_PLL2_Config  stm32h7xx_hal_rcc_ex.o
    0x08004d70   0x08004d70   0x00000120   Code   RO          749    i.RCCEx_PLL3_Config  stm32h7xx_hal_rcc_ex.o
    0x08004e90   0x08004e90   0x00000002   Code   RO          339    i.SVC_Handler       stm32h7xx_it.o
    0x08004e92   0x08004e92   0x00000002   PAD
    0x08004e94   0x08004e94   0x0000000c   Code   RO         4562    i.Set_6020_Mode     bsp_can.o
    0x08004ea0   0x08004ea0   0x00000004   Code   RO          340    i.SysTick_Handler   stm32h7xx_it.o
    0x08004ea4   0x08004ea4   0x00000098   Code   RO           15    i.SystemClock_Config  main.o
    0x08004f3c   0x08004f3c   0x000000c0   Code   RO         4519    i.SystemInit        system_stm32h7xx.o
    0x08004ffc   0x08004ffc   0x0000000c   Code   RO          341    i.TIM6_DAC_IRQHandler  stm32h7xx_it.o
    0x08005008   0x08005008   0x000000e4   Code   RO         3594    i.TIM_Base_SetConfig  stm32h7xx_hal_tim.o
    0x080050ec   0x080050ec   0x00000002   Code   RO          342    i.UsageFault_Handler  stm32h7xx_it.o
    0x080050ee   0x080050ee   0x00000030   Code   RO         4898    i.__ARM_fpclassify  m_wv.l(fpclassify.o)
    0x0800511e   0x0800511e   0x00000022   Code   RO          488    i.__NVIC_SetPriority  stm32h7xx_hal_cortex.o
    0x08005140   0x08005140   0x00000200   Code   RO         4861    i.__hardfp_atan     m_wv.l(atan.o)
    0x08005340   0x08005340   0x000001c8   Code   RO         4790    i.__hardfp_atan2    m_wv.l(atan2.o)
    0x08005508   0x08005508   0x000000b0   Code   RO         4802    i.__hardfp_cos      m_wv.l(cos.o)
    0x080055b8   0x080055b8   0x000008f8   Code   RO         4814    i.__hardfp_pow      m_wv.l(pow.o)
    0x08005eb0   0x08005eb0   0x000000b0   Code   RO         4828    i.__hardfp_sin      m_wv.l(sin.o)
    0x08005f60   0x08005f60   0x00000066   Code   RO         4840    i.__hardfp_sqrt     m_wv.l(sqrt.o)
    0x08005fc6   0x08005fc6   0x00000002   PAD
    0x08005fc8   0x08005fc8   0x00000310   Code   RO         4903    i.__ieee754_rem_pio2  m_wv.l(rred.o)
    0x080062d8   0x080062d8   0x000000e0   Code   RO         4875    i.__kernel_cos      m_wv.l(cos_i.o)
    0x080063b8   0x080063b8   0x00000070   Code   RO         4900    i.__kernel_poly     m_wv.l(poly.o)
    0x08006428   0x08006428   0x000000a8   Code   RO         4908    i.__kernel_sin      m_wv.l(sin_i.o)
    0x080064d0   0x080064d0   0x00000020   Code   RO         4878    i.__mathlib_dbl_divzero  m_wv.l(dunder.o)
    0x080064f0   0x080064f0   0x00000006   Code   RO         4879    i.__mathlib_dbl_infnan  m_wv.l(dunder.o)
    0x080064f6   0x080064f6   0x00000006   Code   RO         4880    i.__mathlib_dbl_infnan2  m_wv.l(dunder.o)
    0x080064fc   0x080064fc   0x00000004   PAD
    0x08006500   0x08006500   0x00000018   Code   RO         4881    i.__mathlib_dbl_invalid  m_wv.l(dunder.o)
    0x08006518   0x08006518   0x00000018   Code   RO         4882    i.__mathlib_dbl_overflow  m_wv.l(dunder.o)
    0x08006530   0x08006530   0x00000018   Code   RO         4884    i.__mathlib_dbl_underflow  m_wv.l(dunder.o)
    0x08006548   0x08006548   0x0000000e   Code   RO         4944    i.__scatterload_copy  mc_w.l(handlers.o)
    0x08006556   0x08006556   0x00000002   Code   RO         4945    i.__scatterload_null  mc_w.l(handlers.o)
    0x08006558   0x08006558   0x0000000e   Code   RO         4946    i.__scatterload_zeroinit  mc_w.l(handlers.o)
    0x08006566   0x08006566   0x00000002   PAD
    0x08006568   0x08006568   0x0000000c   Code   RO         4932    i.__set_errno       mc_w.l(errno.o)
    0x08006574   0x08006574   0x00000360   Code   RO         4708    i.assign_output     motorctrl.o
    0x080068d4   0x080068d4   0x00000010   Code   RO         4863    i.atan              m_wv.l(atan.o)
    0x080068e4   0x080068e4   0x00000144   Code   RO         4709    i.cala_d            motorctrl.o
    0x08006a28   0x08006a28   0x00000054   Code   RO         4563    i.can_filter_init   bsp_can.o
    0x08006a7c   0x08006a7c   0x00000026   Code   RO         4564    i.circle_cc         bsp_can.o
    0x08006aa2   0x08006aa2   0x00000002   PAD
    0x08006aa4   0x08006aa4   0x00000724   Code   RO         4710    i.ctrlmotor         motorctrl.o
    0x080071c8   0x080071c8   0x00000018   Code   RO         4894    i.fabs              m_wv.l(fabs.o)
    0x080071e0   0x080071e0   0x00000360   Code   RO         4711    i.get_msgn          motorctrl.o
    0x08007540   0x08007540   0x00000244   Code   RO           16    i.main              main.o
    0x08007784   0x08007784   0x0000004c   Code   RO         4567    i.motor_state_update  bsp_can.o
    0x080077d0   0x080077d0   0x000000b0   Code   RO         4712    i.set_mode          motorctrl.o
    0x08007880   0x08007880   0x0000006a   Code   RO         4842    i.sqrt              m_wv.l(sqrt.o)
    0x080078ea   0x080078ea   0x00000002   PAD
    0x080078ec   0x080078ec   0x0000005c   Data   RO         2981    .constdata          stm32h7xx_hal_fdcan.o
    0x08007948   0x08007948   0x00000010   Data   RO         4520    .constdata          system_stm32h7xx.o
    0x08007958   0x08007958   0x00000088   Data   RO         4817    .constdata          m_wv.l(pow.o)
    0x080079e0   0x080079e0   0x00000098   Data   RO         4864    .constdata          m_wv.l(atan.o)
    0x08007a78   0x08007a78   0x00000030   Data   RO         4876    .constdata          m_wv.l(cos_i.o)
    0x08007aa8   0x08007aa8   0x00000008   Data   RO         4902    .constdata          m_wv.l(qnan.o)
    0x08007ab0   0x08007ab0   0x000000c8   Data   RO         4905    .constdata          m_wv.l(rred.o)
    0x08007b78   0x08007b78   0x00000028   Data   RO         4909    .constdata          m_wv.l(sin_i.o)
    0x08007ba0   0x08007ba0   0x00000020   Data   RO         4942    Region$$Table       anon$$obj.o


    Execution Region RW_IRAM1 (Exec base: 0x20000000, Load base: 0x08007bc0, Size: 0x00000000, Max: 0x00020000, ABSOLUTE)

    **** No section assigned to this execution region ****


    Execution Region RW_IRAM2 (Exec base: 0x24000000, Load base: 0x08007bc0, Size: 0x00000f60, Max: 0x00050000, ABSOLUTE, COMPRESSED[0x00000024])

    Exec Addr    Load Addr    Size         Type   Attr      Idx    E Section Name        Object

    0x24000000   COMPRESSED   0x00000004   Data   RW          235    .data               fdcan.o
    0x24000004   COMPRESSED   0x0000000c   Data   RW         1989    .data               stm32h7xx_hal.o
    0x24000010   COMPRESSED   0x00000008   Data   RW         4521    .data               system_stm32h7xx.o
    0x24000018   COMPRESSED   0x00000028   Data   RW         4569    .data               bsp_can.o
    0x24000040   COMPRESSED   0x00000268   Data   RW         4657    .data               pid_model_data.o
    0x240002a8   COMPRESSED   0x00000008   Data   RW         4715    .data               motorctrl.o
    0x240002b0   COMPRESSED   0x00000004   Data   RW         4933    .data               mc_w.l(errno.o)
    0x240002b4   COMPRESSED   0x00000004   PAD
    0x240002b8        -       0x00000048   Zero   RW           17    .bss                main.o
    0x24000300        -       0x00000140   Zero   RW          234    .bss                fdcan.o
    0x24000440        -       0x0000004c   Zero   RW          286    .bss                tim.o
    0x2400048c        -       0x000001f8   Zero   RW         4568    .bss                bsp_can.o
    0x24000684        -       0x0000039c   Zero   RW         4673    .bss                pid_model.o
    0x24000a20        -       0x00000140   Zero   RW         4713    .bss                motorctrl.o
    0x24000b60        -       0x00000400   Zero   RW            1    STACK               startup_stm32h723xx.o


==============================================================================

Image component sizes


      Code (inc. data)   RO Data    RW Data    ZI Data      Debug   Object Name

      1198        122          0         40        504       9706   bsp_can.o
       536         42          0          4        320       2732   fdcan.o
       156          8          0          0          0       1087   gpio.o
       812         64          0          0         72    1200534   main.o
      4824        254          0          8        320       9444   motorctrl.o
      6412        128          0          0        924      17701   pid_model.o
         0          0          0        616          0      10837   pid_model_data.o
        36          8        716          0       1024        828   startup_stm32h723xx.o
       184         36          0         12          0      23005   stm32h7xx_hal.o
       354         28          0          0          0      41817   stm32h7xx_hal_cortex.o
      2802         50         92          0          0      21437   stm32h7xx_hal_fdcan.o
       550         44          0          0          0       2292   stm32h7xx_hal_gpio.o
        28          6          0          0          0        898   stm32h7xx_hal_msp.o
        84          6          0          0          0        785   stm32h7xx_hal_pwr_ex.o
      2234         66          0          0          0       5292   stm32h7xx_hal_rcc.o
      2938         46          0          0          0       5207   stm32h7xx_hal_rcc_ex.o
       822         82          0          0          0       7109   stm32h7xx_hal_tim.o
       190         38          0          0          0       3248   stm32h7xx_hal_tim_ex.o
        96         34          0          0          0       6379   stm32h7xx_it.o
       192         34         16          8          0       1450   system_stm32h7xx.o
       132         20          0          0         76       1686   tim.o

    ----------------------------------------------------------------------
     24606       1116        856        688       3240    1373474   Object Totals
         0          0         32          0          0          0   (incl. Generated)
        26          0          0          0          0          0   (incl. Padding)

    ----------------------------------------------------------------------

      Code (inc. data)   RO Data    RW Data    ZI Data      Debug   Library Member Name

       528        110        152          0          0        348   atan.o
       456         64          0          0          0        188   atan2.o
       176         18          0          0          0        156   cos.o
       224         42         48          0          0        184   cos_i.o
       116         60          0          0          0        696   dunder.o
        24          0          0          0          0        124   fabs.o
        48          0          0          0          0        124   fpclassify.o
       112          0          0          0          0        116   poly.o
      2296        304        136          0          0        320   pow.o
         0          0          8          0          0          0   qnan.o
       784        138        200          0          0        172   rred.o
       176         18          0          0          0        160   sin.o
       168         24         40          0          0        196   sin_i.o
       208          0          0          0          0        280   sqrt.o
        86          0          0          0          0          0   __dczerorl2.o
         0          0          0          0          0          0   entry.o
         0          0          0          0          0          0   entry10a.o
         0          0          0          0          0          0   entry11a.o
         4          0          0          0          0          0   entry12b.o
         8          4          0          0          0          0   entry2.o
         4          0          0          0          0          0   entry5.o
         0          0          0          0          0          0   entry7b.o
         0          0          0          0          0          0   entry8b.o
         8          4          0          0          0          0   entry9a.o
        12          6          0          4          0         68   errno.o
        30          0          0          0          0          0   handlers.o
        36          8          0          0          0         68   init.o
         0          0          0          0          0          0   iusefp.o
        36          0          0          0          0         68   memcpya.o
        36          0          0          0          0        108   memseta.o
        46          0          0          0          0         80   dscalb.o

    ----------------------------------------------------------------------
      5634        800        584          4          4       3456   Library Totals
        12          0          0          0          4          0   (incl. Padding)

    ----------------------------------------------------------------------

      Code (inc. data)   RO Data    RW Data    ZI Data      Debug   Library Name

      5316        778        584          0          0       3064   m_wv.l
       260         22          0          4          0        312   mc_w.l
        46          0          0          0          0         80   mf_w.l

    ----------------------------------------------------------------------
      5634        800        584          4          4       3456   Library Totals

    ----------------------------------------------------------------------

==============================================================================


      Code (inc. data)   RO Data    RW Data    ZI Data      Debug   

     30240       1916       1440        692       3244    1365810   Grand Totals
     30240       1916       1440         36       3244    1365810   ELF Image Totals (compressed)
     30240       1916       1440         36          0          0   ROM Totals

==============================================================================

    Total RO  Size (Code + RO Data)                31680 (  30.94kB)
    Total RW  Size (RW Data + ZI Data)              3936 (   3.84kB)
    Total ROM Size (Code + RO Data + RW Data)      31716 (  30.97kB)

==============================================================================

