Component: ARM Compiler 5.06 update 7 (build 960) Tool: armlink [4d3601]

==============================================================================

Section Cross References

    startup_stm32h723xx.o(RESET) refers to startup_stm32h723xx.o(STACK) for __initial_sp
    startup_stm32h723xx.o(RESET) refers to startup_stm32h723xx.o(.text) for Reset_Handler
    startup_stm32h723xx.o(RESET) refers to stm32h7xx_it.o(i.NMI_Handler) for NMI_Handler
    startup_stm32h723xx.o(RESET) refers to stm32h7xx_it.o(i.HardFault_Handler) for HardFault_Handler
    startup_stm32h723xx.o(RESET) refers to stm32h7xx_it.o(i.MemManage_Handler) for MemManage_Handler
    startup_stm32h723xx.o(RESET) refers to stm32h7xx_it.o(i.BusFault_Handler) for BusFault_Handler
    startup_stm32h723xx.o(RESET) refers to stm32h7xx_it.o(i.UsageFault_Handler) for UsageFault_Handler
    startup_stm32h723xx.o(RESET) refers to stm32h7xx_it.o(i.SVC_Handler) for SVC_Handler
    startup_stm32h723xx.o(RESET) refers to stm32h7xx_it.o(i.DebugMon_Handler) for DebugMon_Handler
    startup_stm32h723xx.o(RESET) refers to stm32h7xx_it.o(i.PendSV_Handler) for PendSV_Handler
    startup_stm32h723xx.o(RESET) refers to stm32h7xx_it.o(i.SysTick_Handler) for SysTick_Handler
    startup_stm32h723xx.o(RESET) refers to stm32h7xx_it.o(i.DMA1_Stream0_IRQHandler) for DMA1_Stream0_IRQHandler
    startup_stm32h723xx.o(RESET) refers to stm32h7xx_it.o(i.DMA1_Stream1_IRQHandler) for DMA1_Stream1_IRQHandler
    startup_stm32h723xx.o(RESET) refers to stm32h7xx_it.o(i.FDCAN1_IT0_IRQHandler) for FDCAN1_IT0_IRQHandler
    startup_stm32h723xx.o(RESET) refers to stm32h7xx_it.o(i.FDCAN2_IT0_IRQHandler) for FDCAN2_IT0_IRQHandler
    startup_stm32h723xx.o(RESET) refers to stm32h7xx_it.o(i.FDCAN2_IT1_IRQHandler) for FDCAN2_IT1_IRQHandler
    startup_stm32h723xx.o(RESET) refers to stm32h7xx_it.o(i.USART3_IRQHandler) for USART3_IRQHandler
    startup_stm32h723xx.o(RESET) refers to stm32h7xx_it.o(i.TIM6_DAC_IRQHandler) for TIM6_DAC_IRQHandler
    startup_stm32h723xx.o(RESET) refers to stm32h7xx_it.o(i.FDCAN_CAL_IRQHandler) for FDCAN_CAL_IRQHandler
    startup_stm32h723xx.o(RESET) refers to stm32h7xx_it.o(i.FDCAN3_IT0_IRQHandler) for FDCAN3_IT0_IRQHandler
    startup_stm32h723xx.o(RESET) refers to stm32h7xx_it.o(i.FDCAN3_IT1_IRQHandler) for FDCAN3_IT1_IRQHandler
    startup_stm32h723xx.o(.text) refers to system_stm32h7xx.o(i.SystemInit) for SystemInit
    startup_stm32h723xx.o(.text) refers to entry.o(.ARM.Collect$$$$00000000) for __main
    main.o(i.HAL_TIM_PeriodElapsedCallback) refers to dm_motor_drv.o(i.dm_motor_ctrl_send) for dm_motor_ctrl_send
    main.o(i.HAL_TIM_PeriodElapsedCallback) refers to motorctrl.o(i.get_msgn) for get_msgn
    main.o(i.HAL_TIM_PeriodElapsedCallback) refers to motorctrl.o(i.assign_output) for assign_output
    main.o(i.HAL_TIM_PeriodElapsedCallback) refers to bsp_fdcan.o(i.motor_state_update) for motor_state_update
    main.o(i.HAL_TIM_PeriodElapsedCallback) refers to motorctrl.o(i.set_reset_status) for set_reset_status
    main.o(i.HAL_TIM_PeriodElapsedCallback) refers to pid_model.o(i.PID_MODEL_step) for PID_MODEL_step
    main.o(i.HAL_TIM_PeriodElapsedCallback) refers to stm32h7xx_hal_gpio.o(i.HAL_GPIO_WritePin) for HAL_GPIO_WritePin
    main.o(i.HAL_TIM_PeriodElapsedCallback) refers to main.o(.bss) for .bss
    main.o(i.HAL_TIM_PeriodElapsedCallback) refers to dm_motor_ctrl.o(.bss) for motor
    main.o(i.HAL_TIM_PeriodElapsedCallback) refers to fdcan.o(.bss) for hfdcan1
    main.o(i.HAL_UART_RxCpltCallback) refers to upper_location.o(i.Receive) for Receive
    main.o(i.HAL_UART_RxCpltCallback) refers to stm32h7xx_hal_uart.o(i.HAL_UART_Receive_DMA) for HAL_UART_Receive_DMA
    main.o(i.HAL_UART_RxCpltCallback) refers to main.o(.data) for .data
    main.o(i.HAL_UART_RxCpltCallback) refers to main.o(.bss) for .bss
    main.o(i.HAL_UART_RxCpltCallback) refers to usart.o(.bss) for huart3
    main.o(i.SystemClock_Config) refers to memseta.o(.text) for __aeabi_memclr4
    main.o(i.SystemClock_Config) refers to stm32h7xx_hal_pwr_ex.o(i.HAL_PWREx_ConfigSupply) for HAL_PWREx_ConfigSupply
    main.o(i.SystemClock_Config) refers to stm32h7xx_hal_rcc.o(i.HAL_RCC_OscConfig) for HAL_RCC_OscConfig
    main.o(i.SystemClock_Config) refers to stm32h7xx_hal_rcc.o(i.HAL_RCC_ClockConfig) for HAL_RCC_ClockConfig
    main.o(i.main) refers to stm32h7xx_hal_cortex.o(i.HAL_MPU_Disable) for HAL_MPU_Disable
    main.o(i.main) refers to stm32h7xx_hal_cortex.o(i.HAL_MPU_ConfigRegion) for HAL_MPU_ConfigRegion
    main.o(i.main) refers to stm32h7xx_hal_cortex.o(i.HAL_MPU_Enable) for HAL_MPU_Enable
    main.o(i.main) refers to stm32h7xx_hal.o(i.HAL_Init) for HAL_Init
    main.o(i.main) refers to main.o(i.SystemClock_Config) for SystemClock_Config
    main.o(i.main) refers to gpio.o(i.MX_GPIO_Init) for MX_GPIO_Init
    main.o(i.main) refers to dma.o(i.MX_DMA_Init) for MX_DMA_Init
    main.o(i.main) refers to tim.o(i.MX_TIM6_Init) for MX_TIM6_Init
[...]
    i.SVC_Handler                            0x08009e60   Section        0  stm32h7xx_it.o(i.SVC_Handler)
    i.Set_6020_Mode                          0x08009e64   Section        0  bsp_fdcan.o(i.Set_6020_Mode)
    i.SysTick_Handler                        0x08009e70   Section        0  stm32h7xx_it.o(i.SysTick_Handler)
    i.SystemClock_Config                     0x08009e74   Section        0  main.o(i.SystemClock_Config)
    i.SystemInit                             0x08009f0c   Section        0  system_stm32h7xx.o(i.SystemInit)
    i.TIM6_DAC_IRQHandler                    0x08009fcc   Section        0  stm32h7xx_it.o(i.TIM6_DAC_IRQHandler)
    i.TIM_Base_SetConfig                     0x08009fd8   Section        0  stm32h7xx_hal_tim.o(i.TIM_Base_SetConfig)
    i.UARTEx_SetNbDataToProcess              0x0800a0b0   Section        0  stm32h7xx_hal_uart_ex.o(i.UARTEx_SetNbDataToProcess)
    UARTEx_SetNbDataToProcess                0x0800a0b1   Thumb Code    62  stm32h7xx_hal_uart_ex.o(i.UARTEx_SetNbDataToProcess)
    i.UART_AdvFeatureConfig                  0x0800a0f4   Section        0  stm32h7xx_hal_uart.o(i.UART_AdvFeatureConfig)
    i.UART_CheckIdleState                    0x0800a1bc   Section        0  stm32h7xx_hal_uart.o(i.UART_CheckIdleState)
    i.UART_DMAAbortOnError                   0x0800a266   Section        0  stm32h7xx_hal_uart.o(i.UART_DMAAbortOnError)
    UART_DMAAbortOnError                     0x0800a267   Thumb Code    20  stm32h7xx_hal_uart.o(i.UART_DMAAbortOnError)
    i.UART_DMAError                          0x0800a27a   Section        0  stm32h7xx_hal_uart.o(i.UART_DMAError)
    UART_DMAError                            0x0800a27b   Thumb Code    78  stm32h7xx_hal_uart.o(i.UART_DMAError)
    i.UART_DMAReceiveCplt                    0x0800a2c8   Section        0  stm32h7xx_hal_uart.o(i.UART_DMAReceiveCplt)
    UART_DMAReceiveCplt                      0x0800a2c9   Thumb Code   130  stm32h7xx_hal_uart.o(i.UART_DMAReceiveCplt)
    i.UART_DMARxHalfCplt                     0x0800a34a   Section        0  stm32h7xx_hal_uart.o(i.UART_DMARxHalfCplt)
    UART_DMARxHalfCplt                       0x0800a34b   Thumb Code    32  stm32h7xx_hal_uart.o(i.UART_DMARxHalfCplt)
    i.UART_EndRxTransfer                     0x0800a36c   Section        0  stm32h7xx_hal_uart.o(i.UART_EndRxTransfer)
    UART_EndRxTransfer                       0x0800a36d   Thumb Code    78  stm32h7xx_hal_uart.o(i.UART_EndRxTransfer)
    i.UART_EndTxTransfer                     0x0800a3c0   Section        0  stm32h7xx_hal_uart.o(i.UART_EndTxTransfer)
    UART_EndTxTransfer                       0x0800a3c1   Thumb Code    46  stm32h7xx_hal_uart.o(i.UART_EndTxTransfer)
    i.UART_SetConfig                         0x0800a3f0   Section        0  stm32h7xx_hal_uart.o(i.UART_SetConfig)
    i.UART_Start_Receive_DMA                 0x0800a7cc   Section        0  stm32h7xx_hal_uart.o(i.UART_Start_Receive_DMA)
    i.UART_WaitOnFlagUntilTimeout            0x0800a874   Section        0  stm32h7xx_hal_uart.o(i.UART_WaitOnFlagUntilTimeout)
    i.USART3_IRQHandler                      0x0800a900   Section        0  stm32h7xx_it.o(i.USART3_IRQHandler)
    i.UsageFault_Handler                     0x0800a90c   Section        0  stm32h7xx_it.o(i.UsageFault_Handler)
    i.__ARM_fpclassify                       0x0800a90e   Section        0  fpclassify.o(i.__ARM_fpclassify)
    i.__NVIC_SetPriority                     0x0800a93e   Section        0  stm32h7xx_hal_cortex.o(i.__NVIC_SetPriority)
    __NVIC_SetPriority                       0x0800a93f   Thumb Code    34  stm32h7xx_hal_cortex.o(i.__NVIC_SetPriority)
    i.__hardfp_atan                          0x0800a960   Section        0  atan.o(i.__hardfp_atan)
    i.__hardfp_atan2                         0x0800ab60   Section        0  atan2.o(i.__hardfp_atan2)
    i.__hardfp_cos                           0x0800ad28   Section        0  cos.o(i.__hardfp_cos)
    i.__hardfp_pow                           0x0800add8   Section        0  pow.o(i.__hardfp_pow)
    i.__hardfp_sin                           0x0800b6d0   Section        0  sin.o(i.__hardfp_sin)
    i.__hardfp_sqrt                          0x0800b780   Section        0  sqrt.o(i.__hardfp_sqrt)
    i.__ieee754_rem_pio2                     0x0800b7e8   Section        0  rred.o(i.__ieee754_rem_pio2)
    i.__kernel_cos                           0x0800baf8   Section        0  cos_i.o(i.__kernel_cos)
    i.__kernel_poly                          0x0800bbd8   Section        0  poly.o(i.__kernel_poly)
    i.__kernel_sin                           0x0800bc48   Section        0  sin_i.o(i.__kernel_sin)
    i.__mathlib_dbl_divzero                  0x0800bcf0   Section        0  dunder.o(i.__mathlib_dbl_divzero)
    i.__mathlib_dbl_infnan                   0x0800bd10   Section        0  dunder.o(i.__mathlib_dbl_infnan)
    i.__mathlib_dbl_infnan2                  0x0800bd16   Section        0  dunder.o(i.__mathlib_dbl_infnan2)
    i.__mathlib_dbl_invalid                  0x0800bd20   Section        0  dunder.o(i.__mathlib_dbl_invalid)
    i.__mathlib_dbl_overflow                 0x0800bd38   Section        0  dunder.o(i.__mathlib_dbl_overflow)
    i.__mathlib_dbl_underflow                0x0800bd50   Section        0  dunder.o(i.__mathlib_dbl_underflow)
    i.__scatterload_copy                     0x0800bd68   Section       14  handlers.o(i.__scatterload_copy)
    i.__scatterload_null                     0x0800bd76   Section        2  handlers.o(i.__scatterload_null)
    i.__scatterload_zeroinit                 0x0800bd78   Section       14  handlers.o(i.__scatterload_zeroinit)
    i.__set_errno                            0x0800bd88   Section        0  errno.o(i.__set_errno)
    i.assign_output                          0x0800bd94   Section        0  motorctrl.o(i.assign_output)
    i.atan                                   0x0800c134   Section        0  atan.o(i.atan)
    i.bsp_can_init                           0x0800c144   Section        0  bsp_fdcan.o(i.bsp_can_init)
    i.cala_d                                 0x0800c18c   Section        0  motorctrl.o(i.cala_d)
    i.can_filter_init                        0x0800c29c   Section        0  bsp_fdcan.o(i.can_filter_init)
    i.circle_cc                              0x0800c324   Section        0  dm_motor_ctrl.o(i.circle_cc)
    i.ctrlmotor                              0x0800c34c   Section        0  motorctrl.o(i.ctrlmotor)
    i.dm_motor_ctrl_send                     0x0800c948   Section        0  dm_motor_drv.o(i.dm_motor_ctrl_send)
    i.dm_motor_enable                        0x0800c9a4   Section        0  dm_motor_drv.o(i.dm_motor_enable)
    i.dm_motor_fbdata                        0x0800c9dc   Section        0  dm_motor_drv.o(i.dm_motor_fbdata)
    i.dm_motor_init                          0x0800ca6c   Section        0  dm_motor_ctrl.o(i.dm_motor_init)
    i.enable_motor_mode                      0x0800cb04   Section        0  dm_motor_drv.o(i.enable_motor_mode)
    i.fabs                                   0x0800cb38   Section        0  fabs.o(i.fabs)
    i.fdcan1_rx_callback                     0x0800cb50   Section        0  dm_motor_ctrl.o(i.fdcan1_rx_callback)
    i.fdcan2_rx_callback                     0x0800cbf4   Section        0  dm_motor_ctrl.o(i.fdcan2_rx_callback)
    i.fdcan3_rx_callback                     0x0800cc98   Section        0  dm_motor_ctrl.o(i.fdcan3_rx_callback)
    i.fdcanx_receive                         0x0800cd3c   Section        0  bsp_fdcan.o(i.fdcanx_receive)
    i.fdcanx_send_data                       0x0800cda0   Section        0  bsp_fdcan.o(i.fdcanx_send_data)
    i.float_to_uint                          0x0800ce20   Section        0  dm_motor_drv.o(i.float_to_uint)
    i.get_msgn                               0x0800ce48   Section        0  motorctrl.o(i.get_msgn)
    i.main                                   0x0800d354   Section        0  main.o(i.main)
    i.mit_ctrl                               0x0800d708   Section        0  dm_motor_drv.o(i.mit_ctrl)
    i.motor_state_update                     0x0800d7d0   Section        0  bsp_fdcan.o(i.motor_state_update)
    i.pos_ctrl                               0x0800d840   Section        0  dm_motor_drv.o(i.pos_ctrl)
    i.psi_ctrl                               0x0800d88c   Section        0  dm_motor_drv.o(i.psi_ctrl)
    i.receive_motor_data                     0x0800d8f8   Section        0  dm_motor_ctrl.o(i.receive_motor_data)
    i.set_mode                               0x0800dad8   Section        0  motorctrl.o(i.set_mode)
    i.set_reset_status                       0x0800dbe4   Section        0  motorctrl.o(i.set_reset_status)
    i.set_target                             0x0800e4cc   Section        0  motorctrl.o(i.set_target)
    i.spd_ctrl                               0x0800e6f4   Section        0  dm_motor_drv.o(i.spd_ctrl)
    i.sqrt                                   0x0800e720   Section        0  sqrt.o(i.sqrt)
    i.uint_to_float                          0x0800e78a   Section        0  dm_motor_drv.o(i.uint_to_float)
    .constdata                               0x0800e7b2   Section        8  stm32h7xx_hal_dma.o(.constdata)
    flagBitshiftOffset                       0x0800e7b2   Data           8  stm32h7xx_hal_dma.o(.constdata)
    .constdata                               0x0800e7bc   Section       92  stm32h7xx_hal_fdcan.o(.constdata)
    DLCtoBytes                               0x0800e7bc   Data          16  stm32h7xx_hal_fdcan.o(.constdata)
    .constdata                               0x0800e818   Section       24  stm32h7xx_hal_uart.o(.constdata)
    .constdata                               0x0800e830   Section       16  stm32h7xx_hal_uart_ex.o(.constdata)
    numerator                                0x0800e830   Data           8  stm32h7xx_hal_uart_ex.o(.constdata)
    denominator                              0x0800e838   Data           8  stm32h7xx_hal_uart_ex.o(.constdata)
    .constdata                               0x0800e840   Section       16  system_stm32h7xx.o(.constdata)
    .constdata                               0x0800e850   Section      136  pow.o(.constdata)
    bp                                       0x0800e850   Data          16  pow.o(.constdata)
    dp_h                                     0x0800e860   Data          16  pow.o(.constdata)
    dp_l                                     0x0800e870   Data          16  pow.o(.constdata)
    L                                        0x0800e880   Data          48  pow.o(.constdata)
    P                                        0x0800e8b0   Data          40  pow.o(.constdata)
    .constdata                               0x0800e8d8   Section      152  atan.o(.constdata)
    atanhi                                   0x0800e8d8   Data          32  atan.o(.constdata)
    atanlo                                   0x0800e8f8   Data          32  atan.o(.constdata)
    aTodd                                    0x0800e918   Data          40  atan.o(.constdata)
    aTeven                                   0x0800e940   Data          48  atan.o(.constdata)
    .constdata                               0x0800e970   Section       48  cos_i.o(.constdata)
    C                                        0x0800e970   Data          48  cos_i.o(.constdata)
    .constdata                               0x0800e9a0   Section        8  qnan.o(.constdata)
    .constdata                               0x0800e9a8   Section      200  rred.o(.constdata)
    pio2s                                    0x0800e9a8   Data          48  rred.o(.constdata)
    twooverpi                                0x0800e9d8   Data         152  rred.o(.constdata)
    .constdata                               0x0800ea70   Section       40  sin_i.o(.constdata)
    S                                        0x0800ea70   Data          40  sin_i.o(.constdata)
    .data                                    0x24000000   Section        1  main.o(.data)
    index                                    0x24000000   Data           1  main.o(.data)
    .data                                    0x24000004   Section        4  fdcan.o(.data)
    HAL_RCC_FDCAN_CLK_ENABLED                0x24000004   Data           4  fdcan.o(.data)
    .data                                    0x24000008   Section       12  stm32h7xx_hal.o(.data)
    .data                                    0x24000014   Section        8  system_stm32h7xx.o(.data)
    .data                                    0x2400001c   Section        9  bsp_fdcan.o(.data)
    can_send_data                            0x2400001d   Data           8  bsp_fdcan.o(.data)
    .data                                    0x24000025   Section        3  dm_motor_ctrl.o(.data)
    i                                        0x24000025   Data           1  dm_motor_ctrl.o(.data)
    i                                        0x24000026   Data           1  dm_motor_ctrl.o(.data)
    i                                        0x24000027   Data           1  dm_motor_ctrl.o(.data)
    .data                                    0x24000028   Section        8  motorctrl.o(.data)
    .data                                    0x24000030   Section      936  pid_model_data.o(.data)
    .data                                    0x240003d8   Section       40  upper_location.o(.data)
    .data                                    0x24000400   Section        4  errno.o(.data)
    _errno                                   0x24000400   Data           4  errno.o(.data)
    .bss                                     0x24000408   Section      188  main.o(.bss)
    buffer                                   0x24000428   Data          16  main.o(.bss)
    .bss                                     0x240004c4   Section      480  fdcan.o(.bss)
    .bss                                     0x240006a4   Section       76  tim.o(.bss)
    .bss                                     0x240006f0   Section      536  usart.o(.bss)
    .bss                                     0x24000908   Section      552  bsp_fdcan.o(.bss)
    .bss                                     0x24000b30   Section     2720  dm_motor_ctrl.o(.bss)
    .bss                                     0x240015d0   Section      384  motorctrl.o(.bss)
    .bss                                     0x24001750   Section     1572  pid_model.o(.bss)
    .bss                                     0x24001d74   Section       30  upper_location.o(.bss)
    STACK                                    0x24001d98   Section     1024  startup_stm32h723xx.o(STACK)

    Global Symbols

    Symbol Name                              Value     Ov Type        Size  Object(Section)

    BuildAttributes$$THM_ISAv4$E$P$D$K$B$S$7EM$VFPv5_D16$PE$PLD8$A:L22UL41UL21$X:L11$S22US41US21$IEEE1$IW$USESV6$~STKCKD$USESV7$~SHL$OTIME$ROPI$IEEEX$EBA8$MICROLIB$REQ8$PRES8$EABIv2 0x00000000   Number         0  anon$$obj.o ABSOLUTE
    __ARM_use_no_argv                        0x00000000   Number         0  main.o ABSOLUTE
    __arm_fini_                               - Undefined Weak Reference
    __cpp_initialize__aeabi_                  - Undefined Weak Reference
    __cxa_finalize                            - Undefined Weak Reference
    _clock_init                               - Undefined Weak Reference
    _microlib_exit                            - Undefined Weak Reference
    __Vectors_Size                           0x000002cc   Number         0  startup_stm32h723xx.o ABSOLUTE
    __Vectors                                0x08000000   Data           4  startup_stm32h723xx.o(RESET)
    __Vectors_End                            0x080002cc   Data           0  startup_stm32h723xx.o(RESET)
    __main                                   0x080002cd   Thumb Code     0  entry.o(.ARM.Collect$$$$00000000)
    _main_stk                                0x080002cd   Thumb Code     0  entry2.o(.ARM.Collect$$$$00000001)
    _main_scatterload                        0x080002d1   Thumb Code     0  entry5.o(.ARM.Collect$$$$00000004)
    __main_after_scatterload                 0x080002d5   Thumb Code     0  entry5.o(.ARM.Collect$$$$00000004)
    _main_clock                              0x080002d5   Thumb Code     0  entry7b.o(.ARM.Collect$$$$00000008)
    _main_cpp_init                           0x080002d5   Thumb Code     0  entry8b.o(.ARM.Collect$$$$0000000A)
    _main_init                               0x080002d5   Thumb Code     0  entry9a.o(.ARM.Collect$$$$0000000B)
    __rt_lib_shutdown_fini                   0x080002dd   Thumb Code     0  entry12b.o(.ARM.Collect$$$$0000000E)
    __rt_final_cpp                           0x080002e1   Thumb Code     0  entry10a.o(.ARM.Collect$$$$0000000F)
    __rt_final_exit                          0x080002e1   Thumb Code     0  entry11a.o(.ARM.Collect$$$$00000011)
    Reset_Handler                            0x080002e5   Thumb Code     8  startup_stm32h723xx.o(.text)
    ADC3_IRQHandler                          0x080002ff   Thumb Code     0  startup_stm32h723xx.o(.text)
    ADC_IRQHandler                           0x080002ff   Thumb Code     0  startup_stm32h723xx.o(.text)
    BDMA_Channel0_IRQHandler                 0x080002ff   Thumb Code     0  startup_stm32h723xx.o(.text)
    BDMA_Channel1_IRQHandler                 0x080002ff   Thumb Code     0  startup_stm32h723xx.o(.text)
    BDMA_Channel2_IRQHandler                 0x080002ff   Thumb Code     0  startup_stm32h723xx.o(.text)
    BDMA_Channel3_IRQHandler                 0x080002ff   Thumb Code     0  startup_stm32h723xx.o(.text)
    BDMA_Channel4_IRQHandler                 0x080002ff   Thumb Code     0  startup_stm32h723xx.o(.text)
    BDMA_Channel5_IRQHandler                 0x080002ff   Thumb Code     0  startup_stm32h723xx.o(.text)
    BDMA_Channel6_IRQHandler                 0x080002ff   Thumb Code     0  startup_stm32h723xx.o(.text)
    BDMA_Channel7_IRQHandler                 0x080002ff   Thumb Code     0  startup_stm32h723xx.o(.text)
    CEC_IRQHandler                           0x080002ff   Thumb Code     0  startup_stm32h723xx.o(.text)
    COMP1_IRQHandler                         0x080002ff   Thumb Code     0  startup_stm32h723xx.o(.text)
    CORDIC_IRQHandler                        0x080002ff   Thumb Code     0  startup_stm32h723xx.o(.text)
    CRS_IRQHandler                           0x080002ff   Thumb Code     0  startup_stm32h723xx.o(.text)
    DCMI_PSSI_IRQHandler                     0x080002ff   Thumb Code     0  startup_stm32h723xx.o(.text)
    DFSDM1_FLT0_IRQHandler                   0x080002ff   Thumb Code     0  startup_stm32h723xx.o(.text)
    DFSDM1_FLT1_IRQHandler                   0x080002ff   Thumb Code     0  startup_stm32h723xx.o(.text)
    DFSDM1_FLT2_IRQHandler                   0x080002ff   Thumb Code     0  startup_stm32h723xx.o(.text)
    DFSDM1_FLT3_IRQHandler                   0x080002ff   Thumb Code     0  startup_stm32h723xx.o(.text)
    DMA1_Stream2_IRQHandler                  0x080002ff   Thumb Code     0  startup_stm32h723xx.o(.text)
    DMA1_Stream3_IRQHandler                  0x080002ff   Thumb Code     0  startup_stm32h723xx.o(.text)
    DMA1_Stream4_IRQHandler                  0x080002ff   Thumb Code     0  startup_stm32h723xx.o(.text)
    DMA1_Stream5_IRQHandler                  0x080002ff   Thumb Code     0  startup_stm32h723xx.o(.text)
    DMA1_Stream6_IRQHandler                  0x080002ff   Thumb Code     0  startup_stm32h723xx.o(.text)
    DMA1_Stream7_IRQHandler                  0x080002ff   Thumb Code     0  startup_stm32h723xx.o(.text)
    DMA2D_IRQHandler                         0x080002ff   Thumb Code     0  startup_stm32h723xx.o(.text)
    DMA2_Stream0_IRQHandler                  0x080002ff   Thumb Code     0  startup_stm32h723xx.o(.text)
    DMA2_Stream1_IRQHandler                  0x080002ff   Thumb Code     0  startup_stm32h723xx.o(.text)
    DMA2_Stream2_IRQHandler                  0x080002ff   Thumb Code     0  startup_stm32h723xx.o(.text)
    DMA2_Stream3_IRQHandler                  0x080002ff   Thumb Code     0  startup_stm32h723xx.o(.text)
    DMA2_Stream4_IRQHandler                  0x080002ff   Thumb Code     0  startup_stm32h723xx.o(.text)
    DMA2_Stream5_IRQHandler                  0x080002ff   Thumb Code     0  startup_stm32h723xx.o(.text)
    DMA2_Stream6_IRQHandler                  0x080002ff   Thumb Code     0  startup_stm32h723xx.o(.text)
    DMA2_Stream7_IRQHandler                  0x080002ff   Thumb Code     0  startup_stm32h723xx.o(.text)
    DMAMUX1_OVR_IRQHandler                   0x080002ff   Thumb Code     0  startup_stm32h723xx.o(.text)
    DMAMUX2_OVR_IRQHandler                   0x080002ff   Thumb Code     0  startup_stm32h723xx.o(.text)
    DTS_IRQHandler                           0x080002ff   Thumb Code     0  startup_stm32h723xx.o(.text)
    ECC_IRQHandler                           0x080002ff   Thumb Code     0  startup_stm32h723xx.o(.text)
    ETH_IRQHandler                           0x080002ff   Thumb Code     0  startup_stm32h723xx.o(.text)
    ETH_WKUP_IRQHandler                      0x080002ff   Thumb Code     0  startup_stm32h723xx.o(.text)
    EXTI0_IRQHandler                         0x080002ff   Thumb Code     0  startup_stm32h723xx.o(.text)
    EXTI15_10_IRQHandler                     0x080002ff   Thumb Code     0  startup_stm32h723xx.o(.text)
    EXTI1_IRQHandler                         0x080002ff   Thumb Code     0  startup_stm32h723xx.o(.text)
    EXTI2_IRQHandler                         0x080002ff   Thumb Code     0  startup_stm32h723xx.o(.text)
    EXTI3_IRQHandler                         0x080002ff   Thumb Code     0  startup_stm32h723xx.o(.text)
    EXTI4_IRQHandler                         0x080002ff   Thumb Code     0  startup_stm32h723xx.o(.text)
    EXTI9_5_IRQHandler                       0x080002ff   Thumb Code     0  startup_stm32h723xx.o(.text)
    FDCAN1_IT1_IRQHandler                    0x080002ff   Thumb Code     0  startup_stm32h723xx.o(.text)
    FLASH_IRQHandler                         0x080002ff   Thumb Code     0  startup_stm32h723xx.o(.text)
    FMAC_IRQHandler                          0x080002ff   Thumb Code     0  startup_stm32h723xx.o(.text)
    FMC_IRQHandler                           0x080002ff   Thumb Code     0  startup_stm32h723xx.o(.text)
    FPU_IRQHandler                           0x080002ff   Thumb Code     0  startup_stm32h723xx.o(.text)
    HSEM1_IRQHandler                         0x080002ff   Thumb Code     0  startup_stm32h723xx.o(.text)
    I2C1_ER_IRQHandler                       0x080002ff   Thumb Code     0  startup_stm32h723xx.o(.text)
    I2C1_EV_IRQHandler                       0x080002ff   Thumb Code     0  startup_stm32h723xx.o(.text)
    I2C2_ER_IRQHandler                       0x080002ff   Thumb Code     0  startup_stm32h723xx.o(.text)
    I2C2_EV_IRQHandler                       0x080002ff   Thumb Code     0  startup_stm32h723xx.o(.text)
    I2C3_ER_IRQHandler                       0x080002ff   Thumb Code     0  startup_stm32h723xx.o(.text)
    I2C3_EV_IRQHandler                       0x080002ff   Thumb Code     0  startup_stm32h723xx.o(.text)
    I2C4_ER_IRQHandler                       0x080002ff   Thumb Code     0  startup_stm32h723xx.o(.text)
    I2C4_EV_IRQHandler                       0x080002ff   Thumb Code     0  startup_stm32h723xx.o(.text)
    I2C5_ER_IRQHandler                       0x080002ff   Thumb Code     0  startup_stm32h723xx.o(.text)
    I2C5_EV_IRQHandler                       0x080002ff   Thumb Code     0  startup_stm32h723xx.o(.text)
    LPTIM1_IRQHandler                        0x080002ff   Thumb Code     0  startup_stm32h723xx.o(.text)
    LPTIM2_IRQHandler                        0x080002ff   Thumb Code     0  startup_stm32h723xx.o(.text)
    LPTIM3_IRQHandler                        0x080002ff   Thumb Code     0  startup_stm32h723xx.o(.text)
    LPTIM4_IRQHandler                        0x080002ff   Thumb Code     0  startup_stm32h723xx.o(.text)
    LPTIM5_IRQHandler                        0x080002ff   Thumb Code     0  startup_stm32h723xx.o(.text)
    LPUART1_IRQHandler                       0x080002ff   Thumb Code     0  startup_stm32h723xx.o(.text)
    LTDC_ER_IRQHandler                       0x080002ff   Thumb Code     0  startup_stm32h723xx.o(.text)
    LTDC_IRQHandler                          0x080002ff   Thumb Code     0  startup_stm32h723xx.o(.text)
    MDIOS_IRQHandler                         0x080002ff   Thumb Code     0  startup_stm32h723xx.o(.text)
    MDIOS_WKUP_IRQHandler                    0x080002ff   Thumb Code     0  startup_stm32h723xx.o(.text)
    MDMA_IRQHandler                          0x080002ff   Thumb Code     0  startup_stm32h723xx.o(.text)
    OCTOSPI1_IRQHandler                      0x080002ff   Thumb Code     0  startup_stm32h723xx.o(.text)
    OCTOSPI2_IRQHandler                      0x080002ff   Thumb Code     0  startup_stm32h723xx.o(.text)
    OTG_HS_EP1_IN_IRQHandler                 0x080002ff   Thumb Code     0  startup_stm32h723xx.o(.text)
    OTG_HS_EP1_OUT_IRQHandler                0x080002ff   Thumb Code     0  startup_stm32h723xx.o(.text)
    OTG_HS_IRQHandler                        0x080002ff   Thumb Code     0  startup_stm32h723xx.o(.text)
    OTG_HS_WKUP_IRQHandler                   0x080002ff   Thumb Code     0  startup_stm32h723xx.o(.text)
    PVD_AVD_IRQHandler                       0x080002ff   Thumb Code     0  startup_stm32h723xx.o(.text)
    RCC_IRQHandler                           0x080002ff   Thumb Code     0  startup_stm32h723xx.o(.text)
    RNG_IRQHandler                           0x080002ff   Thumb Code     0  startup_stm32h723xx.o(.text)
    RTC_Alarm_IRQHandler                     0x080002ff   Thumb Code     0  startup_stm32h723xx.o(.text)
    RTC_WKUP_IRQHandler                      0x080002ff   Thumb Code     0  startup_stm32h723xx.o(.text)
    SAI1_IRQHandler                          0x080002ff   Thumb Code     0  startup_stm32h723xx.o(.text)
    SAI4_IRQHandler                          0x080002ff   Thumb Code     0  startup_stm32h723xx.o(.text)
    SDMMC1_IRQHandler                        0x080002ff   Thumb Code     0  startup_stm32h723xx.o(.text)
    SDMMC2_IRQHandler                        0x080002ff   Thumb Code     0  startup_stm32h723xx.o(.text)
    SPDIF_RX_IRQHandler                      0x080002ff   Thumb Code     0  startup_stm32h723xx.o(.text)
    SPI1_IRQHandler                          0x080002ff   Thumb Code     0  startup_stm32h723xx.o(.text)
    SPI2_IRQHandler                          0x080002ff   Thumb Code     0  startup_stm32h723xx.o(.text)
    SPI3_IRQHandler                          0x080002ff   Thumb Code     0  startup_stm32h723xx.o(.text)
    SPI4_IRQHandler                          0x080002ff   Thumb Code     0  startup_stm32h723xx.o(.text)
    SPI5_IRQHandler                          0x080002ff   Thumb Code     0  startup_stm32h723xx.o(.text)
    SPI6_IRQHandler                          0x080002ff   Thumb Code     0  startup_stm32h723xx.o(.text)
    SWPMI1_IRQHandler                        0x080002ff   Thumb Code     0  startup_stm32h723xx.o(.text)
    TAMP_STAMP_IRQHandler                    0x080002ff   Thumb Code     0  startup_stm32h723xx.o(.text)
    TIM15_IRQHandler                         0x080002ff   Thumb Code     0  startup_stm32h723xx.o(.text)
    TIM16_IRQHandler                         0x080002ff   Thumb Code     0  startup_stm32h723xx.o(.text)
    TIM17_IRQHandler                         0x080002ff   Thumb Code     0  startup_stm32h723xx.o(.text)
    TIM1_BRK_IRQHandler                      0x080002ff   Thumb Code     0  startup_stm32h723xx.o(.text)
    TIM1_CC_IRQHandler                       0x080002ff   Thumb Code     0  startup_stm32h723xx.o(.text)
    TIM1_TRG_COM_IRQHandler                  0x080002ff   Thumb Code     0  startup_stm32h723xx.o(.text)
    TIM1_UP_IRQHandler                       0x080002ff   Thumb Code     0  startup_stm32h723xx.o(.text)
    TIM23_IRQHandler                         0x080002ff   Thumb Code     0  startup_stm32h723xx.o(.text)
    TIM24_IRQHandler                         0x080002ff   Thumb Code     0  startup_stm32h723xx.o(.text)
    TIM2_IRQHandler                          0x080002ff   Thumb Code     0  startup_stm32h723xx.o(.text)
    TIM3_IRQHandler                          0x080002ff   Thumb Code     0  startup_stm32h723xx.o(.text)
    TIM4_IRQHandler                          0x080002ff   Thumb Code     0  startup_stm32h723xx.o(.text)
    TIM5_IRQHandler                          0x080002ff   Thumb Code     0  startup_stm32h723xx.o(.text)
    TIM7_IRQHandler                          0x080002ff   Thumb Code     0  startup_stm32h723xx.o(.text)
    TIM8_BRK_TIM12_IRQHandler                0x080002ff   Thumb Code     0  startup_stm32h723xx.o(.text)
    TIM8_CC_IRQHandler                       0x080002ff   Thumb Code     0  startup_stm32h723xx.o(.text)
    TIM8_TRG_COM_TIM14_IRQHandler            0x080002ff   Thumb Code     0  startup_stm32h723xx.o(.text)
    TIM8_UP_TIM13_IRQHandler                 0x080002ff   Thumb Code     0  startup_stm32h723xx.o(.text)
    UART4_IRQHandler                         0x080002ff   Thumb Code     0  startup_stm32h723xx.o(.text)
    UART5_IRQHandler                         0x080002ff   Thumb Code     0  startup_stm32h723xx.o(.text)
    UART7_IRQHandler                         0x080002ff   Thumb Code     0  startup_stm32h723xx.o(.text)
    UART8_IRQHandler                         0x080002ff   Thumb Code     0  startup_stm32h723xx.o(.text)
    UART9_IRQHandler                         0x080002ff   Thumb Code     0  startup_stm32h723xx.o(.text)
    USART10_IRQHandler                       0x080002ff   Thumb Code     0  startup_stm32h723xx.o(.text)
    USART1_IRQHandler                        0x080002ff   Thumb Code     0  startup_stm32h723xx.o(.text)
    USART2_IRQHandler                        0x080002ff   Thumb Code     0  startup_stm32h723xx.o(.text)
    USART6_IRQHandler                        0x080002ff   Thumb Code     0  startup_stm32h723xx.o(.text)
    WAKEUP_PIN_IRQHandler                    0x080002ff   Thumb Code     0  startup_stm32h723xx.o(.text)
    WWDG_IRQHandler                          0x080002ff   Thumb Code     0  startup_stm32h723xx.o(.text)
    __aeabi_uldivmod                         0x08000309   Thumb Code    98  uldiv.o(.text)
    __aeabi_memcpy                           0x0800036b   Thumb Code    36  memcpya.o(.text)
    __aeabi_memcpy4                          0x0800036b   Thumb Code     0  memcpya.o(.text)
    __aeabi_memcpy8                          0x0800036b   Thumb Code     0  memcpya.o(.text)
    __aeabi_memset                           0x0800038f   Thumb Code    14  memseta.o(.text)
    __aeabi_memset4                          0x0800038f   Thumb Code     0  memseta.o(.text)
    __aeabi_memset8                          0x0800038f   Thumb Code     0  memseta.o(.text)
    __aeabi_memclr                           0x0800039d   Thumb Code     4  memseta.o(.text)
    __aeabi_memclr4                          0x0800039d   Thumb Code     0  memseta.o(.text)
    __aeabi_memclr8                          0x0800039d   Thumb Code     0  memseta.o(.text)
    _memset$wrapper                          0x080003a1   Thumb Code    18  memseta.o(.text)
    __aeabi_llsl                             0x080003b3   Thumb Code    30  llshl.o(.text)
    _ll_shift_l                              0x080003b3   Thumb Code     0  llshl.o(.text)
    __aeabi_llsr                             0x080003d1   Thumb Code    32  llushr.o(.text)
    _ll_ushift_r                             0x080003d1   Thumb Code     0  llushr.o(.text)
    __ARM_scalbn                             0x080003f1   Thumb Code    46  dscalb.o(.text)
    __I$use$fp                               0x080003f1   Thumb Code     0  iusefp.o(.text)
    scalbn                                   0x080003f1   Thumb Code     0  dscalb.o(.text)
    __scatterload                            0x08000421   Thumb Code    28  init.o(.text)
    __scatterload_rt2                        0x08000421   Thumb Code     0  init.o(.text)
    __decompress                             0x08000445   Thumb Code     0  __dczerorl2.o(.text)
    __decompress1                            0x08000445   Thumb Code    86  __dczerorl2.o(.text)
    BusFault_Handler                         0x0800049b   Thumb Code     2  stm32h7xx_it.o(i.BusFault_Handler)
    CAN_CMD_MOTOR_DJI                        0x0800049d   Thumb Code    90  bsp_fdcan.o(i.CAN_CMD_MOTOR_DJI)
    DMA1_Stream0_IRQHandler                  0x08000585   Thumb Code     6  stm32h7xx_it.o(i.DMA1_Stream0_IRQHandler)
    DMA1_Stream1_IRQHandler                  0x08000591   Thumb Code     6  stm32h7xx_it.o(i.DMA1_Stream1_IRQHandler)
    DebugMon_Handler                         0x080009d5   Thumb Code     2  stm32h7xx_it.o(i.DebugMon_Handler)
    Error_Handler                            0x080009d7   Thumb Code     4  main.o(i.Error_Handler)
    FDCAN1_IT0_IRQHandler                    0x080009dd   Thumb Code     6  stm32h7xx_it.o(i.FDCAN1_IT0_IRQHandler)
    FDCAN2_IT0_IRQHandler                    0x080009e9   Thumb Code     6  stm32h7xx_it.o(i.FDCAN2_IT0_IRQHandler)
    FDCAN2_IT1_IRQHandler                    0x080009f5   Thumb Code     6  stm32h7xx_it.o(i.FDCAN2_IT1_IRQHandler)
    FDCAN3_IT0_IRQHandler                    0x08000a01   Thumb Code     6  stm32h7xx_it.o(i.FDCAN3_IT0_IRQHandler)
    FDCAN3_IT1_IRQHandler                    0x08000a0d   Thumb Code     6  stm32h7xx_it.o(i.FDCAN3_IT1_IRQHandler)
    FDCAN_CAL_IRQHandler                     0x08000a19   Thumb Code    18  stm32h7xx_it.o(i.FDCAN_CAL_IRQHandler)
    HAL_DMA_Abort                            0x08000c7d   Thumb Code   836  stm32h7xx_hal_dma.o(i.HAL_DMA_Abort)
    HAL_DMA_Abort_IT                         0x08000fdd   Thumb Code   602  stm32h7xx_hal_dma.o(i.HAL_DMA_Abort_IT)
    HAL_DMA_IRQHandler                       0x08001261   Thumb Code  1756  stm32h7xx_hal_dma.o(i.HAL_DMA_IRQHandler)
    HAL_DMA_Init                             0x08001949   Thumb Code   922  stm32h7xx_hal_dma.o(i.HAL_DMA_Init)
    HAL_DMA_Start_IT                         0x08001d05   Thumb Code   628  stm32h7xx_hal_dma.o(i.HAL_DMA_Start_IT)
    HAL_FDCAN_ActivateNotification           0x08001fa1   Thumb Code   126  stm32h7xx_hal_fdcan.o(i.HAL_FDCAN_ActivateNotification)
    HAL_FDCAN_AddMessageToTxFifoQ            0x08002029   Thumb Code   102  stm32h7xx_hal_fdcan.o(i.HAL_FDCAN_AddMessageToTxFifoQ)
    HAL_FDCAN_ClockCalibrationCallback       0x0800208f   Thumb Code     2  stm32h7xx_hal_fdcan.o(i.HAL_FDCAN_ClockCalibrationCallback)
    HAL_FDCAN_ConfigFifoWatermark            0x08002091   Thumb Code    90  stm32h7xx_hal_fdcan.o(i.HAL_FDCAN_ConfigFifoWatermark)
    HAL_FDCAN_ConfigFilter                   0x080020eb   Thumb Code   126  stm32h7xx_hal_fdcan.o(i.HAL_FDCAN_ConfigFilter)
    HAL_FDCAN_ConfigGlobalFilter             0x08002169   Thumb Code    50  stm32h7xx_hal_fdcan.o(i.HAL_FDCAN_ConfigGlobalFilter)
    HAL_FDCAN_ErrorCallback                  0x0800219b   Thumb Code     2  stm32h7xx_hal_fdcan.o(i.HAL_FDCAN_ErrorCallback)
    HAL_FDCAN_ErrorStatusCallback            0x0800219d   Thumb Code     2  stm32h7xx_hal_fdcan.o(i.HAL_FDCAN_ErrorStatusCallback)
    HAL_FDCAN_GetRxMessage                   0x080021a1   Thumb Code   400  stm32h7xx_hal_fdcan.o(i.HAL_FDCAN_GetRxMessage)
    HAL_FDCAN_HighPriorityMessageCallback    0x08002335   Thumb Code     2  stm32h7xx_hal_fdcan.o(i.HAL_FDCAN_HighPriorityMessageCallback)
    HAL_FDCAN_IRQHandler                     0x08002339   Thumb Code   788  stm32h7xx_hal_fdcan.o(i.HAL_FDCAN_IRQHandler)
    HAL_FDCAN_Init                           0x08002659   Thumb Code   572  stm32h7xx_hal_fdcan.o(i.HAL_FDCAN_Init)
    HAL_FDCAN_MspInit                        0x0800289d   Thumb Code   426  fdcan.o(i.HAL_FDCAN_MspInit)
    HAL_FDCAN_RxBufferNewMessageCallback     0x08002a69   Thumb Code     2  stm32h7xx_hal_fdcan.o(i.HAL_FDCAN_RxBufferNewMessageCallback)
    HAL_FDCAN_RxFifo0Callback                0x08002a6d   Thumb Code    36  bsp_fdcan.o(i.HAL_FDCAN_RxFifo0Callback)
    HAL_FDCAN_RxFifo1Callback                0x08002a9d   Thumb Code     2  stm32h7xx_hal_fdcan.o(i.HAL_FDCAN_RxFifo1Callback)
    HAL_FDCAN_Start                          0x08002a9f   Thumb Code    50  stm32h7xx_hal_fdcan.o(i.HAL_FDCAN_Start)
    HAL_FDCAN_TT_GlobalTimeCallback          0x08002ad1   Thumb Code     2  stm32h7xx_hal_fdcan.o(i.HAL_FDCAN_TT_GlobalTimeCallback)
    HAL_FDCAN_TT_ScheduleSyncCallback        0x08002ad3   Thumb Code     2  stm32h7xx_hal_fdcan.o(i.HAL_FDCAN_TT_ScheduleSyncCallback)
    HAL_FDCAN_TT_StopWatchCallback           0x08002ad5   Thumb Code     2  stm32h7xx_hal_fdcan.o(i.HAL_FDCAN_TT_StopWatchCallback)
    HAL_FDCAN_TT_TimeMarkCallback            0x08002ad7   Thumb Code     2  stm32h7xx_hal_fdcan.o(i.HAL_FDCAN_TT_TimeMarkCallback)
    HAL_FDCAN_TimeoutOccurredCallback        0x08002ad9   Thumb Code     2  stm32h7xx_hal_fdcan.o(i.HAL_FDCAN_TimeoutOccurredCallback)
    HAL_FDCAN_TimestampWraparoundCallback    0x08002adb   Thumb Code     2  stm32h7xx_hal_fdcan.o(i.HAL_FDCAN_TimestampWraparoundCallback)
    HAL_FDCAN_TxBufferAbortCallback          0x08002add   Thumb Code     2  stm32h7xx_hal_fdcan.o(i.HAL_FDCAN_TxBufferAbortCallback)
    HAL_FDCAN_TxBufferCompleteCallback       0x08002adf   Thumb Code     2  stm32h7xx_hal_fdcan.o(i.HAL_FDCAN_TxBufferCompleteCallback)
    HAL_FDCAN_TxEventFifoCallback            0x08002ae1   Thumb Code     2  stm32h7xx_hal_fdcan.o(i.HAL_FDCAN_TxEventFifoCallback)
    HAL_FDCAN_TxFifoEmptyCallback            0x08002ae3   Thumb Code     2  stm32h7xx_hal_fdcan.o(i.HAL_FDCAN_TxFifoEmptyCallback)
    HAL_GPIO_Init                            0x08002ae5   Thumb Code   496  stm32h7xx_hal_gpio.o(i.HAL_GPIO_Init)
    HAL_GPIO_WritePin                        0x08002d01   Thumb Code    10  stm32h7xx_hal_gpio.o(i.HAL_GPIO_WritePin)
    HAL_GetTick                              0x08002d0d   Thumb Code     6  stm32h7xx_hal.o(i.HAL_GetTick)
    HAL_IncTick                              0x08002d19   Thumb Code    12  stm32h7xx_hal.o(i.HAL_IncTick)
    HAL_Init                                 0x08002d29   Thumb Code    74  stm32h7xx_hal.o(i.HAL_Init)
    HAL_InitTick                             0x08002d85   Thumb Code    56  stm32h7xx_hal.o(i.HAL_InitTick)
    HAL_MPU_ConfigRegion                     0x08002dc5   Thumb Code    86  stm32h7xx_hal_cortex.o(i.HAL_MPU_ConfigRegion)
    HAL_MPU_Disable                          0x08002e21   Thumb Code    24  stm32h7xx_hal_cortex.o(i.HAL_MPU_Disable)
    HAL_MPU_Enable                           0x08002e3d   Thumb Code    30  stm32h7xx_hal_cortex.o(i.HAL_MPU_Enable)
    HAL_MspInit                              0x08002e61   Thumb Code    22  stm32h7xx_hal_msp.o(i.HAL_MspInit)
    HAL_NVIC_EnableIRQ                       0x08002e7d   Thumb Code    26  stm32h7xx_hal_cortex.o(i.HAL_NVIC_EnableIRQ)
    HAL_NVIC_SetPriority                     0x08002e99   Thumb Code    60  stm32h7xx_hal_cortex.o(i.HAL_NVIC_SetPriority)
    HAL_NVIC_SetPriorityGrouping             0x08002ed9   Thumb Code    28  stm32h7xx_hal_cortex.o(i.HAL_NVIC_SetPriorityGrouping)
    HAL_PWREx_ConfigSupply                   0x08002efd   Thumb Code    78  stm32h7xx_hal_pwr_ex.o(i.HAL_PWREx_ConfigSupply)
    HAL_RCCEx_GetD3PCLK1Freq                 0x08002f51   Thumb Code    26  stm32h7xx_hal_rcc_ex.o(i.HAL_RCCEx_GetD3PCLK1Freq)
    HAL_RCCEx_GetPLL2ClockFreq               0x08002f75   Thumb Code   296  stm32h7xx_hal_rcc_ex.o(i.HAL_RCCEx_GetPLL2ClockFreq)
    HAL_RCCEx_GetPLL3ClockFreq               0x080030b9   Thumb Code   296  stm32h7xx_hal_rcc_ex.o(i.HAL_RCCEx_GetPLL3ClockFreq)
    HAL_RCCEx_PeriphCLKConfig                0x080031fd   Thumb Code  2362  stm32h7xx_hal_rcc_ex.o(i.HAL_RCCEx_PeriphCLKConfig)
    HAL_RCC_ClockConfig                      0x08003b39   Thumb Code   580  stm32h7xx_hal_rcc.o(i.HAL_RCC_ClockConfig)
    HAL_RCC_GetHCLKFreq                      0x08003d95   Thumb Code    52  stm32h7xx_hal_rcc.o(i.HAL_RCC_GetHCLKFreq)
    HAL_RCC_GetPCLK1Freq                     0x08003dd9   Thumb Code    26  stm32h7xx_hal_rcc.o(i.HAL_RCC_GetPCLK1Freq)
    HAL_RCC_GetPCLK2Freq                     0x08003dfd   Thumb Code    26  stm32h7xx_hal_rcc.o(i.HAL_RCC_GetPCLK2Freq)
    HAL_RCC_GetSysClockFreq                  0x08003e21   Thumb Code   278  stm32h7xx_hal_rcc.o(i.HAL_RCC_GetSysClockFreq)
    HAL_RCC_OscConfig                        0x08003f59   Thumb Code  1318  stm32h7xx_hal_rcc.o(i.HAL_RCC_OscConfig)
    HAL_SYSTICK_Config                       0x0800447f   Thumb Code    38  stm32h7xx_hal_cortex.o(i.HAL_SYSTICK_Config)
    HAL_TIMEx_Break2Callback                 0x080044a5   Thumb Code     2  stm32h7xx_hal_tim_ex.o(i.HAL_TIMEx_Break2Callback)
    HAL_TIMEx_BreakCallback                  0x080044a7   Thumb Code     2  stm32h7xx_hal_tim_ex.o(i.HAL_TIMEx_BreakCallback)
    HAL_TIMEx_CommutCallback                 0x080044a9   Thumb Code     2  stm32h7xx_hal_tim_ex.o(i.HAL_TIMEx_CommutCallback)
    HAL_TIMEx_MasterConfigSynchronization    0x080044ad   Thumb Code   146  stm32h7xx_hal_tim_ex.o(i.HAL_TIMEx_MasterConfigSynchronization)
    HAL_TIM_Base_Init                        0x08004565   Thumb Code    98  stm32h7xx_hal_tim.o(i.HAL_TIM_Base_Init)
    HAL_TIM_Base_MspInit                     0x080045c9   Thumb Code    50  tim.o(i.HAL_TIM_Base_MspInit)
    HAL_TIM_Base_Start_IT                    0x08004605   Thumb Code   118  stm32h7xx_hal_tim.o(i.HAL_TIM_Base_Start_IT)
    HAL_TIM_IC_CaptureCallback               0x080046a5   Thumb Code     2  stm32h7xx_hal_tim.o(i.HAL_TIM_IC_CaptureCallback)
    HAL_TIM_IRQHandler                       0x080046a7   Thumb Code   386  stm32h7xx_hal_tim.o(i.HAL_TIM_IRQHandler)
    HAL_TIM_OC_DelayElapsedCallback          0x08004829   Thumb Code     2  stm32h7xx_hal_tim.o(i.HAL_TIM_OC_DelayElapsedCallback)
    HAL_TIM_PWM_PulseFinishedCallback        0x0800482b   Thumb Code     2  stm32h7xx_hal_tim.o(i.HAL_TIM_PWM_PulseFinishedCallback)
    HAL_TIM_PeriodElapsedCallback            0x0800482d   Thumb Code    62  main.o(i.HAL_TIM_PeriodElapsedCallback)
    HAL_TIM_TriggerCallback                  0x08004881   Thumb Code     2  stm32h7xx_hal_tim.o(i.HAL_TIM_TriggerCallback)
    HAL_UARTEx_DisableFifoMode               0x08004883   Thumb Code    64  stm32h7xx_hal_uart_ex.o(i.HAL_UARTEx_DisableFifoMode)
    HAL_UARTEx_RxEventCallback               0x080048c3   Thumb Code     2  stm32h7xx_hal_uart.o(i.HAL_UARTEx_RxEventCallback)
    HAL_UARTEx_RxFifoFullCallback            0x080048c5   Thumb Code     2  stm32h7xx_hal_uart_ex.o(i.HAL_UARTEx_RxFifoFullCallback)
    HAL_UARTEx_SetRxFifoThreshold            0x080048c7   Thumb Code    76  stm32h7xx_hal_uart_ex.o(i.HAL_UARTEx_SetRxFifoThreshold)
    HAL_UARTEx_SetTxFifoThreshold            0x08004913   Thumb Code    76  stm32h7xx_hal_uart_ex.o(i.HAL_UARTEx_SetTxFifoThreshold)
    HAL_UARTEx_TxFifoEmptyCallback           0x0800495f   Thumb Code     2  stm32h7xx_hal_uart_ex.o(i.HAL_UARTEx_TxFifoEmptyCallback)
    HAL_UARTEx_WakeupCallback                0x08004961   Thumb Code     2  stm32h7xx_hal_uart_ex.o(i.HAL_UARTEx_WakeupCallback)
    HAL_UART_ErrorCallback                   0x08004963   Thumb Code     2  stm32h7xx_hal_uart.o(i.HAL_UART_ErrorCallback)
    HAL_UART_IRQHandler                      0x08004965   Thumb Code   878  stm32h7xx_hal_uart.o(i.HAL_UART_IRQHandler)
    HAL_UART_Init                            0x08004ced   Thumb Code   106  stm32h7xx_hal_uart.o(i.HAL_UART_Init)
    HAL_UART_MspInit                         0x08004d59   Thumb Code   316  usart.o(i.HAL_UART_MspInit)
    HAL_UART_Receive_DMA                     0x08004eb1   Thumb Code    66  stm32h7xx_hal_uart.o(i.HAL_UART_Receive_DMA)
    HAL_UART_RxCpltCallback                  0x08004ef9   Thumb Code    76  main.o(i.HAL_UART_RxCpltCallback)
    HAL_UART_RxHalfCpltCallback              0x08004f55   Thumb Code     2  stm32h7xx_hal_uart.o(i.HAL_UART_RxHalfCpltCallback)
    HAL_UART_TxCpltCallback                  0x08004f57   Thumb Code     2  stm32h7xx_hal_uart.o(i.HAL_UART_TxCpltCallback)
    HardFault_Handler                        0x08004f59   Thumb Code     2  stm32h7xx_it.o(i.HardFault_Handler)
    MX_DMA_Init                              0x08004f5d   Thumb Code    56  dma.o(i.MX_DMA_Init)
    MX_FDCAN1_Init                           0x08004f99   Thumb Code    96  fdcan.o(i.MX_FDCAN1_Init)
    MX_FDCAN2_Init                           0x08005001   Thumb Code    96  fdcan.o(i.MX_FDCAN2_Init)
    MX_FDCAN3_Init                           0x08005069   Thumb Code    96  fdcan.o(i.MX_FDCAN3_Init)
    MX_GPIO_Init                             0x080050d1   Thumb Code   148  gpio.o(i.MX_GPIO_Init)
    MX_TIM6_Init                             0x0800516d   Thumb Code    62  tim.o(i.MX_TIM6_Init)
    MX_USART2_UART_Init                      0x080051b5   Thumb Code    94  usart.o(i.MX_USART2_UART_Init)
    MX_USART3_UART_Init                      0x0800521d   Thumb Code    94  usart.o(i.MX_USART3_UART_Init)
    MemManage_Handler                        0x08005285   Thumb Code     2  stm32h7xx_it.o(i.MemManage_Handler)
    NMI_Handler                              0x08005287   Thumb Code     2  stm32h7xx_it.o(i.NMI_Handler)
    PID_Angle_A_Para_Init                    0x08005289   Thumb Code   370  motorctrl.o(i.PID_Angle_A_Para_Init)
    PID_Angle_S_Para_Init                    0x08005401   Thumb Code   370  motorctrl.o(i.PID_Angle_S_Para_Init)
    PID_MODEL_initialize                     0x08005579   Thumb Code   434  pid_model.o(i.PID_MODEL_initialize)
    PID_MODEL_step                           0x08005735   Thumb Code 17178  pid_model.o(i.PID_MODEL_step)
    PID_Speed_Para_Init                      0x08009a59   Thumb Code   370  motorctrl.o(i.PID_Speed_Para_Init)
    PendSV_Handler                           0x08009bd1   Thumb Code     2  stm32h7xx_it.o(i.PendSV_Handler)
    Receive                                  0x08009e15   Thumb Code    64  upper_location.o(i.Receive)
    SVC_Handler                              0x08009e61   Thumb Code     2  stm32h7xx_it.o(i.SVC_Handler)
    Set_6020_Mode                            0x08009e65   Thumb Code     6  bsp_fdcan.o(i.Set_6020_Mode)
    SysTick_Handler                          0x08009e71   Thumb Code     4  stm32h7xx_it.o(i.SysTick_Handler)
    SystemClock_Config                       0x08009e75   Thumb Code   146  main.o(i.SystemClock_Config)
    SystemInit                               0x08009f0d   Thumb Code   158  system_stm32h7xx.o(i.SystemInit)
    TIM6_DAC_IRQHandler                      0x08009fcd   Thumb Code     6  stm32h7xx_it.o(i.TIM6_DAC_IRQHandler)
    TIM_Base_SetConfig                       0x08009fd9   Thumb Code   174  stm32h7xx_hal_tim.o(i.TIM_Base_SetConfig)
    UART_AdvFeatureConfig                    0x0800a0f5   Thumb Code   200  stm32h7xx_hal_uart.o(i.UART_AdvFeatureConfig)
    UART_CheckIdleState                      0x0800a1bd   Thumb Code   170  stm32h7xx_hal_uart.o(i.UART_CheckIdleState)
    UART_SetConfig                           0x0800a3f1   Thumb Code   914  stm32h7xx_hal_uart.o(i.UART_SetConfig)
    UART_Start_Receive_DMA                   0x0800a7cd   Thumb Code   156  stm32h7xx_hal_uart.o(i.UART_Start_Receive_DMA)
    UART_WaitOnFlagUntilTimeout              0x0800a875   Thumb Code   140  stm32h7xx_hal_uart.o(i.UART_WaitOnFlagUntilTimeout)
    USART3_IRQHandler                        0x0800a901   Thumb Code     6  stm32h7xx_it.o(i.USART3_IRQHandler)
    UsageFault_Handler                       0x0800a90d   Thumb Code     2  stm32h7xx_it.o(i.UsageFault_Handler)
    __ARM_fpclassify                         0x0800a90f   Thumb Code    48  fpclassify.o(i.__ARM_fpclassify)
    __hardfp_atan                            0x0800a961   Thumb Code   402  atan.o(i.__hardfp_atan)
    __hardfp_atan2                           0x0800ab61   Thumb Code   392  atan2.o(i.__hardfp_atan2)
    __hardfp_cos                             0x0800ad29   Thumb Code   158  cos.o(i.__hardfp_cos)
    __hardfp_pow                             0x0800add9   Thumb Code  2140  pow.o(i.__hardfp_pow)
    __hardfp_sin                             0x0800b6d1   Thumb Code   158  sin.o(i.__hardfp_sin)
    __hardfp_sqrt                            0x0800b781   Thumb Code   102  sqrt.o(i.__hardfp_sqrt)
    __ieee754_rem_pio2                       0x0800b7e9   Thumb Code   646  rred.o(i.__ieee754_rem_pio2)
    __kernel_cos                             0x0800baf9   Thumb Code   182  cos_i.o(i.__kernel_cos)
    __kernel_poly                            0x0800bbd9   Thumb Code   112  poly.o(i.__kernel_poly)
    __kernel_sin                             0x0800bc49   Thumb Code   144  sin_i.o(i.__kernel_sin)
    __mathlib_dbl_divzero                    0x0800bcf1   Thumb Code    14  dunder.o(i.__mathlib_dbl_divzero)
    __mathlib_dbl_infnan                     0x0800bd11   Thumb Code     6  dunder.o(i.__mathlib_dbl_infnan)
    __mathlib_dbl_infnan2                    0x0800bd17   Thumb Code     6  dunder.o(i.__mathlib_dbl_infnan2)
    __mathlib_dbl_invalid                    0x0800bd21   Thumb Code    10  dunder.o(i.__mathlib_dbl_invalid)
    __mathlib_dbl_overflow                   0x0800bd39   Thumb Code    10  dunder.o(i.__mathlib_dbl_overflow)
    __mathlib_dbl_underflow                  0x0800bd51   Thumb Code    10  dunder.o(i.__mathlib_dbl_underflow)
    __scatterload_copy                       0x0800bd69   Thumb Code    14  handlers.o(i.__scatterload_copy)
    __scatterload_null                       0x0800bd77   Thumb Code     2  handlers.o(i.__scatterload_null)
    __scatterload_zeroinit                   0x0800bd79   Thumb Code    14  handlers.o(i.__scatterload_zeroinit)
    __set_errno                              0x0800bd89   Thumb Code     6  errno.o(i.__set_errno)
    assign_output                            0x0800bd95   Thumb Code   904  motorctrl.o(i.assign_output)
    atan                                     0x0800c135   Thumb Code    16  atan.o(i.atan)
    bsp_can_init                             0x0800c145   Thumb Code    58  bsp_fdcan.o(i.bsp_can_init)
    cala_d                                   0x0800c18d   Thumb Code   242  motorctrl.o(i.cala_d)
    can_filter_init                          0x0800c29d   Thumb Code   122  bsp_fdcan.o(i.can_filter_init)
    circle_cc                                0x0800c325   Thumb Code    38  dm_motor_ctrl.o(i.circle_cc)
    ctrlmotor                                0x0800c34d   Thumb Code  1532  motorctrl.o(i.ctrlmotor)
    dm_motor_ctrl_send                       0x0800c949   Thumb Code    90  dm_motor_drv.o(i.dm_motor_ctrl_send)
    dm_motor_enable                          0x0800c9a5   Thumb Code    56  dm_motor_drv.o(i.dm_motor_enable)
    dm_motor_fbdata                          0x0800c9dd   Thumb Code   142  dm_motor_drv.o(i.dm_motor_fbdata)
    dm_motor_init                            0x0800ca6d   Thumb Code   124  dm_motor_ctrl.o(i.dm_motor_init)
    enable_motor_mode                        0x0800cb05   Thumb Code    52  dm_motor_drv.o(i.enable_motor_mode)
    fabs                                     0x0800cb39   Thumb Code    24  fabs.o(i.fabs)
    fdcan1_rx_callback                       0x0800cb51   Thumb Code   148  dm_motor_ctrl.o(i.fdcan1_rx_callback)
    fdcan2_rx_callback                       0x0800cbf5   Thumb Code   148  dm_motor_ctrl.o(i.fdcan2_rx_callback)
    fdcan3_rx_callback                       0x0800cc99   Thumb Code   148  dm_motor_ctrl.o(i.fdcan3_rx_callback)
    fdcanx_receive                           0x0800cd3d   Thumb Code    98  bsp_fdcan.o(i.fdcanx_receive)
    fdcanx_send_data                         0x0800cda1   Thumb Code   124  bsp_fdcan.o(i.fdcanx_send_data)
    float_to_uint                            0x0800ce21   Thumb Code    40  dm_motor_drv.o(i.float_to_uint)
    get_msgn                                 0x0800ce49   Thumb Code  1290  motorctrl.o(i.get_msgn)
    main                                     0x0800d355   Thumb Code   880  main.o(i.main)
    mit_ctrl                                 0x0800d709   Thumb Code   192  dm_motor_drv.o(i.mit_ctrl)
    motor_state_update                       0x0800d7d1   Thumb Code   106  bsp_fdcan.o(i.motor_state_update)
    pos_ctrl                                 0x0800d841   Thumb Code    76  dm_motor_drv.o(i.pos_ctrl)
    psi_ctrl                                 0x0800d88d   Thumb Code   108  dm_motor_drv.o(i.psi_ctrl)
    receive_motor_data                       0x0800d8f9   Thumb Code   478  dm_motor_ctrl.o(i.receive_motor_data)
    set_mode                                 0x0800dad9   Thumb Code   264  motorctrl.o(i.set_mode)
    set_reset_status                         0x0800dbe5   Thumb Code  2274  motorctrl.o(i.set_reset_status)
    set_target                               0x0800e4cd   Thumb Code   536  motorctrl.o(i.set_target)
    spd_ctrl                                 0x0800e6f5   Thumb Code    44  dm_motor_drv.o(i.spd_ctrl)
    sqrt                                     0x0800e721   Thumb Code   106  sqrt.o(i.sqrt)
    uint_to_float                            0x0800e78b   Thumb Code    40  dm_motor_drv.o(i.uint_to_float)
    UARTPrescTable                           0x0800e818   Data          24  stm32h7xx_hal_uart.o(.constdata)
    D1CorePrescTable                         0x0800e840   Data          16  system_stm32h7xx.o(.constdata)
    __mathlib_zero                           0x0800e9a0   Data           8  qnan.o(.constdata)
    Region$$Table$$Base                      0x0800ea98   Number         0  anon$$obj.o(Region$$Table)
    Region$$Table$$Limit                     0x0800eab8   Number         0  anon$$obj.o(Region$$Table)
    uwTickFreq                               0x24000008   Data           1  stm32h7xx_hal.o(.data)
    uwTickPrio                               0x2400000c   Data           4  stm32h7xx_hal.o(.data)
    uwTick                                   0x24000010   Data           4  stm32h7xx_hal.o(.data)
    SystemCoreClock                          0x24000014   Data           4  system_stm32h7xx.o(.data)
    SystemD2Clock                            0x24000018   Data           4  system_stm32h7xx.o(.data)
    mode_6020                                0x2400001c   Data           1  bsp_fdcan.o(.data)
    mult                                     0x24000028   Data           8  motorctrl.o(.data)
    rtP                                      0x24000030   Data         936  pid_model_data.o(.data)
    factors1                                 0x240003d8   Data           8  upper_location.o(.data)
    factors2                                 0x240003e0   Data           8  upper_location.o(.data)
    deadband                                 0x240003e8   Data           8  upper_location.o(.data)
    top                                      0x240003f0   Data           8  upper_location.o(.data)
    TC                                       0x240003f8   Data           8  upper_location.o(.data)
    vehicle_test                             0x24000408   Data          32  main.o(.bss)
    USART3_RX_BUF                            0x24000438   Data         100  main.o(.bss)
    cnt                                      0x2400049c   Data          40  main.o(.bss)
    hfdcan1                                  0x240004c4   Data         160  fdcan.o(.bss)
    hfdcan2                                  0x24000564   Data         160  fdcan.o(.bss)
    hfdcan3                                  0x24000604   Data         160  fdcan.o(.bss)
    htim6                                    0x240006a4   Data          76  tim.o(.bss)
    huart2                                   0x240006f0   Data         148  usart.o(.bss)
    huart3                                   0x24000784   Data         148  usart.o(.bss)
    hdma_usart3_rx                           0x24000818   Data         120  usart.o(.bss)
    hdma_usart3_tx                           0x24000890   Data         120  usart.o(.bss)
    can_message                              0x24000908   Data          36  bsp_fdcan.o(.bss)
    pTxHeader                                0x2400092c   Data          36  bsp_fdcan.o(.bss)
    can1_motor                               0x24000950   Data         128  bsp_fdcan.o(.bss)
    can2_motor                               0x240009d0   Data         128  bsp_fdcan.o(.bss)
    can3_motor                               0x24000a50   Data         128  bsp_fdcan.o(.bss)
    motor_data_can1                          0x24000ad0   Data          32  bsp_fdcan.o(.bss)
    motor_data_can2                          0x24000af0   Data          32  bsp_fdcan.o(.bss)
    motor_data_can3                          0x24000b10   Data          32  bsp_fdcan.o(.bss)
    motor                                    0x24000b30   Data        2720  dm_motor_ctrl.o(.bss)
    tor_output                               0x240015d0   Data         192  motorctrl.o(.bss)
    MotorSignal                              0x24001690   Data         192  motorctrl.o(.bss)
    rtDW                                     0x24001750   Data         724  pid_model.o(.bss)
    rtU                                      0x24001a24   Data         592  pid_model.o(.bss)
    rtY                                      0x24001c74   Data         256  pid_model.o(.bss)
    RC                                       0x24001d74   Data          30  upper_location.o(.bss)
    __initial_sp                             0x24002198   Data           0  startup_stm32h723xx.o(STACK)



==============================================================================

Memory Map of the image

  Image Entry point : 0x080002cd

  Load Region LR_IROM1 (Base: 0x08000000, Size: 0x0000eebc, Max: 0x00100000, ABSOLUTE, COMPRESSED[0x0000eae4])

    Execution Region ER_IROM1 (Exec base: 0x08000000, Load base: 0x08000000, Size: 0x0000eab8, Max: 0x00100000, ABSOLUTE)

    Exec Addr    Load Addr    Size         Type   Attr      Idx    E Section Name        Object

    0x08000000   0x08000000   0x000002cc   Data   RO            3    RESET               startup_stm32h723xx.o
    0x080002cc   0x080002cc   0x00000000   Code   RO         5810  * .ARM.Collect$$$$00000000  mc_w.l(entry.o)
    0x080002cc   0x080002cc   0x00000004   Code   RO         5874    .ARM.Collect$$$$00000001  mc_w.l(entry2.o)
    0x080002d0   0x080002d0   0x00000004   Code   RO         5877    .ARM.Collect$$$$00000004  mc_w.l(entry5.o)
    0x080002d4   0x080002d4   0x00000000   Code   RO         5879    .ARM.Collect$$$$00000008  mc_w.l(entry7b.o)
    0x080002d4   0x080002d4   0x00000000   Code   RO         5881    .ARM.Collect$$$$0000000A  mc_w.l(entry8b.o)
    0x080002d4   0x080002d4   0x00000008   Code   RO         5882    .ARM.Collect$$$$0000000B  mc_w.l(entry9a.o)
    0x080002dc   0x080002dc   0x00000004   Code   RO         5889    .ARM.Collect$$$$0000000E  mc_w.l(entry12b.o)
    0x080002e0   0x080002e0   0x00000000   Code   RO         5884    .ARM.Collect$$$$0000000F  mc_w.l(entry10a.o)
    0x080002e0   0x080002e0   0x00000000   Code   RO         5886    .ARM.Collect$$$$00000011  mc_w.l(entry11a.o)
    0x080002e0   0x080002e0   0x00000004   Code   RO         5875    .ARM.Collect$$$$00002712  mc_w.l(entry2.o)
    0x080002e4   0x080002e4   0x00000024   Code   RO            4    .text               startup_stm32h723xx.o
    0x08000308   0x08000308   0x00000062   Code   RO         5813    .text               mc_w.l(uldiv.o)
    0x0800036a   0x0800036a   0x00000024   Code   RO         5815    .text               mc_w.l(memcpya.o)
    0x0800038e   0x0800038e   0x00000024   Code   RO         5817    .text               mc_w.l(memseta.o)
    0x080003b2   0x080003b2   0x0000001e   Code   RO         5890    .text               mc_w.l(llshl.o)
    0x080003d0   0x080003d0   0x00000020   Code   RO         5892    .text               mc_w.l(llushr.o)
    0x080003f0   0x080003f0   0x00000000   Code   RO         5901    .text               mc_w.l(iusefp.o)
    0x080003f0   0x080003f0   0x0000002e   Code   RO         5902    .text               mf_w.l(dscalb.o)
    0x0800041e   0x0800041e   0x00000002   PAD
    0x08000420   0x08000420   0x00000024   Code   RO         5904    .text               mc_w.l(init.o)
    0x08000444   0x08000444   0x00000056   Code   RO         5914    .text               mc_w.l(__dczerorl2.o)
    0x0800049a   0x0800049a   0x00000002   Code   RO          424    i.BusFault_Handler  stm32h7xx_it.o
    0x0800049c   0x0800049c   0x00000064   Code   RO         5198    i.CAN_CMD_MOTOR_DJI  bsp_fdcan.o
    0x08000500   0x08000500   0x00000084   Code   RO         5660    i.Chart1            pid_model.o
    0x08000584   0x08000584   0x0000000c   Code   RO          425    i.DMA1_Stream0_IRQHandler  stm32h7xx_it.o
    0x08000590   0x08000590   0x0000000c   Code   RO          426    i.DMA1_Stream1_IRQHandler  stm32h7xx_it.o
    0x0800059c   0x0800059c   0x000000b4   Code   RO         1345    i.DMA_CalcBaseAndBitshift  stm32h7xx_hal_dma.o
    0x08000650   0x08000650   0x0000009c   Code   RO         1346    i.DMA_CalcDMAMUXChannelBaseAndMask  stm32h7xx_hal_dma.o
    0x080006ec   0x080006ec   0x00000074   Code   RO         1347    i.DMA_CalcDMAMUXRequestGenBaseAndMask  stm32h7xx_hal_dma.o
    0x08000760   0x08000760   0x00000054   Code   RO         1348    i.DMA_CheckFifoParam  stm32h7xx_hal_dma.o
    0x080007b4   0x080007b4   0x00000220   Code   RO         1349    i.DMA_SetConfig     stm32h7xx_hal_dma.o
    0x080009d4   0x080009d4   0x00000002   Code   RO          427    i.DebugMon_Handler  stm32h7xx_it.o
    0x080009d6   0x080009d6   0x00000004   Code   RO           13    i.Error_Handler     main.o
    0x080009da   0x080009da   0x00000002   PAD
    0x080009dc   0x080009dc   0x0000000c   Code   RO          428    i.FDCAN1_IT0_IRQHandler  stm32h7xx_it.o
    0x080009e8   0x080009e8   0x0000000c   Code   RO          429    i.FDCAN2_IT0_IRQHandler  stm32h7xx_it.o
    0x080009f4   0x080009f4   0x0000000c   Code   RO          430    i.FDCAN2_IT1_IRQHandler  stm32h7xx_it.o
    0x08000a00   0x08000a00   0x0000000c   Code   RO          431    i.FDCAN3_IT0_IRQHandler  stm32h7xx_it.o
    0x08000a0c   0x08000a0c   0x0000000c   Code   RO          432    i.FDCAN3_IT1_IRQHandler  stm32h7xx_it.o
    0x08000a18   0x08000a18   0x0000001c   Code   RO          433    i.FDCAN_CAL_IRQHandler  stm32h7xx_it.o
    0x08000a34   0x08000a34   0x000001c8   Code   RO         2986    i.FDCAN_CalcultateRamBlockAddresses  stm32h7xx_hal_fdcan.o
    0x08000bfc   0x08000bfc   0x00000080   Code   RO         2987    i.FDCAN_CopyMessageToRAM  stm32h7xx_hal_fdcan.o
    0x08000c7c   0x08000c7c   0x00000360   Code   RO         1350    i.HAL_DMA_Abort     stm32h7xx_hal_dma.o
    0x08000fdc   0x08000fdc   0x00000284   Code   RO         1351    i.HAL_DMA_Abort_IT  stm32h7xx_hal_dma.o
    0x08001260   0x08001260   0x000006e8   Code   RO         1355    i.HAL_DMA_IRQHandler  stm32h7xx_hal_dma.o
    0x08001948   0x08001948   0x000003bc   Code   RO         1356    i.HAL_DMA_Init      stm32h7xx_hal_dma.o
    0x08001d04   0x08001d04   0x0000029c   Code   RO         1360    i.HAL_DMA_Start_IT  stm32h7xx_hal_dma.o
    0x08001fa0   0x08001fa0   0x00000088   Code   RO         2989    i.HAL_FDCAN_ActivateNotification  stm32h7xx_hal_fdcan.o
    0x08002028   0x08002028   0x00000066   Code   RO         2991    i.HAL_FDCAN_AddMessageToTxFifoQ  stm32h7xx_hal_fdcan.o
    0x0800208e   0x0800208e   0x00000002   Code   RO         2992    i.HAL_FDCAN_ClockCalibrationCallback  stm32h7xx_hal_fdcan.o
    0x08002090   0x08002090   0x0000005a   Code   RO         2995    i.HAL_FDCAN_ConfigFifoWatermark  stm32h7xx_hal_fdcan.o
    0x080020ea   0x080020ea   0x0000007e   Code   RO         2996    i.HAL_FDCAN_ConfigFilter  stm32h7xx_hal_fdcan.o
    0x08002168   0x08002168   0x00000032   Code   RO         2997    i.HAL_FDCAN_ConfigGlobalFilter  stm32h7xx_hal_fdcan.o
    0x0800219a   0x0800219a   0x00000002   Code   RO         3018    i.HAL_FDCAN_ErrorCallback  stm32h7xx_hal_fdcan.o
    0x0800219c   0x0800219c   0x00000002   Code   RO         3019    i.HAL_FDCAN_ErrorStatusCallback  stm32h7xx_hal_fdcan.o
    0x0800219e   0x0800219e   0x00000002   PAD
    0x080021a0   0x080021a0   0x00000194   Code   RO         3030    i.HAL_FDCAN_GetRxMessage  stm32h7xx_hal_fdcan.o
    0x08002334   0x08002334   0x00000002   Code   RO         3036    i.HAL_FDCAN_HighPriorityMessageCallback  stm32h7xx_hal_fdcan.o
    0x08002336   0x08002336   0x00000002   PAD
    0x08002338   0x08002338   0x00000320   Code   RO         3037    i.HAL_FDCAN_IRQHandler  stm32h7xx_hal_fdcan.o
    0x08002658   0x08002658   0x00000244   Code   RO         3038    i.HAL_FDCAN_Init    stm32h7xx_hal_fdcan.o
    0x0800289c   0x0800289c   0x000001cc   Code   RO          280    i.HAL_FDCAN_MspInit  fdcan.o
    0x08002a68   0x08002a68   0x00000002   Code   RO         3047    i.HAL_FDCAN_RxBufferNewMessageCallback  stm32h7xx_hal_fdcan.o
    0x08002a6a   0x08002a6a   0x00000002   PAD
    0x08002a6c   0x08002a6c   0x00000030   Code   RO         5199    i.HAL_FDCAN_RxFifo0Callback  bsp_fdcan.o
    0x08002a9c   0x08002a9c   0x00000002   Code   RO         3049    i.HAL_FDCAN_RxFifo1Callback  stm32h7xx_hal_fdcan.o
    0x08002a9e   0x08002a9e   0x00000032   Code   RO         3050    i.HAL_FDCAN_Start   stm32h7xx_hal_fdcan.o
    0x08002ad0   0x08002ad0   0x00000002   Code   RO         3072    i.HAL_FDCAN_TT_GlobalTimeCallback  stm32h7xx_hal_fdcan.o
    0x08002ad2   0x08002ad2   0x00000002   Code   RO         3073    i.HAL_FDCAN_TT_ScheduleSyncCallback  stm32h7xx_hal_fdcan.o
    0x08002ad4   0x08002ad4   0x00000002   Code   RO         3078    i.HAL_FDCAN_TT_StopWatchCallback  stm32h7xx_hal_fdcan.o
    0x08002ad6   0x08002ad6   0x00000002   Code   RO         3079    i.HAL_FDCAN_TT_TimeMarkCallback  stm32h7xx_hal_fdcan.o
    0x08002ad8   0x08002ad8   0x00000002   Code   RO         3080    i.HAL_FDCAN_TimeoutOccurredCallback  stm32h7xx_hal_fdcan.o
    0x08002ada   0x08002ada   0x00000002   Code   RO         3081    i.HAL_FDCAN_TimestampWraparoundCallback  stm32h7xx_hal_fdcan.o
    0x08002adc   0x08002adc   0x00000002   Code   RO         3082    i.HAL_FDCAN_TxBufferAbortCallback  stm32h7xx_hal_fdcan.o
    0x08002ade   0x08002ade   0x00000002   Code   RO         3083    i.HAL_FDCAN_TxBufferCompleteCallback  stm32h7xx_hal_fdcan.o
    0x08002ae0   0x08002ae0   0x00000002   Code   RO         3084    i.HAL_FDCAN_TxEventFifoCallback  stm32h7xx_hal_fdcan.o
    0x08002ae2   0x08002ae2   0x00000002   Code   RO         3085    i.HAL_FDCAN_TxFifoEmptyCallback  stm32h7xx_hal_fdcan.o
    0x08002ae4   0x08002ae4   0x0000021c   Code   RO         1198    i.HAL_GPIO_Init     stm32h7xx_hal_gpio.o
    0x08002d00   0x08002d00   0x0000000a   Code   RO         1202    i.HAL_GPIO_WritePin  stm32h7xx_hal_gpio.o
    0x08002d0a   0x08002d0a   0x00000002   PAD
    0x08002d0c   0x08002d0c   0x0000000c   Code   RO         2063    i.HAL_GetTick       stm32h7xx_hal.o
    0x08002d18   0x08002d18   0x00000010   Code   RO         2069    i.HAL_IncTick       stm32h7xx_hal.o
    0x08002d28   0x08002d28   0x0000005c   Code   RO         2070    i.HAL_Init          stm32h7xx_hal.o
    0x08002d84   0x08002d84   0x00000040   Code   RO         2071    i.HAL_InitTick      stm32h7xx_hal.o
    0x08002dc4   0x08002dc4   0x0000005c   Code   RO          585    i.HAL_MPU_ConfigRegion  stm32h7xx_hal_cortex.o
    0x08002e20   0x08002e20   0x0000001c   Code   RO          586    i.HAL_MPU_Disable   stm32h7xx_hal_cortex.o
    0x08002e3c   0x08002e3c   0x00000024   Code   RO          587    i.HAL_MPU_Enable    stm32h7xx_hal_cortex.o
    0x08002e60   0x08002e60   0x0000001c   Code   RO          560    i.HAL_MspInit       stm32h7xx_hal_msp.o
    0x08002e7c   0x08002e7c   0x0000001a   Code   RO          590    i.HAL_NVIC_EnableIRQ  stm32h7xx_hal_cortex.o
    0x08002e96   0x08002e96   0x00000002   PAD
    0x08002e98   0x08002e98   0x00000040   Code   RO          596    i.HAL_NVIC_SetPriority  stm32h7xx_hal_cortex.o
    0x08002ed8   0x08002ed8   0x00000024   Code   RO          597    i.HAL_NVIC_SetPriorityGrouping  stm32h7xx_hal_cortex.o
    0x08002efc   0x08002efc   0x00000054   Code   RO         1799    i.HAL_PWREx_ConfigSupply  stm32h7xx_hal_pwr_ex.o
    0x08002f50   0x08002f50   0x00000024   Code   RO          841    i.HAL_RCCEx_GetD3PCLK1Freq  stm32h7xx_hal_rcc_ex.o
    0x08002f74   0x08002f74   0x00000144   Code   RO          843    i.HAL_RCCEx_GetPLL2ClockFreq  stm32h7xx_hal_rcc_ex.o
    0x080030b8   0x080030b8   0x00000144   Code   RO          844    i.HAL_RCCEx_GetPLL3ClockFreq  stm32h7xx_hal_rcc_ex.o
    0x080031fc   0x080031fc   0x0000093a   Code   RO          850    i.HAL_RCCEx_PeriphCLKConfig  stm32h7xx_hal_rcc_ex.o
    0x08003b36   0x08003b36   0x00000002   PAD
    0x08003b38   0x08003b38   0x0000025c   Code   RO          726    i.HAL_RCC_ClockConfig  stm32h7xx_hal_rcc.o
    0x08003d94   0x08003d94   0x00000044   Code   RO          731    i.HAL_RCC_GetHCLKFreq  stm32h7xx_hal_rcc.o
    0x08003dd8   0x08003dd8   0x00000024   Code   RO          733    i.HAL_RCC_GetPCLK1Freq  stm32h7xx_hal_rcc.o
    0x08003dfc   0x08003dfc   0x00000024   Code   RO          734    i.HAL_RCC_GetPCLK2Freq  stm32h7xx_hal_rcc.o
    0x08003e20   0x08003e20   0x00000138   Code   RO          735    i.HAL_RCC_GetSysClockFreq  stm32h7xx_hal_rcc.o
    0x08003f58   0x08003f58   0x00000526   Code   RO          738    i.HAL_RCC_OscConfig  stm32h7xx_hal_rcc.o
    0x0800447e   0x0800447e   0x00000026   Code   RO          601    i.HAL_SYSTICK_Config  stm32h7xx_hal_cortex.o
    0x080044a4   0x080044a4   0x00000002   Code   RO         4320    i.HAL_TIMEx_Break2Callback  stm32h7xx_hal_tim_ex.o
    0x080044a6   0x080044a6   0x00000002   Code   RO         4321    i.HAL_TIMEx_BreakCallback  stm32h7xx_hal_tim_ex.o
    0x080044a8   0x080044a8   0x00000002   Code   RO         4322    i.HAL_TIMEx_CommutCallback  stm32h7xx_hal_tim_ex.o
    0x080044aa   0x080044aa   0x00000002   PAD
    0x080044ac   0x080044ac   0x000000b8   Code   RO         4343    i.HAL_TIMEx_MasterConfigSynchronization  stm32h7xx_hal_tim_ex.o
    0x08004564   0x08004564   0x00000062   Code   RO         3606    i.HAL_TIM_Base_Init  stm32h7xx_hal_tim.o
    0x080045c6   0x080045c6   0x00000002   PAD
    0x080045c8   0x080045c8   0x0000003c   Code   RO          335    i.HAL_TIM_Base_MspInit  tim.o
    0x08004604   0x08004604   0x000000a0   Code   RO         3611    i.HAL_TIM_Base_Start_IT  stm32h7xx_hal_tim.o
    0x080046a4   0x080046a4   0x00000002   Code   RO         3640    i.HAL_TIM_IC_CaptureCallback  stm32h7xx_hal_tim.o
    0x080046a6   0x080046a6   0x00000182   Code   RO         3654    i.HAL_TIM_IRQHandler  stm32h7xx_hal_tim.o
    0x08004828   0x08004828   0x00000002   Code   RO         3657    i.HAL_TIM_OC_DelayElapsedCallback  stm32h7xx_hal_tim.o
    0x0800482a   0x0800482a   0x00000002   Code   RO         3684    i.HAL_TIM_PWM_PulseFinishedCallback  stm32h7xx_hal_tim.o
    0x0800482c   0x0800482c   0x00000054   Code   RO           14    i.HAL_TIM_PeriodElapsedCallback  main.o
    0x08004880   0x08004880   0x00000002   Code   RO         3697    i.HAL_TIM_TriggerCallback  stm32h7xx_hal_tim.o
    0x08004882   0x08004882   0x00000040   Code   RO         5043    i.HAL_UARTEx_DisableFifoMode  stm32h7xx_hal_uart_ex.o
    0x080048c2   0x080048c2   0x00000002   Code   RO         4632    i.HAL_UARTEx_RxEventCallback  stm32h7xx_hal_uart.o
    0x080048c4   0x080048c4   0x00000002   Code   RO         5051    i.HAL_UARTEx_RxFifoFullCallback  stm32h7xx_hal_uart_ex.o
    0x080048c6   0x080048c6   0x0000004c   Code   RO         5052    i.HAL_UARTEx_SetRxFifoThreshold  stm32h7xx_hal_uart_ex.o
    0x08004912   0x08004912   0x0000004c   Code   RO         5053    i.HAL_UARTEx_SetTxFifoThreshold  stm32h7xx_hal_uart_ex.o
    0x0800495e   0x0800495e   0x00000002   Code   RO         5055    i.HAL_UARTEx_TxFifoEmptyCallback  stm32h7xx_hal_uart_ex.o
    0x08004960   0x08004960   0x00000002   Code   RO         5056    i.HAL_UARTEx_WakeupCallback  stm32h7xx_hal_uart_ex.o
    0x08004962   0x08004962   0x00000002   Code   RO         4648    i.HAL_UART_ErrorCallback  stm32h7xx_hal_uart.o
    0x08004964   0x08004964   0x00000388   Code   RO         4651    i.HAL_UART_IRQHandler  stm32h7xx_hal_uart.o
    0x08004cec   0x08004cec   0x0000006a   Code   RO         4652    i.HAL_UART_Init     stm32h7xx_hal_uart.o
    0x08004d56   0x08004d56   0x00000002   PAD
    0x08004d58   0x08004d58   0x00000158   Code   RO          377    i.HAL_UART_MspInit  usart.o
    0x08004eb0   0x08004eb0   0x00000048   Code   RO         4656    i.HAL_UART_Receive_DMA  stm32h7xx_hal_uart.o
    0x08004ef8   0x08004ef8   0x0000005c   Code   RO           15    i.HAL_UART_RxCpltCallback  main.o
    0x08004f54   0x08004f54   0x00000002   Code   RO         4660    i.HAL_UART_RxHalfCpltCallback  stm32h7xx_hal_uart.o
    0x08004f56   0x08004f56   0x00000002   Code   RO         4664    i.HAL_UART_TxCpltCallback  stm32h7xx_hal_uart.o
    0x08004f58   0x08004f58   0x00000002   Code   RO          434    i.HardFault_Handler  stm32h7xx_it.o
    0x08004f5a   0x08004f5a   0x00000002   PAD
    0x08004f5c   0x08004f5c   0x0000003c   Code   RO          255    i.MX_DMA_Init       dma.o
    0x08004f98   0x08004f98   0x00000068   Code   RO          281    i.MX_FDCAN1_Init    fdcan.o
    0x08005000   0x08005000   0x00000068   Code   RO          282    i.MX_FDCAN2_Init    fdcan.o
    0x08005068   0x08005068   0x00000068   Code   RO          283    i.MX_FDCAN3_Init    fdcan.o
    0x080050d0   0x080050d0   0x0000009c   Code   RO          231    i.MX_GPIO_Init      gpio.o
    0x0800516c   0x0800516c   0x00000048   Code   RO          336    i.MX_TIM6_Init      tim.o
    0x080051b4   0x080051b4   0x00000068   Code   RO          378    i.MX_USART2_UART_Init  usart.o
    0x0800521c   0x0800521c   0x00000068   Code   RO          379    i.MX_USART3_UART_Init  usart.o
    0x08005284   0x08005284   0x00000002   Code   RO          435    i.MemManage_Handler  stm32h7xx_it.o
    0x08005286   0x08005286   0x00000002   Code   RO          436    i.NMI_Handler       stm32h7xx_it.o
    0x08005288   0x08005288   0x00000178   Code   RO         5561    i.PID_Angle_A_Para_Init  motorctrl.o
    0x08005400   0x08005400   0x00000178   Code   RO         5562    i.PID_Angle_S_Para_Init  motorctrl.o
    0x08005578   0x08005578   0x000001bc   Code   RO         5661    i.PID_MODEL_initialize  pid_model.o
    0x08005734   0x08005734   0x00004324   Code   RO         5662    i.PID_MODEL_step    pid_model.o
    0x08009a58   0x08009a58   0x00000178   Code   RO         5563    i.PID_Speed_Para_Init  motorctrl.o
    0x08009bd0   0x08009bd0   0x00000002   Code   RO          437    i.PendSV_Handler    stm32h7xx_it.o
    0x08009bd2   0x08009bd2   0x00000002   PAD
    0x08009bd4   0x08009bd4   0x00000120   Code   RO          853    i.RCCEx_PLL2_Config  stm32h7xx_hal_rcc_ex.o
    0x08009cf4   0x08009cf4   0x00000120   Code   RO          854    i.RCCEx_PLL3_Config  stm32h7xx_hal_rcc_ex.o
    0x08009e14   0x08009e14   0x0000004c   Code   RO         5709    i.Receive           upper_location.o
    0x08009e60   0x08009e60   0x00000002   Code   RO          438    i.SVC_Handler       stm32h7xx_it.o
    0x08009e62   0x08009e62   0x00000002   PAD
    0x08009e64   0x08009e64   0x0000000c   Code   RO         5200    i.Set_6020_Mode     bsp_fdcan.o
    0x08009e70   0x08009e70   0x00000004   Code   RO          439    i.SysTick_Handler   stm32h7xx_it.o
    0x08009e74   0x08009e74   0x00000098   Code   RO           16    i.SystemClock_Config  main.o
    0x08009f0c   0x08009f0c   0x000000c0   Code   RO         5162    i.SystemInit        system_stm32h7xx.o
    0x08009fcc   0x08009fcc   0x0000000c   Code   RO          440    i.TIM6_DAC_IRQHandler  stm32h7xx_it.o
    0x08009fd8   0x08009fd8   0x000000d8   Code   RO         3699    i.TIM_Base_SetConfig  stm32h7xx_hal_tim.o
    0x0800a0b0   0x0800a0b0   0x00000044   Code   RO         5057    i.UARTEx_SetNbDataToProcess  stm32h7xx_hal_uart_ex.o
    0x0800a0f4   0x0800a0f4   0x000000c8   Code   RO         4666    i.UART_AdvFeatureConfig  stm32h7xx_hal_uart.o
    0x0800a1bc   0x0800a1bc   0x000000aa   Code   RO         4667    i.UART_CheckIdleState  stm32h7xx_hal_uart.o
    0x0800a266   0x0800a266   0x00000014   Code   RO         4668    i.UART_DMAAbortOnError  stm32h7xx_hal_uart.o
    0x0800a27a   0x0800a27a   0x0000004e   Code   RO         4669    i.UART_DMAError     stm32h7xx_hal_uart.o
    0x0800a2c8   0x0800a2c8   0x00000082   Code   RO         4670    i.UART_DMAReceiveCplt  stm32h7xx_hal_uart.o
    0x0800a34a   0x0800a34a   0x00000020   Code   RO         4672    i.UART_DMARxHalfCplt  stm32h7xx_hal_uart.o
    0x0800a36a   0x0800a36a   0x00000002   PAD
    0x0800a36c   0x0800a36c   0x00000054   Code   RO         4678    i.UART_EndRxTransfer  stm32h7xx_hal_uart.o
    0x0800a3c0   0x0800a3c0   0x0000002e   Code   RO         4679    i.UART_EndTxTransfer  stm32h7xx_hal_uart.o
    0x0800a3ee   0x0800a3ee   0x00000002   PAD
    0x0800a3f0   0x0800a3f0   0x000003dc   Code   RO         4684    i.UART_SetConfig    stm32h7xx_hal_uart.o
    0x0800a7cc   0x0800a7cc   0x000000a8   Code   RO         4685    i.UART_Start_Receive_DMA  stm32h7xx_hal_uart.o
    0x0800a874   0x0800a874   0x0000008c   Code   RO         4691    i.UART_WaitOnFlagUntilTimeout  stm32h7xx_hal_uart.o
    0x0800a900   0x0800a900   0x0000000c   Code   RO          441    i.USART3_IRQHandler  stm32h7xx_it.o
    0x0800a90c   0x0800a90c   0x00000002   Code   RO          442    i.UsageFault_Handler  stm32h7xx_it.o
    0x0800a90e   0x0800a90e   0x00000030   Code   RO         5858    i.__ARM_fpclassify  m_wv.l(fpclassify.o)
    0x0800a93e   0x0800a93e   0x00000022   Code   RO          603    i.__NVIC_SetPriority  stm32h7xx_hal_cortex.o
    0x0800a960   0x0800a960   0x00000200   Code   RO         5821    i.__hardfp_atan     m_wv.l(atan.o)
    0x0800ab60   0x0800ab60   0x000001c8   Code   RO         5748    i.__hardfp_atan2    m_wv.l(atan2.o)
    0x0800ad28   0x0800ad28   0x000000b0   Code   RO         5760    i.__hardfp_cos      m_wv.l(cos.o)
    0x0800add8   0x0800add8   0x000008f8   Code   RO         5772    i.__hardfp_pow      m_wv.l(pow.o)
    0x0800b6d0   0x0800b6d0   0x000000b0   Code   RO         5786    i.__hardfp_sin      m_wv.l(sin.o)
    0x0800b780   0x0800b780   0x00000066   Code   RO         5798    i.__hardfp_sqrt     m_wv.l(sqrt.o)
    0x0800b7e6   0x0800b7e6   0x00000002   PAD
    0x0800b7e8   0x0800b7e8   0x00000310   Code   RO         5863    i.__ieee754_rem_pio2  m_wv.l(rred.o)
    0x0800baf8   0x0800baf8   0x000000e0   Code   RO         5835    i.__kernel_cos      m_wv.l(cos_i.o)
    0x0800bbd8   0x0800bbd8   0x00000070   Code   RO         5860    i.__kernel_poly     m_wv.l(poly.o)
    0x0800bc48   0x0800bc48   0x000000a8   Code   RO         5868    i.__kernel_sin      m_wv.l(sin_i.o)
    0x0800bcf0   0x0800bcf0   0x00000020   Code   RO         5838    i.__mathlib_dbl_divzero  m_wv.l(dunder.o)
    0x0800bd10   0x0800bd10   0x00000006   Code   RO         5839    i.__mathlib_dbl_infnan  m_wv.l(dunder.o)
    0x0800bd16   0x0800bd16   0x00000006   Code   RO         5840    i.__mathlib_dbl_infnan2  m_wv.l(dunder.o)
    0x0800bd1c   0x0800bd1c   0x00000004   PAD
    0x0800bd20   0x0800bd20   0x00000018   Code   RO         5841    i.__mathlib_dbl_invalid  m_wv.l(dunder.o)
    0x0800bd38   0x0800bd38   0x00000018   Code   RO         5842    i.__mathlib_dbl_overflow  m_wv.l(dunder.o)
    0x0800bd50   0x0800bd50   0x00000018   Code   RO         5844    i.__mathlib_dbl_underflow  m_wv.l(dunder.o)
    0x0800bd68   0x0800bd68   0x0000000e   Code   RO         5908    i.__scatterload_copy  mc_w.l(handlers.o)
    0x0800bd76   0x0800bd76   0x00000002   Code   RO         5909    i.__scatterload_null  mc_w.l(handlers.o)
    0x0800bd78   0x0800bd78   0x0000000e   Code   RO         5910    i.__scatterload_zeroinit  mc_w.l(handlers.o)
    0x0800bd86   0x0800bd86   0x00000002   PAD
    0x0800bd88   0x0800bd88   0x0000000c   Code   RO         5896    i.__set_errno       mc_w.l(errno.o)
    0x0800bd94   0x0800bd94   0x000003a0   Code   RO         5564    i.assign_output     motorctrl.o
    0x0800c134   0x0800c134   0x00000010   Code   RO         5823    i.atan              m_wv.l(atan.o)
    0x0800c144   0x0800c144   0x00000048   Code   RO         5201    i.bsp_can_init      bsp_fdcan.o
    0x0800c18c   0x0800c18c   0x00000110   Code   RO         5565    i.cala_d            motorctrl.o
    0x0800c29c   0x0800c29c   0x00000088   Code   RO         5202    i.can_filter_init   bsp_fdcan.o
    0x0800c324   0x0800c324   0x00000026   Code   RO         5347    i.circle_cc         dm_motor_ctrl.o
    0x0800c34a   0x0800c34a   0x00000002   PAD
    0x0800c34c   0x0800c34c   0x000005fc   Code   RO         5566    i.ctrlmotor         motorctrl.o
    0x0800c948   0x0800c948   0x0000005a   Code   RO         5428    i.dm_motor_ctrl_send  dm_motor_drv.o
    0x0800c9a2   0x0800c9a2   0x00000002   PAD
    0x0800c9a4   0x0800c9a4   0x00000038   Code   RO         5430    i.dm_motor_enable   dm_motor_drv.o
    0x0800c9dc   0x0800c9dc   0x0000008e   Code   RO         5431    i.dm_motor_fbdata   dm_motor_drv.o
    0x0800ca6a   0x0800ca6a   0x00000002   PAD
    0x0800ca6c   0x0800ca6c   0x00000098   Code   RO         5348    i.dm_motor_init     dm_motor_ctrl.o
    0x0800cb04   0x0800cb04   0x00000034   Code   RO         5432    i.enable_motor_mode  dm_motor_drv.o
    0x0800cb38   0x0800cb38   0x00000018   Code   RO         5854    i.fabs              m_wv.l(fabs.o)
    0x0800cb50   0x0800cb50   0x000000a4   Code   RO         5349    i.fdcan1_rx_callback  dm_motor_ctrl.o
    0x0800cbf4   0x0800cbf4   0x000000a4   Code   RO         5350    i.fdcan2_rx_callback  dm_motor_ctrl.o
    0x0800cc98   0x0800cc98   0x000000a4   Code   RO         5351    i.fdcan3_rx_callback  dm_motor_ctrl.o
    0x0800cd3c   0x0800cd3c   0x00000062   Code   RO         5206    i.fdcanx_receive    bsp_fdcan.o
    0x0800cd9e   0x0800cd9e   0x00000002   PAD
    0x0800cda0   0x0800cda0   0x00000080   Code   RO         5207    i.fdcanx_send_data  bsp_fdcan.o
    0x0800ce20   0x0800ce20   0x00000028   Code   RO         5433    i.float_to_uint     dm_motor_drv.o
    0x0800ce48   0x0800ce48   0x0000050a   Code   RO         5567    i.get_msgn          motorctrl.o
    0x0800d352   0x0800d352   0x00000002   PAD
    0x0800d354   0x0800d354   0x000003b4   Code   RO           17    i.main              main.o
    0x0800d708   0x0800d708   0x000000c8   Code   RO         5434    i.mit_ctrl          dm_motor_drv.o
    0x0800d7d0   0x0800d7d0   0x00000070   Code   RO         5211    i.motor_state_update  bsp_fdcan.o
    0x0800d840   0x0800d840   0x0000004c   Code   RO         5435    i.pos_ctrl          dm_motor_drv.o
    0x0800d88c   0x0800d88c   0x0000006c   Code   RO         5436    i.psi_ctrl          dm_motor_drv.o
    0x0800d8f8   0x0800d8f8   0x000001de   Code   RO         5353    i.receive_motor_data  dm_motor_ctrl.o
    0x0800dad6   0x0800dad6   0x00000002   PAD
    0x0800dad8   0x0800dad8   0x0000010c   Code   RO         5568    i.set_mode          motorctrl.o
    0x0800dbe4   0x0800dbe4   0x000008e8   Code   RO         5569    i.set_reset_status  motorctrl.o
    0x0800e4cc   0x0800e4cc   0x00000228   Code   RO         5570    i.set_target        motorctrl.o
    0x0800e6f4   0x0800e6f4   0x0000002c   Code   RO         5441    i.spd_ctrl          dm_motor_drv.o
    0x0800e720   0x0800e720   0x0000006a   Code   RO         5800    i.sqrt              m_wv.l(sqrt.o)
    0x0800e78a   0x0800e78a   0x00000028   Code   RO         5442    i.uint_to_float     dm_motor_drv.o
    0x0800e7b2   0x0800e7b2   0x00000008   Data   RO         1362    .constdata          stm32h7xx_hal_dma.o
    0x0800e7ba   0x0800e7ba   0x00000002   PAD
    0x0800e7bc   0x0800e7bc   0x0000005c   Data   RO         3086    .constdata          stm32h7xx_hal_fdcan.o
    0x0800e818   0x0800e818   0x00000018   Data   RO         4692    .constdata          stm32h7xx_hal_uart.o
    0x0800e830   0x0800e830   0x00000010   Data   RO         5058    .constdata          stm32h7xx_hal_uart_ex.o
    0x0800e840   0x0800e840   0x00000010   Data   RO         5163    .constdata          system_stm32h7xx.o
    0x0800e850   0x0800e850   0x00000088   Data   RO         5775    .constdata          m_wv.l(pow.o)
    0x0800e8d8   0x0800e8d8   0x00000098   Data   RO         5824    .constdata          m_wv.l(atan.o)
    0x0800e970   0x0800e970   0x00000030   Data   RO         5836    .constdata          m_wv.l(cos_i.o)
    0x0800e9a0   0x0800e9a0   0x00000008   Data   RO         5862    .constdata          m_wv.l(qnan.o)
    0x0800e9a8   0x0800e9a8   0x000000c8   Data   RO         5865    .constdata          m_wv.l(rred.o)
    0x0800ea70   0x0800ea70   0x00000028   Data   RO         5869    .constdata          m_wv.l(sin_i.o)
    0x0800ea98   0x0800ea98   0x00000020   Data   RO         5906    Region$$Table       anon$$obj.o


    Execution Region RW_IRAM1 (Exec base: 0x20000000, Load base: 0x0800eab8, Size: 0x00000000, Max: 0x00020000, ABSOLUTE)

    **** No section assigned to this execution region ****


    Execution Region RW_IRAM2 (Exec base: 0x24000000, Load base: 0x0800eab8, Size: 0x00002198, Max: 0x00050000, ABSOLUTE, COMPRESSED[0x0000002c])

    Exec Addr    Load Addr    Size         Type   Attr      Idx    E Section Name        Object

    0x24000000   COMPRESSED   0x00000001   Data   RW           20    .data               main.o
    0x24000001   COMPRESSED   0x00000003   PAD
    0x24000004   COMPRESSED   0x00000004   Data   RW          285    .data               fdcan.o
    0x24000008   COMPRESSED   0x0000000c   Data   RW         2094    .data               stm32h7xx_hal.o
    0x24000014   COMPRESSED   0x00000008   Data   RW         5164    .data               system_stm32h7xx.o
    0x2400001c   COMPRESSED   0x00000009   Data   RW         5213    .data               bsp_fdcan.o
    0x24000025   COMPRESSED   0x00000003   Data   RW         5355    .data               dm_motor_ctrl.o
    0x24000028   COMPRESSED   0x00000008   Data   RW         5573    .data               motorctrl.o
    0x24000030   COMPRESSED   0x000003a8   Data   RW         5692    .data               pid_model_data.o
    0x240003d8   COMPRESSED   0x00000028   Data   RW         5712    .data               upper_location.o
    0x24000400   COMPRESSED   0x00000004   Data   RW         5897    .data               mc_w.l(errno.o)
    0x24000404   COMPRESSED   0x00000004   PAD
    0x24000408        -       0x000000bc   Zero   RW           18    .bss                main.o
    0x240004c4        -       0x000001e0   Zero   RW          284    .bss                fdcan.o
    0x240006a4        -       0x0000004c   Zero   RW          337    .bss                tim.o
    0x240006f0        -       0x00000218   Zero   RW          380    .bss                usart.o
    0x24000908        -       0x00000228   Zero   RW         5212    .bss                bsp_fdcan.o
    0x24000b30        -       0x00000aa0   Zero   RW         5354    .bss                dm_motor_ctrl.o
    0x240015d0        -       0x00000180   Zero   RW         5571    .bss                motorctrl.o
    0x24001750        -       0x00000624   Zero   RW         5663    .bss                pid_model.o
    0x24001d74        -       0x0000001e   Zero   RW         5710    .bss                upper_location.o
    0x24001d92   COMPRESSED   0x00000006   PAD
    0x24001d98        -       0x00000400   Zero   RW            1    STACK               startup_stm32h723xx.o


==============================================================================

Image component sizes


      Code (inc. data)   RO Data    RW Data    ZI Data      Debug   Object Name

       706         66          0          9        552       8520   bsp_fdcan.o
      1160        158          0          3       2720       7916   dm_motor_ctrl.o
       848          8          0          0          0       8277   dm_motor_drv.o
        60          4          0          0          0        950   dma.o
       772         58          0          4        480       3729   fdcan.o
       156          8          0          0          0       1167   gpio.o
      1280        112          0          1        188    1228057   main.o
      8250        340          0          8        384      15048   motorctrl.o
     17764        136          0          0       1572      37473   pid_model.o
         0          0          0        936          0      18881   pid_model_data.o
        36          8        716          0       1024        868   startup_stm32h723xx.o
       184         36          0         12          0      23285   stm32h7xx_hal.o
       354         28          0          0          0      42237   stm32h7xx_hal_cortex.o
      5980        242          8          0          0      12418   stm32h7xx_hal_dma.o
      2954         50         92          0          0      24248   stm32h7xx_hal_fdcan.o
       550         44          0          0          0       2412   stm32h7xx_hal_gpio.o
        28          6          0          0          0        978   stm32h7xx_hal_msp.o
        84          6          0          0          0        825   stm32h7xx_hal_pwr_ex.o
      2374        102          0          0          0       7372   stm32h7xx_hal_rcc.o
      3622        112          0          0          0       8049   stm32h7xx_hal_rcc_ex.o
       868         84          0          0          0       7345   stm32h7xx_hal_tim.o
       190         38          0          0          0       3448   stm32h7xx_hal_tim_ex.o
      3146        166         24          0          0      35702   stm32h7xx_hal_uart.o
       290          6         16          0          0       5790   stm32h7xx_hal_uart_ex.o
       156         64          0          0          0       9443   stm32h7xx_it.o
       192         34         16          8          0       1570   system_stm32h7xx.o
       132         20          0          0         76       1846   tim.o
        76         12          0         40         30       1739   upper_location.o
       552         48          0          0        536       3077   usart.o

    ----------------------------------------------------------------------
     52806       1996        906       1024       7568    1522670   Object Totals
         0          0         32          0          0          0   (incl. Generated)
        42          0          2          3          6          0   (incl. Padding)

    ----------------------------------------------------------------------

      Code (inc. data)   RO Data    RW Data    ZI Data      Debug   Library Member Name

       528        110        152          0          0        348   atan.o
       456         64          0          0          0        188   atan2.o
       176         18          0          0          0        156   cos.o
       224         42         48          0          0        184   cos_i.o
       116         60          0          0          0        696   dunder.o
        24          0          0          0          0        124   fabs.o
        48          0          0          0          0        124   fpclassify.o
       112          0          0          0          0        116   poly.o
      2296        304        136          0          0        320   pow.o
         0          0          8          0          0          0   qnan.o
       784        138        200          0          0        172   rred.o
       176         18          0          0          0        160   sin.o
       168         24         40          0          0        196   sin_i.o
       208          0          0          0          0        280   sqrt.o
        86          0          0          0          0          0   __dczerorl2.o
         0          0          0          0          0          0   entry.o
         0          0          0          0          0          0   entry10a.o
         0          0          0          0          0          0   entry11a.o
         4          0          0          0          0          0   entry12b.o
         8          4          0          0          0          0   entry2.o
         4          0          0          0          0          0   entry5.o
         0          0          0          0          0          0   entry7b.o
         0          0          0          0          0          0   entry8b.o
         8          4          0          0          0          0   entry9a.o
        12          6          0          4          0         68   errno.o
        30          0          0          0          0          0   handlers.o
        36          8          0          0          0         68   init.o
         0          0          0          0          0          0   iusefp.o
        30          0          0          0          0         68   llshl.o
        32          0          0          0          0         68   llushr.o
        36          0          0          0          0         68   memcpya.o
        36          0          0          0          0        108   memseta.o
        98          0          0          0          0         92   uldiv.o
        46          0          0          0          0         80   dscalb.o

    ----------------------------------------------------------------------
      5792        800        584          4          4       3684   Library Totals
        10          0          0          0          4          0   (incl. Padding)

    ----------------------------------------------------------------------

      Code (inc. data)   RO Data    RW Data    ZI Data      Debug   Library Name

      5316        778        584          0          0       3064   m_wv.l
       420         22          0          4          0        540   mc_w.l
        46          0          0          0          0         80   mf_w.l

    ----------------------------------------------------------------------
      5792        800        584          4          4       3684   Library Totals

    ----------------------------------------------------------------------

==============================================================================


      Code (inc. data)   RO Data    RW Data    ZI Data      Debug   

     58598       2796       1490       1028       7572    1508430   Grand Totals
     58598       2796       1490         44       7572    1508430   ELF Image Totals (compressed)
     58598       2796       1490         44          0          0   ROM Totals

==============================================================================

    Total RO  Size (Code + RO Data)                60088 (  58.68kB)
    Total RW  Size (RW Data + ZI Data)              8600 (   8.40kB)
    Total ROM Size (Code + RO Data + RW Data)      60132 (  58.72kB)

==============================================================================

